
> wc-event-registration@0.0.0 test:ci
> npm run test:coverage


> wc-event-registration@0.0.0 test:coverage
> npm run test:unit -- --coverage


> wc-event-registration@0.0.0 test:unit
> vitest run --exclude "src/__tests__/integration.test.ts" --coverage


[1m[30m[46m RUN [49m[39m[22m [36mv4.1.9 [39m[90m/app[39m
      [2mCoverage enabled with [22m[33mv8[39m


[1m[30m[46m RUN [49m[39m[22m [36mv4.1.9 [39m[90m/app[39m
      [2mCoverage enabled with [22m[33mv8[39m

[90mstdout[2m | src/components/layout/__tests__/AppMobileShell.test.tsx
[22m[39m◇ injected env (0) from .env.local // tip: ⌁ auth for agents [www.vestauth.com]

[90mstdout[2m | src/components/layout/__tests__/AppDrawerNavigation.test.tsx
[22m[39m◇ injected env (0) from .env.local // tip: ⌘ override existing { override: true }

[90mstdout[2m | src/components/layout/__tests__/AdminNavigationDrawer.test.tsx
[22m[39m◇ injected env (0) from .env.local // tip: ⌘ override existing { override: true }

 [31m❯[39m src/components/layout/__tests__/AdminNavigationDrawer.test.tsx [2m([22m[2m0 test[22m[2m)[22m
[90mstdout[2m | src/components/layout/__tests__/AdminNavigationDrawer.test.tsx
[22m[39m◇ injected env (0) from .env.local // tip: ⌘ override existing { override: true }

 [31m❯[39m src/components/layout/__tests__/AdminNavigationDrawer.test.tsx [2m([22m[2m0 test[22m[2m)[22m
 [31m❯[39m src/components/layout/__tests__/AppDrawerNavigation.test.tsx [2m([22m[2m0 test[22m[2m)[22m
[90mstdout[2m | src/components/layout/__tests__/AppDrawerNavigation.test.tsx
[22m[39m◇ injected env (0) from .env.local // tip: ⌘ override existing { override: true }

 [31m❯[39m src/components/layout/__tests__/AppDrawerNavigation.test.tsx [2m([22m[2m0 test[22m[2m)[22m
 [31m❯[39m src/components/layout/__tests__/AppMobileShell.test.tsx [2m([22m[2m0 test[22m[2m)[22m
[90mstdout[2m | src/components/layout/__tests__/AppMobileShell.test.tsx
[22m[39m◇ injected env (0) from .env.local // tip: ⌁ auth for agents [www.vestauth.com]

 [31m❯[39m src/components/layout/__tests__/AppMobileShell.test.tsx [2m([22m[2m0 test[22m[2m)[22m
[90mstdout[2m | src/components/layout/__tests__/AppShell.test.tsx
[22m[39m◇ injected env (0) from .env.local // tip: ⌘ custom filepath { path: '/custom/path/.env' }

[90mstdout[2m | src/components/layout/__tests__/AppShellHeader.test.tsx
[22m[39m◇ injected env (0) from .env.local // tip: ⌘ custom filepath { path: '/custom/path/.env' }

[90mstdout[2m | src/components/ui/__tests__/AdminPaginationControls.test.tsx
[22m[39m◇ injected env (0) from .env.local // tip: ◈ encrypted .env [www.dotenvx.com]

 [31m❯[39m src/components/layout/__tests__/AppShell.test.tsx [2m([22m[2m0 test[22m[2m)[22m
[90mstdout[2m | src/components/layout/__tests__/AppShell.test.tsx
[22m[39m◇ injected env (0) from .env.local // tip: ⌘ custom filepath { path: '/custom/path/.env' }

 [31m❯[39m src/components/layout/__tests__/AppShell.test.tsx [2m([22m[2m0 test[22m[2m)[22m
 [31m❯[39m src/components/layout/__tests__/AppShellHeader.test.tsx [2m([22m[2m0 test[22m[2m)[22m
[90mstdout[2m | src/components/layout/__tests__/AppShellHeader.test.tsx
[22m[39m◇ injected env (0) from .env.local // tip: ⌘ custom filepath { path: '/custom/path/.env' }

 [31m❯[39m src/components/layout/__tests__/AppShellHeader.test.tsx [2m([22m[2m0 test[22m[2m)[22m
 [31m❯[39m src/components/ui/__tests__/AdminPaginationControls.test.tsx [2m([22m[2m0 test[22m[2m)[22m
[90mstdout[2m | src/components/ui/__tests__/AdminPaginationControls.test.tsx
[22m[39m◇ injected env (0) from .env.local // tip: ◈ encrypted .env [www.dotenvx.com]

 [31m❯[39m src/components/ui/__tests__/AdminPaginationControls.test.tsx [2m([22m[2m0 test[22m[2m)[22m
[90mstdout[2m | src/components/ui/__tests__/EventHeaderCard.test.tsx
[22m[39m◇ injected env (0) from .env.local // tip: ⌘ suppress logs { quiet: true }

[90mstdout[2m | src/components/ui/__tests__/WizardStep.test.tsx
[22m[39m◇ injected env (0) from .env.local // tip: ⌘ custom filepath { path: '/custom/path/.env' }

[90mstdout[2m | src/components/ui/__tests__/FormSelectField.test.tsx
[22m[39m◇ injected env (0) from .env.local // tip: ⌘ override existing { override: true }

 [31m❯[39m src/components/ui/__tests__/WizardStep.test.tsx [2m([22m[2m0 test[22m[2m)[22m
[90mstdout[2m | src/components/ui/__tests__/WizardStep.test.tsx
[22m[39m◇ injected env (0) from .env.local // tip: ⌘ custom filepath { path: '/custom/path/.env' }

 [31m❯[39m src/components/ui/__tests__/WizardStep.test.tsx [2m([22m[2m0 test[22m[2m)[22m
 [31m❯[39m src/components/ui/__tests__/FormSelectField.test.tsx [2m([22m[2m0 test[22m[2m)[22m
[90mstdout[2m | src/components/ui/__tests__/FormSelectField.test.tsx
[22m[39m◇ injected env (0) from .env.local // tip: ⌘ override existing { override: true }

 [31m❯[39m src/components/ui/__tests__/FormSelectField.test.tsx [2m([22m[2m0 test[22m[2m)[22m
 [31m❯[39m src/components/ui/__tests__/EventHeaderCard.test.tsx [2m([22m[2m0 test[22m[2m)[22m
[90mstdout[2m | src/components/ui/__tests__/EventHeaderCard.test.tsx
[22m[39m◇ injected env (0) from .env.local // tip: ⌘ suppress logs { quiet: true }

 [31m❯[39m src/components/ui/__tests__/EventHeaderCard.test.tsx [2m([22m[2m0 test[22m[2m)[22m
[90mstdout[2m | src/pages/home/__tests__/HomePage.test.tsx
[22m[39m◇ injected env (0) from .env.local // tip: ⌘ override existing { override: true }

[90mstdout[2m | src/pages/login/__tests__/LoginPage.test.tsx
[22m[39m◇ injected env (0) from .env.local // tip: ⌘ suppress logs { quiet: true }

[90mstdout[2m | src/pages/profile/__tests__/ProfilePage.test.tsx
[22m[39m◇ injected env (0) from .env.local // tip: ⌘ custom filepath { path: '/custom/path/.env' }

 [31m❯[39m src/pages/home/__tests__/HomePage.test.tsx [2m([22m[2m0 test[22m[2m)[22m
[90mstdout[2m | src/pages/home/__tests__/HomePage.test.tsx
[22m[39m◇ injected env (0) from .env.local // tip: ⌘ override existing { override: true }

 [31m❯[39m src/pages/home/__tests__/HomePage.test.tsx [2m([22m[2m0 test[22m[2m)[22m
 [31m❯[39m src/pages/login/__tests__/LoginPage.test.tsx [2m([22m[2m0 test[22m[2m)[22m
[90mstdout[2m | src/pages/login/__tests__/LoginPage.test.tsx
[22m[39m◇ injected env (0) from .env.local // tip: ⌘ suppress logs { quiet: true }

 [31m❯[39m src/pages/login/__tests__/LoginPage.test.tsx [2m([22m[2m0 test[22m[2m)[22m
 [31m❯[39m src/pages/profile/__tests__/ProfilePage.test.tsx [2m([22m[2m0 test[22m[2m)[22m
[90mstdout[2m | src/pages/profile/__tests__/ProfilePage.test.tsx
[22m[39m◇ injected env (0) from .env.local // tip: ⌘ custom filepath { path: '/custom/path/.env' }

 [31m❯[39m src/pages/profile/__tests__/ProfilePage.test.tsx [2m([22m[2m0 test[22m[2m)[22m
[90mstdout[2m | src/hooks/domain/auth/__tests__/roleHooks.test.tsx
[22m[39m◇ injected env (0) from .env.local // tip: ⌘ custom filepath { path: '/custom/path/.env' }

 [31m❯[39m src/hooks/domain/auth/__tests__/roleHooks.test.tsx [2m([22m[2m0 test[22m[2m)[22m
[90mstdout[2m | src/hooks/domain/auth/__tests__/roleHooks.test.tsx
[22m[39m◇ injected env (0) from .env.local // tip: ⌘ custom filepath { path: '/custom/path/.env' }

 [31m❯[39m src/hooks/domain/auth/__tests__/roleHooks.test.tsx [2m([22m[2m0 test[22m[2m)[22m
[90mstdout[2m | src/hooks/domain/auth/__tests__/useAdminAuthQuery.test.ts
[22m[39m◇ injected env (0) from .env.local // tip: ◈ encrypted .env [www.dotenvx.com]

 [31m❯[39m src/hooks/domain/auth/__tests__/useAdminAuthQuery.test.ts [2m([22m[2m0 test[22m[2m)[22m
[90mstdout[2m | src/hooks/domain/auth/__tests__/useAdminAuthQuery.test.ts
[22m[39m◇ injected env (0) from .env.local // tip: ◈ encrypted .env [www.dotenvx.com]

 [31m❯[39m src/hooks/domain/auth/__tests__/useAdminAuthQuery.test.ts [2m([22m[2m0 test[22m[2m)[22m
[90mstdout[2m | src/hooks/domain/auth/__tests__/useAdminLoginMutation.test.ts
[22m[39m◇ injected env (0) from .env.local // tip: ◈ encrypted .env [www.dotenvx.com]

 [31m❯[39m src/hooks/domain/auth/__tests__/useAdminLoginMutation.test.ts [2m([22m[2m0 test[22m[2m)[22m
[90mstdout[2m | src/hooks/domain/auth/__tests__/useAdminLoginMutation.test.ts
[22m[39m◇ injected env (0) from .env.local // tip: ◈ encrypted .env [www.dotenvx.com]

 [31m❯[39m src/hooks/domain/auth/__tests__/useAdminLoginMutation.test.ts [2m([22m[2m0 test[22m[2m)[22m
[90mstdout[2m | src/hooks/domain/auth/__tests__/useAdminLogoutMutation.test.ts
[22m[39m◇ injected env (0) from .env.local // tip: ◈ secrets for agents [www.dotenvx.com]

[90mstdout[2m | src/hooks/domain/auth/__tests__/useGoogleLoginMutation.test.ts
[22m[39m◇ injected env (0) from .env.local // tip: ⌘ custom filepath { path: '/custom/path/.env' }

 [31m❯[39m src/hooks/domain/auth/__tests__/useAdminLogoutMutation.test.ts [2m([22m[2m0 test[22m[2m)[22m
[90mstdout[2m | src/hooks/domain/auth/__tests__/useAdminLogoutMutation.test.ts
[22m[39m◇ injected env (0) from .env.local // tip: ◈ secrets for agents [www.dotenvx.com]

 [31m❯[39m src/hooks/domain/auth/__tests__/useAdminLogoutMutation.test.ts [2m([22m[2m0 test[22m[2m)[22m
 [31m❯[39m src/hooks/domain/auth/__tests__/useGoogleLoginMutation.test.ts [2m([22m[2m0 test[22m[2m)[22m
[90mstdout[2m | src/hooks/domain/auth/__tests__/useGoogleLoginMutation.test.ts
[22m[39m◇ injected env (0) from .env.local // tip: ⌘ custom filepath { path: '/custom/path/.env' }

 [31m❯[39m src/hooks/domain/auth/__tests__/useGoogleLoginMutation.test.ts [2m([22m[2m0 test[22m[2m)[22m
[90mstdout[2m | src/hooks/domain/registrations/__tests__/useCancelRegistrationMutation.test.ts
[22m[39m◇ injected env (0) from .env.local // tip: ◈ secrets for agents [www.dotenvx.com]

[90mstdout[2m | src/hooks/domain/registrations/__tests__/useReactivateRegistrationMutation.test.ts
[22m[39m◇ injected env (0) from .env.local // tip: ◈ encrypted .env [www.dotenvx.com]

 [31m❯[39m src/hooks/domain/registrations/__tests__/useCancelRegistrationMutation.test.ts [2m([22m[2m0 test[22m[2m)[22m
[90mstdout[2m | src/hooks/domain/registrations/__tests__/useCancelRegistrationMutation.test.ts
[22m[39m◇ injected env (0) from .env.local // tip: ◈ secrets for agents [www.dotenvx.com]

 [31m❯[39m src/hooks/domain/registrations/__tests__/useCancelRegistrationMutation.test.ts [2m([22m[2m0 test[22m[2m)[22m
[90mstdout[2m | src/hooks/domain/registrations/__tests__/useSubmitRegistrationMutation.test.ts
[22m[39m◇ injected env (0) from .env.local // tip: ⌘ multiple files { path: ['.env.local', '.env'] }

 [31m❯[39m src/hooks/domain/registrations/__tests__/useReactivateRegistrationMutation.test.ts [2m([22m[2m0 test[22m[2m)[22m
[90mstdout[2m | src/hooks/domain/registrations/__tests__/useReactivateRegistrationMutation.test.ts
[22m[39m◇ injected env (0) from .env.local // tip: ◈ encrypted .env [www.dotenvx.com]

 [31m❯[39m src/hooks/domain/registrations/__tests__/useReactivateRegistrationMutation.test.ts [2m([22m[2m0 test[22m[2m)[22m
 [31m❯[39m src/hooks/domain/registrations/__tests__/useSubmitRegistrationMutation.test.ts [2m([22m[2m0 test[22m[2m)[22m
[90mstdout[2m | src/hooks/domain/registrations/__tests__/useSubmitRegistrationMutation.test.ts
[22m[39m◇ injected env (0) from .env.local // tip: ⌘ multiple files { path: ['.env.local', '.env'] }

 [31m❯[39m src/hooks/domain/registrations/__tests__/useSubmitRegistrationMutation.test.ts [2m([22m[2m0 test[22m[2m)[22m
[90mstdout[2m | src/lib/domain/admin-audit/__tests__/mutations.test.ts
[22m[39m◇ injected env (0) from .env.local // tip: ⌘ override existing { override: true }

 [31m❯[39m src/lib/domain/admin-audit/__tests__/mutations.test.ts [2m([22m[2m0 test[22m[2m)[22m
[90mstdout[2m | src/lib/domain/admin-audit/__tests__/mutations.test.ts
[22m[39m◇ injected env (0) from .env.local // tip: ⌘ override existing { override: true }

 [31m❯[39m src/lib/domain/admin-audit/__tests__/mutations.test.ts [2m([22m[2m0 test[22m[2m)[22m
[90mstdout[2m | src/lib/domain/auth/__tests__/queries.test.ts
[22m[39m◇ injected env (0) from .env.local // tip: ⌁ auth for agents [www.vestauth.com]

 [31m❯[39m src/lib/domain/auth/__tests__/queries.test.ts [2m([22m[2m0 test[22m[2m)[22m
[90mstdout[2m | src/lib/domain/auth/__tests__/queries.test.ts
[22m[39m◇ injected env (0) from .env.local // tip: ⌁ auth for agents [www.vestauth.com]

 [31m❯[39m src/lib/domain/auth/__tests__/queries.test.ts [2m([22m[2m0 test[22m[2m)[22m
[90mstdout[2m | src/pages/admin/events/__tests__/AdminEventsPage.test.tsx
[22m[39m◇ injected env (0) from .env.local // tip: ⌘ multiple files { path: ['.env.local', '.env'] }

[90mstdout[2m | src/pages/admin/members/__tests__/AdminMembersPage.test.tsx
[22m[39m◇ injected env (0) from .env.local // tip: ⌘ multiple files { path: ['.env.local', '.env'] }

[90mstdout[2m | src/pages/home/components/__tests__/EventCard.test.tsx
[22m[39m◇ injected env (0) from .env.local // tip: ⌘ multiple files { path: ['.env.local', '.env'] }

 [31m❯[39m src/pages/admin/events/__tests__/AdminEventsPage.test.tsx [2m([22m[2m0 test[22m[2m)[22m
[90mstdout[2m | src/pages/admin/events/__tests__/AdminEventsPage.test.tsx
[22m[39m◇ injected env (0) from .env.local // tip: ⌘ multiple files { path: ['.env.local', '.env'] }

 [31m❯[39m src/pages/admin/events/__tests__/AdminEventsPage.test.tsx [2m([22m[2m0 test[22m[2m)[22m
 [31m❯[39m src/pages/admin/members/__tests__/AdminMembersPage.test.tsx [2m([22m[2m0 test[22m[2m)[22m
[90mstdout[2m | src/pages/admin/members/__tests__/AdminMembersPage.test.tsx
[22m[39m◇ injected env (0) from .env.local // tip: ⌘ multiple files { path: ['.env.local', '.env'] }

 [31m❯[39m src/pages/admin/members/__tests__/AdminMembersPage.test.tsx [2m([22m[2m0 test[22m[2m)[22m
 [31m❯[39m src/pages/home/components/__tests__/EventCard.test.tsx [2m([22m[2m0 test[22m[2m)[22m
[90mstdout[2m | src/pages/home/components/__tests__/EventCard.test.tsx
[22m[39m◇ injected env (0) from .env.local // tip: ⌘ multiple files { path: ['.env.local', '.env'] }

 [31m❯[39m src/pages/home/components/__tests__/EventCard.test.tsx [2m([22m[2m0 test[22m[2m)[22m
[90mstdout[2m | src/pages/home/components/__tests__/FormCard.test.tsx
[22m[39m◇ injected env (0) from .env.local // tip: ⌘ multiple files { path: ['.env.local', '.env'] }

[90mstdout[2m | src/pages/home/components/__tests__/HubSection.test.tsx
[22m[39m◇ injected env (0) from .env.local // tip: ⌘ override existing { override: true }

[90mstdout[2m | src/pages/home/components/__tests__/PastEventList.test.tsx
[22m[39m◇ injected env (0) from .env.local // tip: ⌘ suppress logs { quiet: true }

 [31m❯[39m src/pages/home/components/__tests__/HubSection.test.tsx [2m([22m[2m0 test[22m[2m)[22m
[90mstdout[2m | src/pages/home/components/__tests__/HubSection.test.tsx
[22m[39m◇ injected env (0) from .env.local // tip: ⌘ override existing { override: true }

 [31m❯[39m src/pages/home/components/__tests__/HubSection.test.tsx [2m([22m[2m0 test[22m[2m)[22m
 [31m❯[39m src/pages/home/components/__tests__/FormCard.test.tsx [2m([22m[2m0 test[22m[2m)[22m
[90mstdout[2m | src/pages/home/components/__tests__/FormCard.test.tsx
[22m[39m◇ injected env (0) from .env.local // tip: ⌘ multiple files { path: ['.env.local', '.env'] }

 [31m❯[39m src/pages/home/components/__tests__/FormCard.test.tsx [2m([22m[2m0 test[22m[2m)[22m
 [31m❯[39m src/pages/home/components/__tests__/PastEventList.test.tsx [2m([22m[2m0 test[22m[2m)[22m
[90mstdout[2m | src/pages/home/components/__tests__/PastEventList.test.tsx
[22m[39m◇ injected env (0) from .env.local // tip: ⌘ suppress logs { quiet: true }

 [31m❯[39m src/pages/home/components/__tests__/PastEventList.test.tsx [2m([22m[2m0 test[22m[2m)[22m
[90mstdout[2m | src/pages/member/[id]/__tests__/MemberProfilePage.test.tsx
[22m[39m◇ injected env (0) from .env.local // tip: ⌘ custom filepath { path: '/custom/path/.env' }

[90mstdout[2m | src/hooks/domain/attendance/mutations/__tests__/useAttendanceBulkCsvMutations.test.ts
[22m[39m◇ injected env (0) from .env.local // tip: ◈ secrets for agents [www.dotenvx.com]

[90mstdout[2m | src/hooks/domain/attendance/mutations/__tests__/useCheckInAttendeeMutation.test.ts
[22m[39m◇ injected env (0) from .env.local // tip: ⌘ multiple files { path: ['.env.local', '.env'] }

 [31m❯[39m src/hooks/domain/attendance/mutations/__tests__/useCheckInAttendeeMutation.test.ts [2m([22m[2m0 test[22m[2m)[22m
[90mstdout[2m | src/hooks/domain/attendance/mutations/__tests__/useCheckInAttendeeMutation.test.ts
[22m[39m◇ injected env (0) from .env.local // tip: ⌘ multiple files { path: ['.env.local', '.env'] }

 [31m❯[39m src/hooks/domain/attendance/mutations/__tests__/useCheckInAttendeeMutation.test.ts [2m([22m[2m0 test[22m[2m)[22m
 [31m❯[39m src/hooks/domain/attendance/mutations/__tests__/useAttendanceBulkCsvMutations.test.ts [2m([22m[2m0 test[22m[2m)[22m
[90mstdout[2m | src/hooks/domain/attendance/mutations/__tests__/useAttendanceBulkCsvMutations.test.ts
[22m[39m◇ injected env (0) from .env.local // tip: ◈ secrets for agents [www.dotenvx.com]

 [31m❯[39m src/hooks/domain/attendance/mutations/__tests__/useAttendanceBulkCsvMutations.test.ts [2m([22m[2m0 test[22m[2m)[22m
 [31m❯[39m src/pages/member/[id]/__tests__/MemberProfilePage.test.tsx [2m([22m[2m0 test[22m[2m)[22m
[90mstdout[2m | src/pages/member/[id]/__tests__/MemberProfilePage.test.tsx
[22m[39m◇ injected env (0) from .env.local // tip: ⌘ custom filepath { path: '/custom/path/.env' }

 [31m❯[39m src/pages/member/[id]/__tests__/MemberProfilePage.test.tsx [2m([22m[2m0 test[22m[2m)[22m
[90mstdout[2m | src/hooks/domain/attendance/mutations/__tests__/useDeleteAttendanceSavedViewMutation.test.ts
[22m[39m◇ injected env (0) from .env.local // tip: ⌘ suppress logs { quiet: true }

[90mstdout[2m | src/hooks/domain/attendance/mutations/__tests__/useQueuedCheckInAttendeeMutation.test.ts
[22m[39m◇ injected env (0) from .env.local // tip: ⌁ auth for agents [www.vestauth.com]

[90mstdout[2m | src/hooks/domain/attendance/mutations/__tests__/useUpdateAttendanceSettingsMutation.test.ts
[22m[39m◇ injected env (0) from .env.local // tip: ⌘ enable debugging { debug: true }

 [31m❯[39m src/hooks/domain/attendance/mutations/__tests__/useQueuedCheckInAttendeeMutation.test.ts [2m([22m[2m0 test[22m[2m)[22m
[90mstdout[2m | src/hooks/domain/attendance/mutations/__tests__/useQueuedCheckInAttendeeMutation.test.ts
[22m[39m◇ injected env (0) from .env.local // tip: ⌁ auth for agents [www.vestauth.com]

 [31m❯[39m src/hooks/domain/attendance/mutations/__tests__/useQueuedCheckInAttendeeMutation.test.ts [2m([22m[2m0 test[22m[2m)[22m
 [31m❯[39m src/hooks/domain/attendance/mutations/__tests__/useDeleteAttendanceSavedViewMutation.test.ts [2m([22m[2m0 test[22m[2m)[22m
[90mstdout[2m | src/hooks/domain/attendance/mutations/__tests__/useDeleteAttendanceSavedViewMutation.test.ts
[22m[39m◇ injected env (0) from .env.local // tip: ⌘ suppress logs { quiet: true }

 [31m❯[39m src/hooks/domain/attendance/mutations/__tests__/useDeleteAttendanceSavedViewMutation.test.ts [2m([22m[2m0 test[22m[2m)[22m
 [31m❯[39m src/hooks/domain/attendance/mutations/__tests__/useUpdateAttendanceSettingsMutation.test.ts [2m([22m[2m0 test[22m[2m)[22m
[90mstdout[2m | src/hooks/domain/attendance/mutations/__tests__/useUpdateAttendanceSettingsMutation.test.ts
[22m[39m◇ injected env (0) from .env.local // tip: ⌘ enable debugging { debug: true }

 [31m❯[39m src/hooks/domain/attendance/mutations/__tests__/useUpdateAttendanceSettingsMutation.test.ts [2m([22m[2m0 test[22m[2m)[22m
[90mstdout[2m | src/hooks/domain/attendance/mutations/__tests__/useUpsertAttendanceAnswersMutation.test.ts
[22m[39m◇ injected env (0) from .env.local // tip: ◈ encrypted .env [www.dotenvx.com]

[90mstdout[2m | src/hooks/domain/attendance/mutations/__tests__/useUpsertAttendanceSavedViewMutation.test.ts
[22m[39m◇ injected env (0) from .env.local // tip: ⌘ suppress logs { quiet: true }

[90mstdout[2m | src/hooks/domain/attendance/queries/__tests__/useAttendanceSavedViewQuery.test.ts
[22m[39m◇ injected env (0) from .env.local // tip: ⌘ suppress logs { quiet: true }

 [31m❯[39m src/hooks/domain/attendance/mutations/__tests__/useUpsertAttendanceAnswersMutation.test.ts [2m([22m[2m0 test[22m[2m)[22m
[90mstdout[2m | src/hooks/domain/attendance/mutations/__tests__/useUpsertAttendanceAnswersMutation.test.ts
[22m[39m◇ injected env (0) from .env.local // tip: ◈ encrypted .env [www.dotenvx.com]

 [31m❯[39m src/hooks/domain/attendance/mutations/__tests__/useUpsertAttendanceAnswersMutation.test.ts [2m([22m[2m0 test[22m[2m)[22m
 [31m❯[39m src/hooks/domain/attendance/queries/__tests__/useAttendanceSavedViewQuery.test.ts [2m([22m[2m0 test[22m[2m)[22m
[90mstdout[2m | src/hooks/domain/attendance/queries/__tests__/useAttendanceSavedViewQuery.test.ts
[22m[39m◇ injected env (0) from .env.local // tip: ⌘ suppress logs { quiet: true }

 [31m❯[39m src/hooks/domain/attendance/queries/__tests__/useAttendanceSavedViewQuery.test.ts [2m([22m[2m0 test[22m[2m)[22m
 [31m❯[39m src/hooks/domain/attendance/mutations/__tests__/useUpsertAttendanceSavedViewMutation.test.ts [2m([22m[2m0 test[22m[2m)[22m
[90mstdout[2m | src/hooks/domain/attendance/mutations/__tests__/useUpsertAttendanceSavedViewMutation.test.ts
[22m[39m◇ injected env (0) from .env.local // tip: ⌘ suppress logs { quiet: true }

 [31m❯[39m src/hooks/domain/attendance/mutations/__tests__/useUpsertAttendanceSavedViewMutation.test.ts [2m([22m[2m0 test[22m[2m)[22m
[90mstdout[2m | src/hooks/domain/attendance/queries/__tests__/useAttendanceSavedViewsQuery.test.ts
[22m[39m◇ injected env (0) from .env.local // tip: ⌘ custom filepath { path: '/custom/path/.env' }

[90mstdout[2m | src/hooks/domain/attendance/queries/__tests__/useAttendanceSettingsQuery.test.ts
[22m[39m◇ injected env (0) from .env.local // tip: ⌘ suppress logs { quiet: true }

 [31m❯[39m src/hooks/domain/attendance/queries/__tests__/useAttendanceSavedViewsQuery.test.ts [2m([22m[2m0 test[22m[2m)[22m
[90mstdout[2m | src/hooks/domain/attendance/queries/__tests__/useAttendanceSavedViewsQuery.test.ts
[22m[39m◇ injected env (0) from .env.local // tip: ⌘ custom filepath { path: '/custom/path/.env' }

 [31m❯[39m src/hooks/domain/attendance/queries/__tests__/useAttendanceSavedViewsQuery.test.ts [2m([22m[2m0 test[22m[2m)[22m
[90mstdout[2m | src/hooks/domain/attendance/queries/__tests__/useAttendanceSlotSummariesQuery.test.ts
[22m[39m◇ injected env (0) from .env.local // tip: ⌘ suppress logs { quiet: true }

 [31m❯[39m src/hooks/domain/attendance/queries/__tests__/useAttendanceSettingsQuery.test.ts [2m([22m[2m0 test[22m[2m)[22m
[90mstdout[2m | src/hooks/domain/attendance/queries/__tests__/useAttendanceSettingsQuery.test.ts
[22m[39m◇ injected env (0) from .env.local // tip: ⌘ suppress logs { quiet: true }

 [31m❯[39m src/hooks/domain/attendance/queries/__tests__/useAttendanceSettingsQuery.test.ts [2m([22m[2m0 test[22m[2m)[22m
 [31m❯[39m src/hooks/domain/attendance/queries/__tests__/useAttendanceSlotSummariesQuery.test.ts [2m([22m[2m0 test[22m[2m)[22m
[90mstdout[2m | src/hooks/domain/attendance/queries/__tests__/useAttendanceSlotSummariesQuery.test.ts
[22m[39m◇ injected env (0) from .env.local // tip: ⌘ suppress logs { quiet: true }

 [31m❯[39m src/hooks/domain/attendance/queries/__tests__/useAttendanceSlotSummariesQuery.test.ts [2m([22m[2m0 test[22m[2m)[22m
[90mstdout[2m | src/hooks/domain/attendance/queries/__tests__/useAttendanceUnregisteredMembersQuery.test.ts
[22m[39m◇ injected env (0) from .env.local // tip: ⌘ multiple files { path: ['.env.local', '.env'] }

[90mstdout[2m | src/hooks/domain/attendance/queries/__tests__/useAttendeesLocalCacheQuery.test.ts
[22m[39m◇ injected env (0) from .env.local // tip: ⌁ auth for agents [www.vestauth.com]

 [31m❯[39m src/hooks/domain/attendance/queries/__tests__/useAttendanceUnregisteredMembersQuery.test.ts [2m([22m[2m0 test[22m[2m)[22m
[90mstdout[2m | src/hooks/domain/attendance/queries/__tests__/useAttendanceUnregisteredMembersQuery.test.ts
[22m[39m◇ injected env (0) from .env.local // tip: ⌘ multiple files { path: ['.env.local', '.env'] }

 [31m❯[39m src/hooks/domain/attendance/queries/__tests__/useAttendanceUnregisteredMembersQuery.test.ts [2m([22m[2m0 test[22m[2m)[22m
[90mstdout[2m | src/hooks/domain/attendance/queries/__tests__/useSearchAttendeesQuery.test.ts
[22m[39m◇ injected env (0) from .env.local // tip: ⌁ auth for agents [www.vestauth.com]

 [31m❯[39m src/hooks/domain/attendance/queries/__tests__/useAttendeesLocalCacheQuery.test.ts [2m([22m[2m0 test[22m[2m)[22m
[90mstdout[2m | src/hooks/domain/attendance/queries/__tests__/useAttendeesLocalCacheQuery.test.ts
[22m[39m◇ injected env (0) from .env.local // tip: ⌁ auth for agents [www.vestauth.com]

 [31m❯[39m src/hooks/domain/attendance/queries/__tests__/useAttendeesLocalCacheQuery.test.ts [2m([22m[2m0 test[22m[2m)[22m
 [31m❯[39m src/hooks/domain/attendance/queries/__tests__/useSearchAttendeesQuery.test.ts [2m([22m[2m0 test[22m[2m)[22m
[90mstdout[2m | src/hooks/domain/attendance/queries/__tests__/useSearchAttendeesQuery.test.ts
[22m[39m◇ injected env (0) from .env.local // tip: ⌁ auth for agents [www.vestauth.com]

 [31m❯[39m src/hooks/domain/attendance/queries/__tests__/useSearchAttendeesQuery.test.ts [2m([22m[2m0 test[22m[2m)[22m
[90mstdout[2m | src/hooks/domain/attendance/state/__tests__/useAttendanceCheckInRealtime.test.ts
[22m[39m◇ injected env (0) from .env.local // tip: ⌘ suppress logs { quiet: true }

 [31m❯[39m src/hooks/domain/attendance/state/__tests__/useAttendanceCheckInRealtime.test.ts [2m([22m[2m0 test[22m[2m)[22m
[90mstdout[2m | src/hooks/domain/attendance/state/__tests__/useAttendanceCheckInRealtime.test.ts
[22m[39m◇ injected env (0) from .env.local // tip: ⌘ suppress logs { quiet: true }

 [31m❯[39m src/hooks/domain/attendance/state/__tests__/useAttendanceCheckInRealtime.test.ts [2m([22m[2m0 test[22m[2m)[22m
[90mstdout[2m | src/hooks/domain/attendance/state/__tests__/useOfflineAttendanceDataSnapshot.test.ts
[22m[39m◇ injected env (0) from .env.local // tip: ◈ secrets for agents [www.dotenvx.com]

[90mstdout[2m | src/hooks/domain/attendance/state/__tests__/useAttendanceSlotRecordRealtime.test.ts
[22m[39m◇ injected env (0) from .env.local // tip: ◈ secrets for agents [www.dotenvx.com]

 [31m❯[39m src/hooks/domain/attendance/state/__tests__/useAttendanceSlotRecordRealtime.test.ts [2m([22m[2m0 test[22m[2m)[22m
[90mstdout[2m | src/hooks/domain/attendance/state/__tests__/useAttendanceSlotRecordRealtime.test.ts
[22m[39m◇ injected env (0) from .env.local // tip: ◈ secrets for agents [www.dotenvx.com]

 [31m❯[39m src/hooks/domain/attendance/state/__tests__/useAttendanceSlotRecordRealtime.test.ts [2m([22m[2m0 test[22m[2m)[22m
 [31m❯[39m src/hooks/domain/attendance/state/__tests__/useOfflineAttendanceDataSnapshot.test.ts [2m([22m[2m0 test[22m[2m)[22m
[90mstdout[2m | src/hooks/domain/attendance/state/__tests__/useOfflineAttendanceDataSnapshot.test.ts
[22m[39m◇ injected env (0) from .env.local // tip: ◈ secrets for agents [www.dotenvx.com]

 [31m❯[39m src/hooks/domain/attendance/state/__tests__/useOfflineAttendanceDataSnapshot.test.ts [2m([22m[2m0 test[22m[2m)[22m
[90mstdout[2m | src/hooks/domain/attendance/state/__tests__/useOfflineCheckInEventSettings.test.ts
[22m[39m◇ injected env (0) from .env.local // tip: ⌘ multiple files { path: ['.env.local', '.env'] }

 [31m❯[39m src/hooks/domain/attendance/state/__tests__/useOfflineCheckInEventSettings.test.ts [2m([22m[2m0 test[22m[2m)[22m
[90mstdout[2m | src/hooks/domain/attendance/state/__tests__/useOfflineCheckInEventSettings.test.ts
[22m[39m◇ injected env (0) from .env.local // tip: ⌘ multiple files { path: ['.env.local', '.env'] }

 [31m❯[39m src/hooks/domain/attendance/state/__tests__/useOfflineCheckInEventSettings.test.ts [2m([22m[2m0 test[22m[2m)[22m
[90mstdout[2m | src/hooks/domain/attendance-fields/mutations/__tests__/useCreateAttendanceFieldMutation.test.ts
[22m[39m◇ injected env (0) from .env.local // tip: ⌘ multiple files { path: ['.env.local', '.env'] }

[90mstdout[2m | src/hooks/domain/attendance-fields/mutations/__tests__/useDeleteAttendanceFieldMutation.test.ts
[22m[39m◇ injected env (0) from .env.local // tip: ⌘ enable debugging { debug: true }

 [31m❯[39m src/hooks/domain/attendance-fields/mutations/__tests__/useCreateAttendanceFieldMutation.test.ts [2m([22m[2m0 test[22m[2m)[22m
[90mstdout[2m | src/hooks/domain/attendance-fields/mutations/__tests__/useCreateAttendanceFieldMutation.test.ts
[22m[39m◇ injected env (0) from .env.local // tip: ⌘ multiple files { path: ['.env.local', '.env'] }

 [31m❯[39m src/hooks/domain/attendance-fields/mutations/__tests__/useCreateAttendanceFieldMutation.test.ts [2m([22m[2m0 test[22m[2m)[22m
 [31m❯[39m src/hooks/domain/attendance-fields/mutations/__tests__/useDeleteAttendanceFieldMutation.test.ts [2m([22m[2m0 test[22m[2m)[22m
[90mstdout[2m | src/hooks/domain/attendance-fields/mutations/__tests__/useDeleteAttendanceFieldMutation.test.ts
[22m[39m◇ injected env (0) from .env.local // tip: ⌘ enable debugging { debug: true }

 [31m❯[39m src/hooks/domain/attendance-fields/mutations/__tests__/useDeleteAttendanceFieldMutation.test.ts [2m([22m[2m0 test[22m[2m)[22m
[90mstdout[2m | src/hooks/domain/attendance-fields/mutations/__tests__/useReorderAttendanceFieldsMutation.test.ts
[22m[39m◇ injected env (0) from .env.local // tip: ◈ secrets for agents [www.dotenvx.com]

 [31m❯[39m src/hooks/domain/attendance-fields/mutations/__tests__/useReorderAttendanceFieldsMutation.test.ts [2m([22m[2m0 test[22m[2m)[22m
[90mstdout[2m | src/hooks/domain/attendance-fields/mutations/__tests__/useReorderAttendanceFieldsMutation.test.ts
[22m[39m◇ injected env (0) from .env.local // tip: ◈ secrets for agents [www.dotenvx.com]

 [31m❯[39m src/hooks/domain/attendance-fields/mutations/__tests__/useReorderAttendanceFieldsMutation.test.ts [2m([22m[2m0 test[22m[2m)[22m
[90mstdout[2m | src/hooks/domain/attendance-fields/mutations/__tests__/useUpdateAttendanceFieldMutation.test.ts
[22m[39m◇ injected env (0) from .env.local // tip: ⌘ custom filepath { path: '/custom/path/.env' }

[90mstdout[2m | src/hooks/domain/attendance-fields/queries/__tests__/useAttendanceFieldsQuery.test.ts
[22m[39m◇ injected env (0) from .env.local // tip: ⌁ auth for agents [www.vestauth.com]

 [31m❯[39m src/hooks/domain/attendance-fields/mutations/__tests__/useUpdateAttendanceFieldMutation.test.ts [2m([22m[2m0 test[22m[2m)[22m
[90mstdout[2m | src/hooks/domain/attendance-fields/mutations/__tests__/useUpdateAttendanceFieldMutation.test.ts
[22m[39m◇ injected env (0) from .env.local // tip: ⌘ custom filepath { path: '/custom/path/.env' }

 [31m❯[39m src/hooks/domain/attendance-fields/mutations/__tests__/useUpdateAttendanceFieldMutation.test.ts [2m([22m[2m0 test[22m[2m)[22m
 [31m❯[39m src/hooks/domain/attendance-fields/queries/__tests__/useAttendanceFieldsQuery.test.ts [2m([22m[2m0 test[22m[2m)[22m
[90mstdout[2m | src/hooks/domain/attendance-fields/queries/__tests__/useAttendanceFieldsQuery.test.ts
[22m[39m◇ injected env (0) from .env.local // tip: ⌁ auth for agents [www.vestauth.com]

 [31m❯[39m src/hooks/domain/attendance-fields/queries/__tests__/useAttendanceFieldsQuery.test.ts [2m([22m[2m0 test[22m[2m)[22m
[90mstdout[2m | src/hooks/domain/event-fields/mutations/__tests__/useCreateEventFieldMutation.test.ts
[22m[39m◇ injected env (0) from .env.local // tip: ⌘ override existing { override: true }

 [31m❯[39m src/hooks/domain/event-fields/mutations/__tests__/useCreateEventFieldMutation.test.ts [2m([22m[2m0 test[22m[2m)[22m
[90mstdout[2m | src/hooks/domain/event-fields/mutations/__tests__/useCreateEventFieldMutation.test.ts
[22m[39m◇ injected env (0) from .env.local // tip: ⌘ override existing { override: true }

 [31m❯[39m src/hooks/domain/event-fields/mutations/__tests__/useCreateEventFieldMutation.test.ts [2m([22m[2m0 test[22m[2m)[22m
[90mstdout[2m | src/hooks/domain/event-fields/mutations/__tests__/useDeleteEventFieldMutation.test.ts
[22m[39m◇ injected env (0) from .env.local // tip: ◈ encrypted .env [www.dotenvx.com]

[90mstdout[2m | src/hooks/domain/event-fields/mutations/__tests__/useReorderEventFieldsMutation.test.ts
[22m[39m◇ injected env (0) from .env.local // tip: ⌘ multiple files { path: ['.env.local', '.env'] }

 [31m❯[39m src/hooks/domain/event-fields/mutations/__tests__/useDeleteEventFieldMutation.test.ts [2m([22m[2m0 test[22m[2m)[22m
[90mstdout[2m | src/hooks/domain/event-fields/mutations/__tests__/useDeleteEventFieldMutation.test.ts
[22m[39m◇ injected env (0) from .env.local // tip: ◈ encrypted .env [www.dotenvx.com]

 [31m❯[39m src/hooks/domain/event-fields/mutations/__tests__/useDeleteEventFieldMutation.test.ts [2m([22m[2m0 test[22m[2m)[22m
 [31m❯[39m src/hooks/domain/event-fields/mutations/__tests__/useReorderEventFieldsMutation.test.ts [2m([22m[2m0 test[22m[2m)[22m
[90mstdout[2m | src/hooks/domain/event-fields/mutations/__tests__/useReorderEventFieldsMutation.test.ts
[22m[39m◇ injected env (0) from .env.local // tip: ⌘ multiple files { path: ['.env.local', '.env'] }

 [31m❯[39m src/hooks/domain/event-fields/mutations/__tests__/useReorderEventFieldsMutation.test.ts [2m([22m[2m0 test[22m[2m)[22m
[90mstdout[2m | src/hooks/domain/event-fields/mutations/__tests__/useUpdateEventFieldMutation.test.ts
[22m[39m◇ injected env (0) from .env.local // tip: ⌘ suppress logs { quiet: true }

 [31m❯[39m src/hooks/domain/event-fields/mutations/__tests__/useUpdateEventFieldMutation.test.ts [2m([22m[2m0 test[22m[2m)[22m
[90mstdout[2m | src/hooks/domain/event-fields/mutations/__tests__/useUpdateEventFieldMutation.test.ts
[22m[39m◇ injected env (0) from .env.local // tip: ⌘ suppress logs { quiet: true }

 [31m❯[39m src/hooks/domain/event-fields/mutations/__tests__/useUpdateEventFieldMutation.test.ts [2m([22m[2m0 test[22m[2m)[22m
[90mstdout[2m | src/hooks/domain/event-fields/queries/__tests__/useAdminEventFieldsQuery.test.ts
[22m[39m◇ injected env (0) from .env.local // tip: ⌘ suppress logs { quiet: true }

[90mstdout[2m | src/hooks/domain/event-fields/queries/__tests__/useEventSlotAvailabilityQuery.test.ts
[22m[39m◇ injected env (0) from .env.local // tip: ⌘ suppress logs { quiet: true }

 [31m❯[39m src/hooks/domain/event-fields/queries/__tests__/useAdminEventFieldsQuery.test.ts [2m([22m[2m0 test[22m[2m)[22m
[90mstdout[2m | src/hooks/domain/event-fields/queries/__tests__/useAdminEventFieldsQuery.test.ts
[22m[39m◇ injected env (0) from .env.local // tip: ⌘ suppress logs { quiet: true }

 [31m❯[39m src/hooks/domain/event-fields/queries/__tests__/useAdminEventFieldsQuery.test.ts [2m([22m[2m0 test[22m[2m)[22m
 [31m❯[39m src/hooks/domain/event-fields/queries/__tests__/useEventSlotAvailabilityQuery.test.ts [2m([22m[2m0 test[22m[2m)[22m
[90mstdout[2m | src/hooks/domain/event-fields/queries/__tests__/useEventSlotAvailabilityQuery.test.ts
[22m[39m◇ injected env (0) from .env.local // tip: ⌘ suppress logs { quiet: true }

 [31m❯[39m src/hooks/domain/event-fields/queries/__tests__/useEventSlotAvailabilityQuery.test.ts [2m([22m[2m0 test[22m[2m)[22m
[90mstdout[2m | src/hooks/domain/event-fields/queries/__tests__/usePublicEventFieldsQuery.test.ts
[22m[39m◇ injected env (0) from .env.local // tip: ⌘ override existing { override: true }

[90mstdout[2m | src/hooks/domain/events/mutations/__tests__/useArchiveEventMutation.test.ts
[22m[39m◇ injected env (0) from .env.local // tip: ⌘ enable debugging { debug: true }

[90mstdout[2m | src/hooks/domain/events/mutations/__tests__/useCreateEventMutation.test.ts
[22m[39m◇ injected env (0) from .env.local // tip: ⌘ multiple files { path: ['.env.local', '.env'] }

 [31m❯[39m src/hooks/domain/event-fields/queries/__tests__/usePublicEventFieldsQuery.test.ts [2m([22m[2m0 test[22m[2m)[22m
[90mstdout[2m | src/hooks/domain/event-fields/queries/__tests__/usePublicEventFieldsQuery.test.ts
[22m[39m◇ injected env (0) from .env.local // tip: ⌘ override existing { override: true }

 [31m❯[39m src/hooks/domain/event-fields/queries/__tests__/usePublicEventFieldsQuery.test.ts [2m([22m[2m0 test[22m[2m)[22m
 [31m❯[39m src/hooks/domain/events/mutations/__tests__/useArchiveEventMutation.test.ts [2m([22m[2m0 test[22m[2m)[22m
[90mstdout[2m | src/hooks/domain/events/mutations/__tests__/useArchiveEventMutation.test.ts
[22m[39m◇ injected env (0) from .env.local // tip: ⌘ enable debugging { debug: true }

 [31m❯[39m src/hooks/domain/events/mutations/__tests__/useArchiveEventMutation.test.ts [2m([22m[2m0 test[22m[2m)[22m
 [31m❯[39m src/hooks/domain/events/mutations/__tests__/useCreateEventMutation.test.ts [2m([22m[2m0 test[22m[2m)[22m
[90mstdout[2m | src/hooks/domain/events/mutations/__tests__/useCreateEventMutation.test.ts
[22m[39m◇ injected env (0) from .env.local // tip: ⌘ multiple files { path: ['.env.local', '.env'] }

 [31m❯[39m src/hooks/domain/events/mutations/__tests__/useCreateEventMutation.test.ts [2m([22m[2m0 test[22m[2m)[22m
[90mstdout[2m | src/hooks/domain/events/mutations/__tests__/usePublishEventMutation.test.ts
[22m[39m◇ injected env (0) from .env.local // tip: ⌘ custom filepath { path: '/custom/path/.env' }

[90mstdout[2m | src/hooks/domain/events/mutations/__tests__/useRestoreEventToDraftMutation.test.ts
[22m[39m◇ injected env (0) from .env.local // tip: ⌁ auth for agents [www.vestauth.com]

[90mstdout[2m | src/hooks/domain/events/mutations/__tests__/useUpdateEventMutation.test.ts
[22m[39m◇ injected env (0) from .env.local // tip: ◈ encrypted .env [www.dotenvx.com]

 [31m❯[39m src/hooks/domain/events/mutations/__tests__/usePublishEventMutation.test.ts [2m([22m[2m0 test[22m[2m)[22m
[90mstdout[2m | src/hooks/domain/events/mutations/__tests__/usePublishEventMutation.test.ts
[22m[39m◇ injected env (0) from .env.local // tip: ⌘ custom filepath { path: '/custom/path/.env' }

 [31m❯[39m src/hooks/domain/events/mutations/__tests__/usePublishEventMutation.test.ts [2m([22m[2m0 test[22m[2m)[22m
 [31m❯[39m src/hooks/domain/events/mutations/__tests__/useRestoreEventToDraftMutation.test.ts [2m([22m[2m0 test[22m[2m)[22m
[90mstdout[2m | src/hooks/domain/events/mutations/__tests__/useRestoreEventToDraftMutation.test.ts
[22m[39m◇ injected env (0) from .env.local // tip: ⌁ auth for agents [www.vestauth.com]

 [31m❯[39m src/hooks/domain/events/mutations/__tests__/useRestoreEventToDraftMutation.test.ts [2m([22m[2m0 test[22m[2m)[22m
 [31m❯[39m src/hooks/domain/events/mutations/__tests__/useUpdateEventMutation.test.ts [2m([22m[2m0 test[22m[2m)[22m
[90mstdout[2m | src/hooks/domain/events/mutations/__tests__/useUpdateEventMutation.test.ts
[22m[39m◇ injected env (0) from .env.local // tip: ◈ encrypted .env [www.dotenvx.com]

 [31m❯[39m src/hooks/domain/events/mutations/__tests__/useUpdateEventMutation.test.ts [2m([22m[2m0 test[22m[2m)[22m
[90mstdout[2m | src/hooks/domain/events/queries/__tests__/useAdminEventQuery.test.ts
[22m[39m◇ injected env (0) from .env.local // tip: ◈ encrypted .env [www.dotenvx.com]

[90mstdout[2m | src/hooks/domain/events/queries/__tests__/useAdminEventsQuery.test.ts
[22m[39m◇ injected env (0) from .env.local // tip: ◈ encrypted .env [www.dotenvx.com]

[90mstdout[2m | src/hooks/domain/events/queries/__tests__/usePublicEventListingQuery.test.ts
[22m[39m◇ injected env (0) from .env.local // tip: ◈ secrets for agents [www.dotenvx.com]

 [31m❯[39m src/hooks/domain/events/queries/__tests__/useAdminEventQuery.test.ts [2m([22m[2m0 test[22m[2m)[22m
[90mstdout[2m | src/hooks/domain/events/queries/__tests__/useAdminEventQuery.test.ts
[22m[39m◇ injected env (0) from .env.local // tip: ◈ encrypted .env [www.dotenvx.com]

 [31m❯[39m src/hooks/domain/events/queries/__tests__/useAdminEventQuery.test.ts [2m([22m[2m0 test[22m[2m)[22m
 [31m❯[39m src/hooks/domain/events/queries/__tests__/usePublicEventListingQuery.test.ts [2m([22m[2m0 test[22m[2m)[22m
[90mstdout[2m | src/hooks/domain/events/queries/__tests__/usePublicEventListingQuery.test.ts
[22m[39m◇ injected env (0) from .env.local // tip: ◈ secrets for agents [www.dotenvx.com]

 [31m❯[39m src/hooks/domain/events/queries/__tests__/usePublicEventListingQuery.test.ts [2m([22m[2m0 test[22m[2m)[22m
 [31m❯[39m src/hooks/domain/events/queries/__tests__/useAdminEventsQuery.test.ts [2m([22m[2m0 test[22m[2m)[22m
[90mstdout[2m | src/hooks/domain/events/queries/__tests__/useAdminEventsQuery.test.ts
[22m[39m◇ injected env (0) from .env.local // tip: ◈ encrypted .env [www.dotenvx.com]

 [31m❯[39m src/hooks/domain/events/queries/__tests__/useAdminEventsQuery.test.ts [2m([22m[2m0 test[22m[2m)[22m
[90mstdout[2m | src/hooks/domain/events/queries/__tests__/usePublicEventQuery.test.ts
[22m[39m◇ injected env (0) from .env.local // tip: ◈ secrets for agents [www.dotenvx.com]

[90mstdout[2m | src/hooks/domain/forms/mutations/__tests__/useFormMutations.test.ts
[22m[39m◇ injected env (0) from .env.local // tip: ⌁ auth for agents [www.vestauth.com]

[90mstdout[2m | src/hooks/domain/forms/queries/__tests__/useAdminFormQuery.test.ts
[22m[39m◇ injected env (0) from .env.local // tip: ⌘ enable debugging { debug: true }

 [31m❯[39m src/hooks/domain/forms/mutations/__tests__/useFormMutations.test.ts [2m([22m[2m0 test[22m[2m)[22m
[90mstdout[2m | src/hooks/domain/forms/mutations/__tests__/useFormMutations.test.ts
[22m[39m◇ injected env (0) from .env.local // tip: ⌁ auth for agents [www.vestauth.com]

 [31m❯[39m src/hooks/domain/forms/mutations/__tests__/useFormMutations.test.ts [2m([22m[2m0 test[22m[2m)[22m
 [31m❯[39m src/hooks/domain/events/queries/__tests__/usePublicEventQuery.test.ts [2m([22m[2m0 test[22m[2m)[22m
[90mstdout[2m | src/hooks/domain/events/queries/__tests__/usePublicEventQuery.test.ts
[22m[39m◇ injected env (0) from .env.local // tip: ◈ secrets for agents [www.dotenvx.com]

 [31m❯[39m src/hooks/domain/events/queries/__tests__/usePublicEventQuery.test.ts [2m([22m[2m0 test[22m[2m)[22m
 [31m❯[39m src/hooks/domain/forms/queries/__tests__/useAdminFormQuery.test.ts [2m([22m[2m0 test[22m[2m)[22m
[90mstdout[2m | src/hooks/domain/forms/queries/__tests__/useAdminFormQuery.test.ts
[22m[39m◇ injected env (0) from .env.local // tip: ⌘ enable debugging { debug: true }

 [31m❯[39m src/hooks/domain/forms/queries/__tests__/useAdminFormQuery.test.ts [2m([22m[2m0 test[22m[2m)[22m
[90mstdout[2m | src/hooks/domain/forms/queries/__tests__/useAdminFormsQuery.test.ts
[22m[39m◇ injected env (0) from .env.local // tip: ⌘ suppress logs { quiet: true }

[90mstdout[2m | src/hooks/domain/forms/queries/__tests__/useFormBySlugQuery.test.ts
[22m[39m◇ injected env (0) from .env.local // tip: ⌁ auth for agents [www.vestauth.com]

[90mstdout[2m | src/hooks/domain/forms/queries/__tests__/useFormFieldsQuery.test.ts
[22m[39m◇ injected env (0) from .env.local // tip: ◈ encrypted .env [www.dotenvx.com]

 [31m❯[39m src/hooks/domain/forms/queries/__tests__/useAdminFormsQuery.test.ts [2m([22m[2m0 test[22m[2m)[22m
[90mstdout[2m | src/hooks/domain/forms/queries/__tests__/useAdminFormsQuery.test.ts
[22m[39m◇ injected env (0) from .env.local // tip: ⌘ suppress logs { quiet: true }

 [31m❯[39m src/hooks/domain/forms/queries/__tests__/useAdminFormsQuery.test.ts [2m([22m[2m0 test[22m[2m)[22m
 [31m❯[39m src/hooks/domain/forms/queries/__tests__/useFormBySlugQuery.test.ts [2m([22m[2m0 test[22m[2m)[22m
[90mstdout[2m | src/hooks/domain/forms/queries/__tests__/useFormBySlugQuery.test.ts
[22m[39m◇ injected env (0) from .env.local // tip: ⌁ auth for agents [www.vestauth.com]

 [31m❯[39m src/hooks/domain/forms/queries/__tests__/useFormBySlugQuery.test.ts [2m([22m[2m0 test[22m[2m)[22m
 [31m❯[39m src/hooks/domain/forms/queries/__tests__/useFormFieldsQuery.test.ts [2m([22m[2m0 test[22m[2m)[22m
[90mstdout[2m | src/hooks/domain/forms/queries/__tests__/useFormFieldsQuery.test.ts
[22m[39m◇ injected env (0) from .env.local // tip: ◈ encrypted .env [www.dotenvx.com]

 [31m❯[39m src/hooks/domain/forms/queries/__tests__/useFormFieldsQuery.test.ts [2m([22m[2m0 test[22m[2m)[22m
[90mstdout[2m | src/hooks/domain/forms/queries/__tests__/usePublicFormFieldsQuery.test.ts
[22m[39m◇ injected env (0) from .env.local // tip: ⌘ suppress logs { quiet: true }

[90mstdout[2m | src/hooks/domain/forms/queries/__tests__/useFormSubmissionsQuery.test.ts
[22m[39m◇ injected env (0) from .env.local // tip: ◈ secrets for agents [www.dotenvx.com]

[90mstdout[2m | src/hooks/domain/forms/queries/__tests__/usePublicFormsQuery.test.ts
[22m[39m◇ injected env (0) from .env.local // tip: ⌘ suppress logs { quiet: true }

 [31m❯[39m src/hooks/domain/forms/queries/__tests__/usePublicFormFieldsQuery.test.ts [2m([22m[2m0 test[22m[2m)[22m
[90mstdout[2m | src/hooks/domain/forms/queries/__tests__/usePublicFormFieldsQuery.test.ts
[22m[39m◇ injected env (0) from .env.local // tip: ⌘ suppress logs { quiet: true }

 [31m❯[39m src/hooks/domain/forms/queries/__tests__/usePublicFormFieldsQuery.test.ts [2m([22m[2m0 test[22m[2m)[22m
 [31m❯[39m src/hooks/domain/forms/queries/__tests__/useFormSubmissionsQuery.test.ts [2m([22m[2m0 test[22m[2m)[22m
[90mstdout[2m | src/hooks/domain/forms/queries/__tests__/useFormSubmissionsQuery.test.ts
[22m[39m◇ injected env (0) from .env.local // tip: ◈ secrets for agents [www.dotenvx.com]

 [31m❯[39m src/hooks/domain/forms/queries/__tests__/useFormSubmissionsQuery.test.ts [2m([22m[2m0 test[22m[2m)[22m
 [31m❯[39m src/hooks/domain/forms/queries/__tests__/usePublicFormsQuery.test.ts [2m([22m[2m0 test[22m[2m)[22m
[90mstdout[2m | src/hooks/domain/forms/queries/__tests__/usePublicFormsQuery.test.ts
[22m[39m◇ injected env (0) from .env.local // tip: ⌘ suppress logs { quiet: true }

 [31m❯[39m src/hooks/domain/forms/queries/__tests__/usePublicFormsQuery.test.ts [2m([22m[2m0 test[22m[2m)[22m
[90mstdout[2m | src/hooks/domain/members/mutations/__tests__/useCreateMemberMutation.test.ts
[22m[39m◇ injected env (0) from .env.local // tip: ⌘ custom filepath { path: '/custom/path/.env' }

[90mstdout[2m | src/hooks/domain/members/mutations/__tests__/useBulkUpsertMembersMutation.test.ts
[22m[39m◇ injected env (0) from .env.local // tip: ◈ secrets for agents [www.dotenvx.com]

[90mstdout[2m | src/hooks/domain/members/mutations/__tests__/useRestoreMemberMutation.test.ts
[22m[39m◇ injected env (0) from .env.local // tip: ⌘ enable debugging { debug: true }

 [31m❯[39m src/hooks/domain/members/mutations/__tests__/useBulkUpsertMembersMutation.test.ts [2m([22m[2m0 test[22m[2m)[22m
[90mstdout[2m | src/hooks/domain/members/mutations/__tests__/useBulkUpsertMembersMutation.test.ts
[22m[39m◇ injected env (0) from .env.local // tip: ◈ secrets for agents [www.dotenvx.com]

 [31m❯[39m src/hooks/domain/members/mutations/__tests__/useBulkUpsertMembersMutation.test.ts [2m([22m[2m0 test[22m[2m)[22m
 [31m❯[39m src/hooks/domain/members/mutations/__tests__/useCreateMemberMutation.test.ts [2m([22m[2m0 test[22m[2m)[22m
[90mstdout[2m | src/hooks/domain/members/mutations/__tests__/useCreateMemberMutation.test.ts
[22m[39m◇ injected env (0) from .env.local // tip: ⌘ custom filepath { path: '/custom/path/.env' }

 [31m❯[39m src/hooks/domain/members/mutations/__tests__/useCreateMemberMutation.test.ts [2m([22m[2m0 test[22m[2m)[22m
 [31m❯[39m src/hooks/domain/members/mutations/__tests__/useRestoreMemberMutation.test.ts [2m([22m[2m0 test[22m[2m)[22m
[90mstdout[2m | src/hooks/domain/members/mutations/__tests__/useRestoreMemberMutation.test.ts
[22m[39m◇ injected env (0) from .env.local // tip: ⌘ enable debugging { debug: true }

 [31m❯[39m src/hooks/domain/members/mutations/__tests__/useRestoreMemberMutation.test.ts [2m([22m[2m0 test[22m[2m)[22m
[90mstdout[2m | src/hooks/domain/members/mutations/__tests__/useSoftDeleteMemberMutation.test.ts
[22m[39m◇ injected env (0) from .env.local // tip: ⌘ multiple files { path: ['.env.local', '.env'] }

[90mstdout[2m | src/hooks/domain/members/mutations/__tests__/useUpdateMemberIdMutation.test.ts
[22m[39m◇ injected env (0) from .env.local // tip: ⌘ suppress logs { quiet: true }

[90mstdout[2m | src/hooks/domain/members/mutations/__tests__/useUpdateMemberMutation.test.ts
[22m[39m◇ injected env (0) from .env.local // tip: ⌘ override existing { override: true }

 [31m❯[39m src/hooks/domain/members/mutations/__tests__/useSoftDeleteMemberMutation.test.ts [2m([22m[2m0 test[22m[2m)[22m
[90mstdout[2m | src/hooks/domain/members/mutations/__tests__/useSoftDeleteMemberMutation.test.ts
[22m[39m◇ injected env (0) from .env.local // tip: ⌘ multiple files { path: ['.env.local', '.env'] }

 [31m❯[39m src/hooks/domain/members/mutations/__tests__/useSoftDeleteMemberMutation.test.ts [2m([22m[2m0 test[22m[2m)[22m
 [31m❯[39m src/hooks/domain/members/mutations/__tests__/useUpdateMemberIdMutation.test.ts [2m([22m[2m0 test[22m[2m)[22m
[90mstdout[2m | src/hooks/domain/members/mutations/__tests__/useUpdateMemberIdMutation.test.ts
[22m[39m◇ injected env (0) from .env.local // tip: ⌘ suppress logs { quiet: true }

 [31m❯[39m src/hooks/domain/members/mutations/__tests__/useUpdateMemberIdMutation.test.ts [2m([22m[2m0 test[22m[2m)[22m
 [31m❯[39m src/hooks/domain/members/mutations/__tests__/useUpdateMemberMutation.test.ts [2m([22m[2m0 test[22m[2m)[22m
[90mstdout[2m | src/hooks/domain/members/mutations/__tests__/useUpdateMemberMutation.test.ts
[22m[39m◇ injected env (0) from .env.local // tip: ⌘ override existing { override: true }

 [31m❯[39m src/hooks/domain/members/mutations/__tests__/useUpdateMemberMutation.test.ts [2m([22m[2m0 test[22m[2m)[22m
[90mstdout[2m | src/hooks/domain/members/queries/__tests__/useAdminMemberQuery.test.ts
[22m[39m◇ injected env (0) from .env.local // tip: ⌘ suppress logs { quiet: true }

[90mstdout[2m | src/hooks/domain/members/queries/__tests__/useAdminMembersImportSnapshotQuery.test.ts
[22m[39m◇ injected env (0) from .env.local // tip: ⌘ suppress logs { quiet: true }

[90mstdout[2m | src/hooks/domain/members/queries/__tests__/useAdminMembersMilestonesQuery.test.ts
[22m[39m◇ injected env (0) from .env.local // tip: ⌘ suppress logs { quiet: true }

 [31m❯[39m src/hooks/domain/members/queries/__tests__/useAdminMembersImportSnapshotQuery.test.ts [2m([22m[2m0 test[22m[2m)[22m
[90mstdout[2m | src/hooks/domain/members/queries/__tests__/useAdminMembersImportSnapshotQuery.test.ts
[22m[39m◇ injected env (0) from .env.local // tip: ⌘ suppress logs { quiet: true }

 [31m❯[39m src/hooks/domain/members/queries/__tests__/useAdminMembersImportSnapshotQuery.test.ts [2m([22m[2m0 test[22m[2m)[22m
 [31m❯[39m src/hooks/domain/members/queries/__tests__/useAdminMemberQuery.test.ts [2m([22m[2m0 test[22m[2m)[22m
[90mstdout[2m | src/hooks/domain/members/queries/__tests__/useAdminMemberQuery.test.ts
[22m[39m◇ injected env (0) from .env.local // tip: ⌘ suppress logs { quiet: true }

 [31m❯[39m src/hooks/domain/members/queries/__tests__/useAdminMemberQuery.test.ts [2m([22m[2m0 test[22m[2m)[22m
 [31m❯[39m src/hooks/domain/members/queries/__tests__/useAdminMembersMilestonesQuery.test.ts [2m([22m[2m0 test[22m[2m)[22m
[90mstdout[2m | src/hooks/domain/members/queries/__tests__/useAdminMembersMilestonesQuery.test.ts
[22m[39m◇ injected env (0) from .env.local // tip: ⌘ suppress logs { quiet: true }

 [31m❯[39m src/hooks/domain/members/queries/__tests__/useAdminMembersMilestonesQuery.test.ts [2m([22m[2m0 test[22m[2m)[22m
[90mstdout[2m | src/hooks/domain/members/queries/__tests__/useAdminMembersQuery.test.ts
[22m[39m◇ injected env (0) from .env.local // tip: ⌘ custom filepath { path: '/custom/path/.env' }

[90mstdout[2m | src/hooks/domain/members/queries/__tests__/useCurrentProfileQuery.test.ts
[22m[39m◇ injected env (0) from .env.local // tip: ⌘ custom filepath { path: '/custom/path/.env' }

[90mstdout[2m | src/hooks/domain/members/queries/__tests__/useMemberAvatarQuery.test.ts
[22m[39m◇ injected env (0) from .env.local // tip: ⌘ override existing { override: true }

 [31m❯[39m src/hooks/domain/members/queries/__tests__/useMemberAvatarQuery.test.ts [2m([22m[2m0 test[22m[2m)[22m
[90mstdout[2m | src/hooks/domain/members/queries/__tests__/useMemberAvatarQuery.test.ts
[22m[39m◇ injected env (0) from .env.local // tip: ⌘ override existing { override: true }

 [31m❯[39m src/hooks/domain/members/queries/__tests__/useMemberAvatarQuery.test.ts [2m([22m[2m0 test[22m[2m)[22m
 [31m❯[39m src/hooks/domain/members/queries/__tests__/useAdminMembersQuery.test.ts [2m([22m[2m0 test[22m[2m)[22m
[90mstdout[2m | src/hooks/domain/members/queries/__tests__/useAdminMembersQuery.test.ts
[22m[39m◇ injected env (0) from .env.local // tip: ⌘ custom filepath { path: '/custom/path/.env' }

 [31m❯[39m src/hooks/domain/members/queries/__tests__/useAdminMembersQuery.test.ts [2m([22m[2m0 test[22m[2m)[22m
 [31m❯[39m src/hooks/domain/members/queries/__tests__/useCurrentProfileQuery.test.ts [2m([22m[2m0 test[22m[2m)[22m
[90mstdout[2m | src/hooks/domain/members/queries/__tests__/useCurrentProfileQuery.test.ts
[22m[39m◇ injected env (0) from .env.local // tip: ⌘ custom filepath { path: '/custom/path/.env' }

 [31m❯[39m src/hooks/domain/members/queries/__tests__/useCurrentProfileQuery.test.ts [2m([22m[2m0 test[22m[2m)[22m
[90mstdout[2m | src/hooks/domain/members/queries/__tests__/useMemberEventHistoryQuery.test.ts
[22m[39m◇ injected env (0) from .env.local // tip: ⌘ suppress logs { quiet: true }

[90mstdout[2m | src/hooks/domain/members/queries/__tests__/useMemberLookupQuery.test.ts
[22m[39m◇ injected env (0) from .env.local // tip: ⌘ override existing { override: true }

[90mstdout[2m | src/hooks/domain/public-registrations/mutations/__tests__/useCancelPublicRegistrationMutation.test.ts
[22m[39m◇ injected env (0) from .env.local // tip: ⌘ suppress logs { quiet: true }

 [31m❯[39m src/hooks/domain/members/queries/__tests__/useMemberEventHistoryQuery.test.ts [2m([22m[2m0 test[22m[2m)[22m
[90mstdout[2m | src/hooks/domain/members/queries/__tests__/useMemberEventHistoryQuery.test.ts
[22m[39m◇ injected env (0) from .env.local // tip: ⌘ suppress logs { quiet: true }

 [31m❯[39m src/hooks/domain/members/queries/__tests__/useMemberEventHistoryQuery.test.ts [2m([22m[2m0 test[22m[2m)[22m
 [31m❯[39m src/hooks/domain/members/queries/__tests__/useMemberLookupQuery.test.ts [2m([22m[2m0 test[22m[2m)[22m
[90mstdout[2m | src/hooks/domain/members/queries/__tests__/useMemberLookupQuery.test.ts
[22m[39m◇ injected env (0) from .env.local // tip: ⌘ override existing { override: true }

 [31m❯[39m src/hooks/domain/members/queries/__tests__/useMemberLookupQuery.test.ts [2m([22m[2m0 test[22m[2m)[22m
 [31m❯[39m src/hooks/domain/public-registrations/mutations/__tests__/useCancelPublicRegistrationMutation.test.ts [2m([22m[2m0 test[22m[2m)[22m
[90mstdout[2m | src/hooks/domain/public-registrations/mutations/__tests__/useCancelPublicRegistrationMutation.test.ts
[22m[39m◇ injected env (0) from .env.local // tip: ⌘ suppress logs { quiet: true }

 [31m❯[39m src/hooks/domain/public-registrations/mutations/__tests__/useCancelPublicRegistrationMutation.test.ts [2m([22m[2m0 test[22m[2m)[22m
[90mstdout[2m | src/hooks/domain/public-registrations/mutations/__tests__/useReactivatePublicRegistrationMutation.test.ts
[22m[39m◇ injected env (0) from .env.local // tip: ⌘ custom filepath { path: '/custom/path/.env' }

[90mstdout[2m | src/hooks/domain/members/state/__tests__/useMemberLookupState.test.tsx
[22m[39m◇ injected env (0) from .env.local // tip: ⌘ suppress logs { quiet: true }

[90mstdout[2m | src/hooks/domain/public-registrations/mutations/__tests__/useDownloadPublicRegistrationsTemplateMutation.test.ts
[22m[39m◇ injected env (0) from .env.local // tip: ◈ secrets for agents [www.dotenvx.com]

 [31m❯[39m src/hooks/domain/public-registrations/mutations/__tests__/useDownloadPublicRegistrationsTemplateMutation.test.ts [2m([22m[2m0 test[22m[2m)[22m
[90mstdout[2m | src/hooks/domain/public-registrations/mutations/__tests__/useDownloadPublicRegistrationsTemplateMutation.test.ts
[22m[39m◇ injected env (0) from .env.local // tip: ◈ secrets for agents [www.dotenvx.com]

 [31m❯[39m src/hooks/domain/public-registrations/mutations/__tests__/useDownloadPublicRegistrationsTemplateMutation.test.ts [2m([22m[2m0 test[22m[2m)[22m
 [31m❯[39m src/hooks/domain/public-registrations/mutations/__tests__/useReactivatePublicRegistrationMutation.test.ts [2m([22m[2m0 test[22m[2m)[22m
[90mstdout[2m | src/hooks/domain/public-registrations/mutations/__tests__/useReactivatePublicRegistrationMutation.test.ts
[22m[39m◇ injected env (0) from .env.local // tip: ⌘ custom filepath { path: '/custom/path/.env' }

 [31m❯[39m src/hooks/domain/public-registrations/mutations/__tests__/useReactivatePublicRegistrationMutation.test.ts [2m([22m[2m0 test[22m[2m)[22m
 [31m❯[39m src/hooks/domain/members/state/__tests__/useMemberLookupState.test.tsx [2m([22m[2m0 test[22m[2m)[22m
[90mstdout[2m | src/hooks/domain/members/state/__tests__/useMemberLookupState.test.tsx
[22m[39m◇ injected env (0) from .env.local // tip: ⌘ suppress logs { quiet: true }

 [31m❯[39m src/hooks/domain/members/state/__tests__/useMemberLookupState.test.tsx [2m([22m[2m0 test[22m[2m)[22m
[90mstdout[2m | src/hooks/domain/public-registrations/queries/__tests__/useAdminPublicRegistrationsQuery.test.ts
[22m[39m◇ injected env (0) from .env.local // tip: ⌘ enable debugging { debug: true }

[90mstdout[2m | src/hooks/domain/public-registrations/queries/__tests__/usePublicAttendeeCheckQuery.test.ts
[22m[39m◇ injected env (0) from .env.local // tip: ⌘ enable debugging { debug: true }

[90mstdout[2m | src/hooks/domain/public-registrations/queries/__tests__/usePublicRegistrationDetailQuery.test.ts
[22m[39m◇ injected env (0) from .env.local // tip: ⌘ override existing { override: true }

 [31m❯[39m src/hooks/domain/public-registrations/queries/__tests__/useAdminPublicRegistrationsQuery.test.ts [2m([22m[2m0 test[22m[2m)[22m
[90mstdout[2m | src/hooks/domain/public-registrations/queries/__tests__/useAdminPublicRegistrationsQuery.test.ts
[22m[39m◇ injected env (0) from .env.local // tip: ⌘ enable debugging { debug: true }

 [31m❯[39m src/hooks/domain/public-registrations/queries/__tests__/useAdminPublicRegistrationsQuery.test.ts [2m([22m[2m0 test[22m[2m)[22m
 [31m❯[39m src/hooks/domain/public-registrations/queries/__tests__/usePublicAttendeeCheckQuery.test.ts [2m([22m[2m0 test[22m[2m)[22m
[90mstdout[2m | src/hooks/domain/public-registrations/queries/__tests__/usePublicAttendeeCheckQuery.test.ts
[22m[39m◇ injected env (0) from .env.local // tip: ⌘ enable debugging { debug: true }

 [31m❯[39m src/hooks/domain/public-registrations/queries/__tests__/usePublicAttendeeCheckQuery.test.ts [2m([22m[2m0 test[22m[2m)[22m
 [31m❯[39m src/hooks/domain/public-registrations/queries/__tests__/usePublicRegistrationDetailQuery.test.ts [2m([22m[2m0 test[22m[2m)[22m
[90mstdout[2m | src/hooks/domain/public-registrations/queries/__tests__/usePublicRegistrationDetailQuery.test.ts
[22m[39m◇ injected env (0) from .env.local // tip: ⌘ override existing { override: true }

 [31m❯[39m src/hooks/domain/public-registrations/queries/__tests__/usePublicRegistrationDetailQuery.test.ts [2m([22m[2m0 test[22m[2m)[22m
[90mstdout[2m | src/hooks/domain/public-registrations/queries/__tests__/useSubmitPublicRegistrationMutation.test.ts
[22m[39m◇ injected env (0) from .env.local // tip: ◈ secrets for agents [www.dotenvx.com]

[90mstdout[2m | src/hooks/domain/registrations/mutations/__tests__/useExportRegistrationsCSVMutation.test.ts
[22m[39m◇ injected env (0) from .env.local // tip: ◈ encrypted .env [www.dotenvx.com]

[90mstdout[2m | src/hooks/domain/registrations/mutations/__tests__/useDownloadRegistrationsTemplateMutation.test.ts
[22m[39m◇ injected env (0) from .env.local // tip: ⌘ custom filepath { path: '/custom/path/.env' }

 [31m❯[39m src/hooks/domain/registrations/mutations/__tests__/useDownloadRegistrationsTemplateMutation.test.ts [2m([22m[2m0 test[22m[2m)[22m
[90mstdout[2m | src/hooks/domain/registrations/mutations/__tests__/useDownloadRegistrationsTemplateMutation.test.ts
[22m[39m◇ injected env (0) from .env.local // tip: ⌘ custom filepath { path: '/custom/path/.env' }

 [31m❯[39m src/hooks/domain/registrations/mutations/__tests__/useDownloadRegistrationsTemplateMutation.test.ts [2m([22m[2m0 test[22m[2m)[22m
 [31m❯[39m src/hooks/domain/registrations/mutations/__tests__/useExportRegistrationsCSVMutation.test.ts [2m([22m[2m0 test[22m[2m)[22m
[90mstdout[2m | src/hooks/domain/registrations/mutations/__tests__/useExportRegistrationsCSVMutation.test.ts
[22m[39m◇ injected env (0) from .env.local // tip: ◈ encrypted .env [www.dotenvx.com]

 [31m❯[39m src/hooks/domain/registrations/mutations/__tests__/useExportRegistrationsCSVMutation.test.ts [2m([22m[2m0 test[22m[2m)[22m
 [31m❯[39m src/hooks/domain/public-registrations/queries/__tests__/useSubmitPublicRegistrationMutation.test.ts [2m([22m[2m0 test[22m[2m)[22m
[90mstdout[2m | src/hooks/domain/public-registrations/queries/__tests__/useSubmitPublicRegistrationMutation.test.ts
[22m[39m◇ injected env (0) from .env.local // tip: ◈ secrets for agents [www.dotenvx.com]

 [31m❯[39m src/hooks/domain/public-registrations/queries/__tests__/useSubmitPublicRegistrationMutation.test.ts [2m([22m[2m0 test[22m[2m)[22m
[90mstdout[2m | src/hooks/domain/registrations/queries/__tests__/useAdminRegistrationsQuery.test.ts
[22m[39m◇ injected env (0) from .env.local // tip: ⌘ enable debugging { debug: true }

[90mstdout[2m | src/hooks/domain/registrations/queries/__tests__/useRegistrationNamesQuery.test.ts
[22m[39m◇ injected env (0) from .env.local // tip: ◈ secrets for agents [www.dotenvx.com]

[90mstdout[2m | src/hooks/domain/registrations/queries/__tests__/useRegistrationDetailQuery.test.ts
[22m[39m◇ injected env (0) from .env.local // tip: ◈ encrypted .env [www.dotenvx.com]

 [31m❯[39m src/hooks/domain/registrations/queries/__tests__/useAdminRegistrationsQuery.test.ts [2m([22m[2m0 test[22m[2m)[22m
[90mstdout[2m | src/hooks/domain/registrations/queries/__tests__/useAdminRegistrationsQuery.test.ts
[22m[39m◇ injected env (0) from .env.local // tip: ⌘ enable debugging { debug: true }

 [31m❯[39m src/hooks/domain/registrations/queries/__tests__/useAdminRegistrationsQuery.test.ts [2m([22m[2m0 test[22m[2m)[22m
 [31m❯[39m src/hooks/domain/registrations/queries/__tests__/useRegistrationDetailQuery.test.ts [2m([22m[2m0 test[22m[2m)[22m
[90mstdout[2m | src/hooks/domain/registrations/queries/__tests__/useRegistrationDetailQuery.test.ts
[22m[39m◇ injected env (0) from .env.local // tip: ◈ encrypted .env [www.dotenvx.com]

 [31m❯[39m src/hooks/domain/registrations/queries/__tests__/useRegistrationDetailQuery.test.ts [2m([22m[2m0 test[22m[2m)[22m
 [31m❯[39m src/hooks/domain/registrations/queries/__tests__/useRegistrationNamesQuery.test.ts [2m([22m[2m0 test[22m[2m)[22m
[90mstdout[2m | src/hooks/domain/registrations/queries/__tests__/useRegistrationNamesQuery.test.ts
[22m[39m◇ injected env (0) from .env.local // tip: ◈ secrets for agents [www.dotenvx.com]

 [31m❯[39m src/hooks/domain/registrations/queries/__tests__/useRegistrationNamesQuery.test.ts [2m([22m[2m0 test[22m[2m)[22m
[90mstdout[2m | src/pages/admin/events/_event-form/__tests__/AdminEventFormPage.test.tsx
[22m[39m◇ injected env (0) from .env.local // tip: ⌘ multiple files { path: ['.env.local', '.env'] }

[90mstdout[2m | src/pages/admin/events/components/__tests__/EventNavigationLinks.test.tsx
[22m[39m◇ injected env (0) from .env.local // tip: ◈ encrypted .env [www.dotenvx.com]

[90mstdout[2m | src/pages/admin/events/components/__tests__/MobileEventCard.test.tsx
[22m[39m◇ injected env (0) from .env.local // tip: ⌘ suppress logs { quiet: true }

 [31m❯[39m src/pages/admin/events/components/__tests__/EventNavigationLinks.test.tsx [2m([22m[2m0 test[22m[2m)[22m
[90mstdout[2m | src/pages/admin/events/components/__tests__/EventNavigationLinks.test.tsx
[22m[39m◇ injected env (0) from .env.local // tip: ◈ encrypted .env [www.dotenvx.com]

 [31m❯[39m src/pages/admin/events/components/__tests__/EventNavigationLinks.test.tsx [2m([22m[2m0 test[22m[2m)[22m
 [31m❯[39m src/pages/admin/events/_event-form/__tests__/AdminEventFormPage.test.tsx [2m([22m[2m0 test[22m[2m)[22m
[90mstdout[2m | src/pages/admin/events/_event-form/__tests__/AdminEventFormPage.test.tsx
[22m[39m◇ injected env (0) from .env.local // tip: ⌘ multiple files { path: ['.env.local', '.env'] }

 [31m❯[39m src/pages/admin/events/_event-form/__tests__/AdminEventFormPage.test.tsx [2m([22m[2m0 test[22m[2m)[22m
 [31m❯[39m src/pages/admin/events/components/__tests__/MobileEventCard.test.tsx [2m([22m[2m0 test[22m[2m)[22m
[90mstdout[2m | src/pages/admin/events/components/__tests__/MobileEventCard.test.tsx
[22m[39m◇ injected env (0) from .env.local // tip: ⌘ suppress logs { quiet: true }

 [31m❯[39m src/pages/admin/events/components/__tests__/MobileEventCard.test.tsx [2m([22m[2m0 test[22m[2m)[22m
[90mstdout[2m | src/pages/admin/forms/_form-editor/__tests__/FormEditorPage.test.tsx
[22m[39m◇ injected env (0) from .env.local // tip: ⌘ custom filepath { path: '/custom/path/.env' }

[90mstdout[2m | src/pages/admin/forms/components/__tests__/AdminFormsTable.test.tsx
[22m[39m◇ injected env (0) from .env.local // tip: ⌘ suppress logs { quiet: true }

[90mstdout[2m | src/pages/admin/forms/components/__tests__/FormStatusBadge.test.tsx
[22m[39m◇ injected env (0) from .env.local // tip: ⌘ multiple files { path: ['.env.local', '.env'] }

 [31m❯[39m src/pages/admin/forms/components/__tests__/AdminFormsTable.test.tsx [2m([22m[2m0 test[22m[2m)[22m
[90mstdout[2m | src/pages/admin/forms/components/__tests__/AdminFormsTable.test.tsx
[22m[39m◇ injected env (0) from .env.local // tip: ⌘ suppress logs { quiet: true }

 [31m❯[39m src/pages/admin/forms/components/__tests__/AdminFormsTable.test.tsx [2m([22m[2m0 test[22m[2m)[22m
 [31m❯[39m src/pages/admin/forms/_form-editor/__tests__/FormEditorPage.test.tsx [2m([22m[2m0 test[22m[2m)[22m
[90mstdout[2m | src/pages/admin/forms/_form-editor/__tests__/FormEditorPage.test.tsx
[22m[39m◇ injected env (0) from .env.local // tip: ⌘ custom filepath { path: '/custom/path/.env' }

 [31m❯[39m src/pages/admin/forms/_form-editor/__tests__/FormEditorPage.test.tsx [2m([22m[2m0 test[22m[2m)[22m
 [31m❯[39m src/pages/admin/forms/components/__tests__/FormStatusBadge.test.tsx [2m([22m[2m0 test[22m[2m)[22m
[90mstdout[2m | src/pages/admin/forms/components/__tests__/FormStatusBadge.test.tsx
[22m[39m◇ injected env (0) from .env.local // tip: ⌘ multiple files { path: ['.env.local', '.env'] }

 [31m❯[39m src/pages/admin/forms/components/__tests__/FormStatusBadge.test.tsx [2m([22m[2m0 test[22m[2m)[22m
[90mstdout[2m | src/pages/admin/forms/components/__tests__/MobileFormCard.test.tsx
[22m[39m◇ injected env (0) from .env.local // tip: ⌁ auth for agents [www.vestauth.com]

[90mstdout[2m | src/pages/admin/users/roles/__tests__/AdminUserRolesPage.test.tsx
[22m[39m◇ injected env (0) from .env.local // tip: ◈ encrypted .env [www.dotenvx.com]

[90mstdout[2m | src/pages/admin/members/[id]/__tests__/AdminMemberDetailPage.test.tsx
[22m[39m◇ injected env (0) from .env.local // tip: ⌘ enable debugging { debug: true }

 [31m❯[39m src/pages/admin/forms/components/__tests__/MobileFormCard.test.tsx [2m([22m[2m0 test[22m[2m)[22m
[90mstdout[2m | src/pages/admin/forms/components/__tests__/MobileFormCard.test.tsx
[22m[39m◇ injected env (0) from .env.local // tip: ⌁ auth for agents [www.vestauth.com]

 [31m❯[39m src/pages/admin/forms/components/__tests__/MobileFormCard.test.tsx [2m([22m[2m0 test[22m[2m)[22m
 [31m❯[39m src/pages/admin/users/roles/__tests__/AdminUserRolesPage.test.tsx [2m([22m[2m0 test[22m[2m)[22m
[90mstdout[2m | src/pages/admin/users/roles/__tests__/AdminUserRolesPage.test.tsx
[22m[39m◇ injected env (0) from .env.local // tip: ◈ encrypted .env [www.dotenvx.com]

 [31m❯[39m src/pages/admin/users/roles/__tests__/AdminUserRolesPage.test.tsx [2m([22m[2m0 test[22m[2m)[22m
 [31m❯[39m src/pages/admin/members/[id]/__tests__/AdminMemberDetailPage.test.tsx [2m([22m[2m0 test[22m[2m)[22m
[90mstdout[2m | src/pages/admin/members/[id]/__tests__/AdminMemberDetailPage.test.tsx
[22m[39m◇ injected env (0) from .env.local // tip: ⌘ enable debugging { debug: true }

 [31m❯[39m src/pages/admin/members/[id]/__tests__/AdminMemberDetailPage.test.tsx [2m([22m[2m0 test[22m[2m)[22m
[90mstdout[2m | src/pages/admin/members/milestones/__tests__/AdminMemberMilestonesPage.test.tsx
[22m[39m◇ injected env (0) from .env.local // tip: ⌘ custom filepath { path: '/custom/path/.env' }

[90mstdout[2m | src/pages/forms/[slug]/submit/__tests__/FormSubmissionPage.test.tsx
[22m[39m◇ injected env (0) from .env.local // tip: ⌘ override existing { override: true }

[90mstdout[2m | src/pages/admin/events/[id]/fields/__tests__/AdminEventFieldsPage.test.tsx
[22m[39m◇ injected env (0) from .env.local // tip: ⌘ suppress logs { quiet: true }

 [31m❯[39m src/pages/forms/[slug]/submit/__tests__/FormSubmissionPage.test.tsx [2m([22m[2m0 test[22m[2m)[22m
[90mstdout[2m | src/pages/forms/[slug]/submit/__tests__/FormSubmissionPage.test.tsx
[22m[39m◇ injected env (0) from .env.local // tip: ⌘ override existing { override: true }

 [31m❯[39m src/pages/forms/[slug]/submit/__tests__/FormSubmissionPage.test.tsx [2m([22m[2m0 test[22m[2m)[22m
 [31m❯[39m src/pages/admin/members/milestones/__tests__/AdminMemberMilestonesPage.test.tsx [2m([22m[2m0 test[22m[2m)[22m
[90mstdout[2m | src/pages/admin/members/milestones/__tests__/AdminMemberMilestonesPage.test.tsx
[22m[39m◇ injected env (0) from .env.local // tip: ⌘ custom filepath { path: '/custom/path/.env' }

 [31m❯[39m src/pages/admin/members/milestones/__tests__/AdminMemberMilestonesPage.test.tsx [2m([22m[2m0 test[22m[2m)[22m
 [31m❯[39m src/pages/admin/events/[id]/fields/__tests__/AdminEventFieldsPage.test.tsx [2m([22m[2m0 test[22m[2m)[22m
[90mstdout[2m | src/pages/admin/events/[id]/fields/__tests__/AdminEventFieldsPage.test.tsx
[22m[39m◇ injected env (0) from .env.local // tip: ⌘ suppress logs { quiet: true }

 [31m❯[39m src/pages/admin/events/[id]/fields/__tests__/AdminEventFieldsPage.test.tsx [2m([22m[2m0 test[22m[2m)[22m
[90mstdout[2m | src/pages/admin/events/[id]/public-registrations/__tests__/AdminPublicRegistrationsPage.test.tsx
[22m[39m◇ injected env (0) from .env.local // tip: ⌘ override existing { override: true }

[90mstdout[2m | src/pages/admin/events/[id]/registrations/__tests__/AdminRegistrationsPage.test.tsx
[22m[39m◇ injected env (0) from .env.local // tip: ⌘ multiple files { path: ['.env.local', '.env'] }

[90mstdout[2m | src/pages/admin/forms/[id]/submissions/__tests__/AdminFormSubmissionsPage.test.tsx
[22m[39m◇ injected env (0) from .env.local // tip: ⌘ custom filepath { path: '/custom/path/.env' }

 [31m❯[39m src/pages/admin/events/[id]/public-registrations/__tests__/AdminPublicRegistrationsPage.test.tsx [2m([22m[2m0 test[22m[2m)[22m
[90mstdout[2m | src/pages/admin/events/[id]/public-registrations/__tests__/AdminPublicRegistrationsPage.test.tsx
[22m[39m◇ injected env (0) from .env.local // tip: ⌘ override existing { override: true }

 [31m❯[39m src/pages/admin/events/[id]/public-registrations/__tests__/AdminPublicRegistrationsPage.test.tsx [2m([22m[2m0 test[22m[2m)[22m
 [31m❯[39m src/pages/admin/events/[id]/registrations/__tests__/AdminRegistrationsPage.test.tsx [2m([22m[2m0 test[22m[2m)[22m
[90mstdout[2m | src/pages/admin/events/[id]/registrations/__tests__/AdminRegistrationsPage.test.tsx
[22m[39m◇ injected env (0) from .env.local // tip: ⌘ multiple files { path: ['.env.local', '.env'] }

 [31m❯[39m src/pages/admin/events/[id]/registrations/__tests__/AdminRegistrationsPage.test.tsx [2m([22m[2m0 test[22m[2m)[22m
 [31m❯[39m src/pages/admin/forms/[id]/submissions/__tests__/AdminFormSubmissionsPage.test.tsx [2m([22m[2m0 test[22m[2m)[22m
[90mstdout[2m | src/pages/admin/forms/[id]/submissions/__tests__/AdminFormSubmissionsPage.test.tsx
[22m[39m◇ injected env (0) from .env.local // tip: ⌘ custom filepath { path: '/custom/path/.env' }

 [31m❯[39m src/pages/admin/forms/[id]/submissions/__tests__/AdminFormSubmissionsPage.test.tsx [2m([22m[2m0 test[22m[2m)[22m
[90mstdout[2m | src/pages/events/[slug]/register/components/__tests__/ConditionalVisibilityRegistration.test.tsx
[22m[39m◇ injected env (0) from .env.local // tip: ◈ secrets for agents [www.dotenvx.com]

[90mstdout[2m | src/pages/events/[slug]/register/components/__tests__/DynamicFieldsStepCard.test.tsx
[22m[39m◇ injected env (0) from .env.local // tip: ⌘ custom filepath { path: '/custom/path/.env' }

[90mstdout[2m | src/pages/events/[slug]/register/components/__tests__/MemberLookupErrorAlert.test.tsx
[22m[39m◇ injected env (0) from .env.local // tip: ⌘ override existing { override: true }

 [31m❯[39m src/pages/events/[slug]/register/components/__tests__/ConditionalVisibilityRegistration.test.tsx [2m([22m[2m0 test[22m[2m)[22m
[90mstdout[2m | src/pages/events/[slug]/register/components/__tests__/ConditionalVisibilityRegistration.test.tsx
[22m[39m◇ injected env (0) from .env.local // tip: ◈ secrets for agents [www.dotenvx.com]

 [31m❯[39m src/pages/events/[slug]/register/components/__tests__/ConditionalVisibilityRegistration.test.tsx [2m([22m[2m0 test[22m[2m)[22m
 [31m❯[39m src/pages/events/[slug]/register/components/__tests__/MemberLookupErrorAlert.test.tsx [2m([22m[2m0 test[22m[2m)[22m
[90mstdout[2m | src/pages/events/[slug]/register/components/__tests__/MemberLookupErrorAlert.test.tsx
[22m[39m◇ injected env (0) from .env.local // tip: ⌘ override existing { override: true }

 [31m❯[39m src/pages/events/[slug]/register/components/__tests__/MemberLookupErrorAlert.test.tsx [2m([22m[2m0 test[22m[2m)[22m
 [31m❯[39m src/pages/events/[slug]/register/components/__tests__/DynamicFieldsStepCard.test.tsx [2m([22m[2m0 test[22m[2m)[22m
[90mstdout[2m | src/pages/events/[slug]/register/components/__tests__/DynamicFieldsStepCard.test.tsx
[22m[39m◇ injected env (0) from .env.local // tip: ⌘ custom filepath { path: '/custom/path/.env' }

 [31m❯[39m src/pages/events/[slug]/register/components/__tests__/DynamicFieldsStepCard.test.tsx [2m([22m[2m0 test[22m[2m)[22m
[90mstdout[2m | src/pages/events/[slug]/register/components/__tests__/MemberLookupStepCard.test.tsx
[22m[39m◇ injected env (0) from .env.local // tip: ⌘ custom filepath { path: '/custom/path/.env' }

[90mstdout[2m | src/pages/admin/members/milestones/components/__tests__/ExportMonthMilestonesButton.test.tsx
[22m[39m◇ injected env (0) from .env.local // tip: ⌁ auth for agents [www.vestauth.com]

 [31m❯[39m src/pages/events/[slug]/register/components/__tests__/MemberLookupStepCard.test.tsx [2m([22m[2m0 test[22m[2m)[22m
[90mstdout[2m | src/pages/events/[slug]/register/components/__tests__/MemberLookupStepCard.test.tsx
[22m[39m◇ injected env (0) from .env.local // tip: ⌘ custom filepath { path: '/custom/path/.env' }

 [31m❯[39m src/pages/events/[slug]/register/components/__tests__/MemberLookupStepCard.test.tsx [2m([22m[2m0 test[22m[2m)[22m
[90mstdout[2m | src/pages/events/[slug]/register/components/__tests__/ProfileStepCard.test.tsx
[22m[39m◇ injected env (0) from .env.local // tip: ◈ encrypted .env [www.dotenvx.com]

 [31m❯[39m src/pages/admin/members/milestones/components/__tests__/ExportMonthMilestonesButton.test.tsx [2m([22m[2m0 test[22m[2m)[22m
[90mstdout[2m | src/pages/admin/members/milestones/components/__tests__/ExportMonthMilestonesButton.test.tsx
[22m[39m◇ injected env (0) from .env.local // tip: ⌁ auth for agents [www.vestauth.com]

 [31m❯[39m src/pages/admin/members/milestones/components/__tests__/ExportMonthMilestonesButton.test.tsx [2m([22m[2m0 test[22m[2m)[22m
 [31m❯[39m src/pages/events/[slug]/register/components/__tests__/ProfileStepCard.test.tsx [2m([22m[2m0 test[22m[2m)[22m
[90mstdout[2m | src/pages/events/[slug]/register/components/__tests__/ProfileStepCard.test.tsx
[22m[39m◇ injected env (0) from .env.local // tip: ◈ encrypted .env [www.dotenvx.com]

 [31m❯[39m src/pages/events/[slug]/register/components/__tests__/ProfileStepCard.test.tsx [2m([22m[2m0 test[22m[2m)[22m
[90mstdout[2m | src/pages/forms/[slug]/submit/components/__tests__/FormConfirmationStepCard.test.tsx
[22m[39m◇ injected env (0) from .env.local // tip: ⌘ multiple files { path: ['.env.local', '.env'] }

 [31m❯[39m src/pages/forms/[slug]/submit/components/__tests__/FormConfirmationStepCard.test.tsx [2m([22m[2m0 test[22m[2m)[22m
[90mstdout[2m | src/pages/forms/[slug]/submit/components/__tests__/FormConfirmationStepCard.test.tsx
[22m[39m◇ injected env (0) from .env.local // tip: ⌘ multiple files { path: ['.env.local', '.env'] }

 [31m❯[39m src/pages/forms/[slug]/submit/components/__tests__/FormConfirmationStepCard.test.tsx [2m([22m[2m0 test[22m[2m)[22m
[90mstdout[2m | src/pages/forms/[slug]/submit/components/__tests__/FormFieldsStepCard.test.tsx
[22m[39m◇ injected env (0) from .env.local // tip: ⌁ auth for agents [www.vestauth.com]

[90mstdout[2m | src/pages/forms/[slug]/submit/components/__tests__/GuestInfoStepCard.test.tsx
[22m[39m◇ injected env (0) from .env.local // tip: ⌘ enable debugging { debug: true }

 [31m❯[39m src/pages/forms/[slug]/submit/components/__tests__/GuestInfoStepCard.test.tsx [2m([22m[2m0 test[22m[2m)[22m
[90mstdout[2m | src/pages/forms/[slug]/submit/components/__tests__/GuestInfoStepCard.test.tsx
[22m[39m◇ injected env (0) from .env.local // tip: ⌘ enable debugging { debug: true }

 [31m❯[39m src/pages/forms/[slug]/submit/components/__tests__/GuestInfoStepCard.test.tsx [2m([22m[2m0 test[22m[2m)[22m
 [31m❯[39m src/pages/forms/[slug]/submit/components/__tests__/FormFieldsStepCard.test.tsx [2m([22m[2m0 test[22m[2m)[22m
[90mstdout[2m | src/pages/forms/[slug]/submit/components/__tests__/FormFieldsStepCard.test.tsx
[22m[39m◇ injected env (0) from .env.local // tip: ⌁ auth for agents [www.vestauth.com]

 [31m❯[39m src/pages/forms/[slug]/submit/components/__tests__/FormFieldsStepCard.test.tsx [2m([22m[2m0 test[22m[2m)[22m
[90mstdout[2m | src/pages/forms/[slug]/submit/hooks/__tests__/useFormSubmissionPageState.test.ts
[22m[39m◇ injected env (0) from .env.local // tip: ◈ secrets for agents [www.dotenvx.com]

 [31m❯[39m src/pages/forms/[slug]/submit/hooks/__tests__/useFormSubmissionPageState.test.ts [2m([22m[2m0 test[22m[2m)[22m
[90mstdout[2m | src/pages/forms/[slug]/submit/hooks/__tests__/useFormSubmissionPageState.test.ts
[22m[39m◇ injected env (0) from .env.local // tip: ◈ secrets for agents [www.dotenvx.com]

 [31m❯[39m src/pages/forms/[slug]/submit/hooks/__tests__/useFormSubmissionPageState.test.ts [2m([22m[2m0 test[22m[2m)[22m
[90mstdout[2m | src/pages/admin/events/[id]/attendance/components/__tests__/AttendanceTimeslotEditor.test.tsx
[22m[39m◇ injected env (0) from .env.local // tip: ⌘ custom filepath { path: '/custom/path/.env' }

[90mstdout[2m | src/pages/admin/events/[id]/attendance/data/__tests__/AdminAttendanceDataPage.test.tsx
[22m[39m◇ injected env (0) from .env.local // tip: ⌘ multiple files { path: ['.env.local', '.env'] }

 [31m❯[39m src/pages/admin/events/[id]/attendance/components/__tests__/AttendanceTimeslotEditor.test.tsx [2m([22m[2m0 test[22m[2m)[22m
[90mstdout[2m | src/pages/admin/events/[id]/attendance/components/__tests__/AttendanceTimeslotEditor.test.tsx
[22m[39m◇ injected env (0) from .env.local // tip: ⌘ custom filepath { path: '/custom/path/.env' }

 [31m❯[39m src/pages/admin/events/[id]/attendance/components/__tests__/AttendanceTimeslotEditor.test.tsx [2m([22m[2m0 test[22m[2m)[22m
 [31m❯[39m src/pages/admin/events/[id]/attendance/data/__tests__/AdminAttendanceDataPage.test.tsx [2m([22m[2m0 test[22m[2m)[22m
[90mstdout[2m | src/pages/admin/events/[id]/attendance/data/__tests__/AdminAttendanceDataPage.test.tsx
[22m[39m◇ injected env (0) from .env.local // tip: ⌘ multiple files { path: ['.env.local', '.env'] }

 [31m❯[39m src/pages/admin/events/[id]/attendance/data/__tests__/AdminAttendanceDataPage.test.tsx [2m([22m[2m0 test[22m[2m)[22m
[90mstdout[2m | src/pages/admin/events/[id]/public-registrations/[registration_id]/__tests__/AdminPublicRegistrationDetailPage.test.tsx
[22m[39m◇ injected env (0) from .env.local // tip: ⌘ custom filepath { path: '/custom/path/.env' }

[90mstdout[2m | src/pages/admin/events/[id]/registrations/[registration_id]/__tests__/AdminRegistrationDetailPage.test.tsx
[22m[39m◇ injected env (0) from .env.local // tip: ◈ secrets for agents [www.dotenvx.com]

[90mstdout[2m | src/pages/admin/events/[id]/registrations/components/__tests__/PublicRegistrationsList.test.tsx
[22m[39m◇ injected env (0) from .env.local // tip: ⌘ custom filepath { path: '/custom/path/.env' }

 [31m❯[39m src/pages/admin/events/[id]/public-registrations/[registration_id]/__tests__/AdminPublicRegistrationDetailPage.test.tsx [2m([22m[2m0 test[22m[2m)[22m
[90mstdout[2m | src/pages/admin/events/[id]/public-registrations/[registration_id]/__tests__/AdminPublicRegistrationDetailPage.test.tsx
[22m[39m◇ injected env (0) from .env.local // tip: ⌘ custom filepath { path: '/custom/path/.env' }

 [31m❯[39m src/pages/admin/events/[id]/public-registrations/[registration_id]/__tests__/AdminPublicRegistrationDetailPage.test.tsx [2m([22m[2m0 test[22m[2m)[22m
 [31m❯[39m src/pages/admin/events/[id]/registrations/[registration_id]/__tests__/AdminRegistrationDetailPage.test.tsx [2m([22m[2m0 test[22m[2m)[22m
[90mstdout[2m | src/pages/admin/events/[id]/registrations/[registration_id]/__tests__/AdminRegistrationDetailPage.test.tsx
[22m[39m◇ injected env (0) from .env.local // tip: ◈ secrets for agents [www.dotenvx.com]

 [31m❯[39m src/pages/admin/events/[id]/registrations/[registration_id]/__tests__/AdminRegistrationDetailPage.test.tsx [2m([22m[2m0 test[22m[2m)[22m
 [31m❯[39m src/pages/admin/events/[id]/registrations/components/__tests__/PublicRegistrationsList.test.tsx [2m([22m[2m0 test[22m[2m)[22m
[90mstdout[2m | src/pages/admin/events/[id]/registrations/components/__tests__/PublicRegistrationsList.test.tsx
[22m[39m◇ injected env (0) from .env.local // tip: ⌘ custom filepath { path: '/custom/path/.env' }

 [31m❯[39m src/pages/admin/events/[id]/registrations/components/__tests__/PublicRegistrationsList.test.tsx [2m([22m[2m0 test[22m[2m)[22m
[90mstdout[2m | src/pages/admin/events/[id]/registrations/components/__tests__/ViewNamesButton.test.tsx
[22m[39m◇ injected env (0) from .env.local // tip: ◈ encrypted .env [www.dotenvx.com]

[90mstdout[2m | src/pages/admin/events/[id]/registrations/names/__tests__/AdminRegistrationNamesPage.test.tsx
[22m[39m◇ injected env (0) from .env.local // tip: ⌘ enable debugging { debug: true }

 [31m❯[39m src/pages/admin/events/[id]/registrations/components/__tests__/ViewNamesButton.test.tsx [2m([22m[2m0 test[22m[2m)[22m
[90mstdout[2m | src/pages/admin/events/[id]/registrations/components/__tests__/ViewNamesButton.test.tsx
[22m[39m◇ injected env (0) from .env.local // tip: ◈ encrypted .env [www.dotenvx.com]

 [31m❯[39m src/pages/admin/events/[id]/registrations/components/__tests__/ViewNamesButton.test.tsx [2m([22m[2m0 test[22m[2m)[22m
[90mstdout[2m | src/pages/admin/forms/[id]/submissions/components/__tests__/SubmissionDetailDialog.test.tsx
[22m[39m◇ injected env (0) from .env.local // tip: ⌁ auth for agents [www.vestauth.com]

 [31m❯[39m src/pages/admin/events/[id]/registrations/names/__tests__/AdminRegistrationNamesPage.test.tsx [2m([22m[2m0 test[22m[2m)[22m
[90mstdout[2m | src/pages/admin/events/[id]/registrations/names/__tests__/AdminRegistrationNamesPage.test.tsx
[22m[39m◇ injected env (0) from .env.local // tip: ⌘ enable debugging { debug: true }

 [31m❯[39m src/pages/admin/events/[id]/registrations/names/__tests__/AdminRegistrationNamesPage.test.tsx [2m([22m[2m0 test[22m[2m)[22m
 [31m❯[39m src/pages/admin/forms/[id]/submissions/components/__tests__/SubmissionDetailDialog.test.tsx [2m([22m[2m0 test[22m[2m)[22m
[90mstdout[2m | src/pages/admin/forms/[id]/submissions/components/__tests__/SubmissionDetailDialog.test.tsx
[22m[39m◇ injected env (0) from .env.local // tip: ⌁ auth for agents [www.vestauth.com]

 [31m❯[39m src/pages/admin/forms/[id]/submissions/components/__tests__/SubmissionDetailDialog.test.tsx [2m([22m[2m0 test[22m[2m)[22m
[90mstdout[2m | src/pages/admin/forms/[id]/submissions/components/__tests__/SubmissionsList.test.tsx
[22m[39m◇ injected env (0) from .env.local // tip: ⌘ multiple files { path: ['.env.local', '.env'] }

[90mstdout[2m | src/pages/events/[slug]/register/components/field-renderers/__tests__/SelectFieldRenderer.test.tsx
[22m[39m◇ injected env (0) from .env.local // tip: ◈ encrypted .env [www.dotenvx.com]

 [31m❯[39m src/pages/admin/forms/[id]/submissions/components/__tests__/SubmissionsList.test.tsx [2m([22m[2m0 test[22m[2m)[22m
[90mstdout[2m | src/pages/admin/forms/[id]/submissions/components/__tests__/SubmissionsList.test.tsx
[22m[39m◇ injected env (0) from .env.local // tip: ⌘ multiple files { path: ['.env.local', '.env'] }

 [31m❯[39m src/pages/admin/forms/[id]/submissions/components/__tests__/SubmissionsList.test.tsx [2m([22m[2m0 test[22m[2m)[22m
[90mstdout[2m | src/pages/admin/events/[id]/attendance/check-in/components/__tests__/AttendeeConfirmStep.test.tsx
[22m[39m◇ injected env (0) from .env.local // tip: ⌘ enable debugging { debug: true }

 [31m❯[39m src/pages/events/[slug]/register/components/field-renderers/__tests__/SelectFieldRenderer.test.tsx [2m([22m[2m0 test[22m[2m)[22m
[90mstdout[2m | src/pages/events/[slug]/register/components/field-renderers/__tests__/SelectFieldRenderer.test.tsx
[22m[39m◇ injected env (0) from .env.local // tip: ◈ encrypted .env [www.dotenvx.com]

 [31m❯[39m src/pages/events/[slug]/register/components/field-renderers/__tests__/SelectFieldRenderer.test.tsx [2m([22m[2m0 test[22m[2m)[22m
 [31m❯[39m src/pages/admin/events/[id]/attendance/check-in/components/__tests__/AttendeeConfirmStep.test.tsx [2m([22m[2m0 test[22m[2m)[22m
[90mstdout[2m | src/pages/admin/events/[id]/attendance/check-in/components/__tests__/AttendeeConfirmStep.test.tsx
[22m[39m◇ injected env (0) from .env.local // tip: ⌘ enable debugging { debug: true }

 [31m❯[39m src/pages/admin/events/[id]/attendance/check-in/components/__tests__/AttendeeConfirmStep.test.tsx [2m([22m[2m0 test[22m[2m)[22m
[90mstdout[2m | src/pages/admin/events/[id]/attendance/check-in/components/__tests__/AttendeeTimeslotSelectionPanel.test.tsx
[22m[39m◇ injected env (0) from .env.local // tip: ⌘ suppress logs { quiet: true }

[90mstdout[2m | src/pages/admin/events/[id]/attendance/data/components/__tests__/AttendanceDataCardView.test.tsx
[22m[39m◇ injected env (0) from .env.local // tip: ⌘ override existing { override: true }

 [31m❯[39m src/pages/admin/events/[id]/attendance/check-in/components/__tests__/AttendeeTimeslotSelectionPanel.test.tsx [2m([22m[2m0 test[22m[2m)[22m
[90mstdout[2m | src/pages/admin/events/[id]/attendance/check-in/components/__tests__/AttendeeTimeslotSelectionPanel.test.tsx
[22m[39m◇ injected env (0) from .env.local // tip: ⌘ suppress logs { quiet: true }

 [31m❯[39m src/pages/admin/events/[id]/attendance/check-in/components/__tests__/AttendeeTimeslotSelectionPanel.test.tsx [2m([22m[2m0 test[22m[2m)[22m
[90mstdout[2m | src/pages/admin/events/[id]/attendance/data/components/__tests__/AttendanceDataEntryList.test.tsx
[22m[39m◇ injected env (0) from .env.local // tip: ⌘ multiple files { path: ['.env.local', '.env'] }

 [31m❯[39m src/pages/admin/events/[id]/attendance/data/components/__tests__/AttendanceDataCardView.test.tsx [2m([22m[2m0 test[22m[2m)[22m
[90mstdout[2m | src/pages/admin/events/[id]/attendance/data/components/__tests__/AttendanceDataCardView.test.tsx
[22m[39m◇ injected env (0) from .env.local // tip: ⌘ override existing { override: true }

 [31m❯[39m src/pages/admin/events/[id]/attendance/data/components/__tests__/AttendanceDataCardView.test.tsx [2m([22m[2m0 test[22m[2m)[22m
 [31m❯[39m src/pages/admin/events/[id]/attendance/data/components/__tests__/AttendanceDataEntryList.test.tsx [2m([22m[2m0 test[22m[2m)[22m
[90mstdout[2m | src/pages/admin/events/[id]/attendance/data/components/__tests__/AttendanceDataEntryList.test.tsx
[22m[39m◇ injected env (0) from .env.local // tip: ⌘ multiple files { path: ['.env.local', '.env'] }

 [31m❯[39m src/pages/admin/events/[id]/attendance/data/components/__tests__/AttendanceDataEntryList.test.tsx [2m([22m[2m0 test[22m[2m)[22m
[90mstdout[2m | src/pages/admin/events/[id]/attendance/data/components/__tests__/AttendanceDataEntryPanel.test.tsx
[22m[39m◇ injected env (0) from .env.local // tip: ⌘ enable debugging { debug: true }

[90mstdout[2m | src/pages/admin/events/[id]/attendance/data/components/__tests__/AttendanceDataMobileView.test.tsx
[22m[39m◇ injected env (0) from .env.local // tip: ⌘ custom filepath { path: '/custom/path/.env' }

 [31m❯[39m src/pages/admin/events/[id]/attendance/data/components/__tests__/AttendanceDataEntryPanel.test.tsx [2m([22m[2m0 test[22m[2m)[22m
[90mstdout[2m | src/pages/admin/events/[id]/attendance/data/components/__tests__/AttendanceDataEntryPanel.test.tsx
[22m[39m◇ injected env (0) from .env.local // tip: ⌘ enable debugging { debug: true }

 [31m❯[39m src/pages/admin/events/[id]/attendance/data/components/__tests__/AttendanceDataEntryPanel.test.tsx [2m([22m[2m0 test[22m[2m)[22m
[90mstdout[2m | src/pages/admin/events/[id]/attendance/data/components/__tests__/AttendanceDataTableView.test.tsx
[22m[39m◇ injected env (0) from .env.local // tip: ⌁ auth for agents [www.vestauth.com]

 [31m❯[39m src/pages/admin/events/[id]/attendance/data/components/__tests__/AttendanceDataMobileView.test.tsx [2m([22m[2m0 test[22m[2m)[22m
[90mstdout[2m | src/pages/admin/events/[id]/attendance/data/components/__tests__/AttendanceDataMobileView.test.tsx
[22m[39m◇ injected env (0) from .env.local // tip: ⌘ custom filepath { path: '/custom/path/.env' }

 [31m❯[39m src/pages/admin/events/[id]/attendance/data/components/__tests__/AttendanceDataMobileView.test.tsx [2m([22m[2m0 test[22m[2m)[22m
 [31m❯[39m src/pages/admin/events/[id]/attendance/data/components/__tests__/AttendanceDataTableView.test.tsx [2m([22m[2m0 test[22m[2m)[22m
[90mstdout[2m | src/pages/admin/events/[id]/attendance/data/components/__tests__/AttendanceDataTableView.test.tsx
[22m[39m◇ injected env (0) from .env.local // tip: ⌁ auth for agents [www.vestauth.com]

 [31m❯[39m src/pages/admin/events/[id]/attendance/data/components/__tests__/AttendanceDataTableView.test.tsx [2m([22m[2m0 test[22m[2m)[22m
[90mstdout[2m | src/pages/admin/events/[id]/attendance/data/components/__tests__/AttendanceViewControls.test.tsx
[22m[39m◇ injected env (0) from .env.local // tip: ⌁ auth for agents [www.vestauth.com]

[90mstdout[2m | src/pages/admin/events/[id]/attendance/data/components/__tests__/ConditionalVisibilityAttendance.test.tsx
[22m[39m◇ injected env (0) from .env.local // tip: ⌘ multiple files { path: ['.env.local', '.env'] }

 [31m❯[39m src/pages/admin/events/[id]/attendance/data/components/__tests__/AttendanceViewControls.test.tsx [2m([22m[2m0 test[22m[2m)[22m
[90mstdout[2m | src/pages/admin/events/[id]/attendance/data/components/__tests__/AttendanceViewControls.test.tsx
[22m[39m◇ injected env (0) from .env.local // tip: ⌁ auth for agents [www.vestauth.com]

 [31m❯[39m src/pages/admin/events/[id]/attendance/data/components/__tests__/AttendanceViewControls.test.tsx [2m([22m[2m0 test[22m[2m)[22m
[90mstdout[2m | src/pages/admin/events/[id]/attendance/data/components/__tests__/SavedViewsModal.test.tsx
[22m[39m◇ injected env (0) from .env.local // tip: ⌘ custom filepath { path: '/custom/path/.env' }

 [31m❯[39m src/pages/admin/events/[id]/attendance/data/components/__tests__/ConditionalVisibilityAttendance.test.tsx [2m([22m[2m0 test[22m[2m)[22m
[90mstdout[2m | src/pages/admin/events/[id]/attendance/data/components/__tests__/ConditionalVisibilityAttendance.test.tsx
[22m[39m◇ injected env (0) from .env.local // tip: ⌘ multiple files { path: ['.env.local', '.env'] }

 [31m❯[39m src/pages/admin/events/[id]/attendance/data/components/__tests__/ConditionalVisibilityAttendance.test.tsx [2m([22m[2m0 test[22m[2m)[22m
[90mstdout[2m | src/pages/admin/events/[id]/attendance/data/hooks/__tests__/useSelectedAttendanceView.test.ts
[22m[39m◇ injected env (0) from .env.local // tip: ⌘ multiple files { path: ['.env.local', '.env'] }

 [31m❯[39m src/pages/admin/events/[id]/attendance/data/components/__tests__/SavedViewsModal.test.tsx [2m([22m[2m0 test[22m[2m)[22m
[90mstdout[2m | src/pages/admin/events/[id]/attendance/data/components/__tests__/SavedViewsModal.test.tsx
[22m[39m◇ injected env (0) from .env.local // tip: ⌘ custom filepath { path: '/custom/path/.env' }

 [31m❯[39m src/pages/admin/events/[id]/attendance/data/components/__tests__/SavedViewsModal.test.tsx [2m([22m[2m0 test[22m[2m)[22m
[90mstdout[2m | src/pages/admin/events/[id]/attendance/fields/components/__tests__/AttendanceFieldEditPanel.test.tsx
[22m[39m◇ injected env (0) from .env.local // tip: ⌘ custom filepath { path: '/custom/path/.env' }

 [31m❯[39m src/pages/admin/events/[id]/attendance/data/hooks/__tests__/useSelectedAttendanceView.test.ts [2m([22m[2m0 test[22m[2m)[22m
[90mstdout[2m | src/pages/admin/events/[id]/attendance/data/hooks/__tests__/useSelectedAttendanceView.test.ts
[22m[39m◇ injected env (0) from .env.local // tip: ⌘ multiple files { path: ['.env.local', '.env'] }

 [31m❯[39m src/pages/admin/events/[id]/attendance/data/hooks/__tests__/useSelectedAttendanceView.test.ts [2m([22m[2m0 test[22m[2m)[22m
 [31m❯[39m src/pages/admin/events/[id]/attendance/fields/components/__tests__/AttendanceFieldEditPanel.test.tsx [2m([22m[2m0 test[22m[2m)[22m
[90mstdout[2m | src/pages/admin/events/[id]/attendance/fields/components/__tests__/AttendanceFieldEditPanel.test.tsx
[22m[39m◇ injected env (0) from .env.local // tip: ⌘ custom filepath { path: '/custom/path/.env' }

 [31m❯[39m src/pages/admin/events/[id]/attendance/fields/components/__tests__/AttendanceFieldEditPanel.test.tsx [2m([22m[2m0 test[22m[2m)[22m
[90mstdout[2m | src/pages/admin/events/[id]/attendance/data/bulk-upload/components/__tests__/BulkUploadPanel.test.tsx
[22m[39m◇ injected env (0) from .env.local // tip: ⌘ custom filepath { path: '/custom/path/.env' }

[90mstdout[2m | src/hooks/domain/services/__tests__/servicesHooks.test.ts
[22m[39m◇ injected env (0) from .env.local // tip: ⌘ multiple files { path: ['.env.local', '.env'] }

 [31m❯[39m src/pages/admin/events/[id]/attendance/data/bulk-upload/components/__tests__/BulkUploadPanel.test.tsx [2m([22m[2m0 test[22m[2m)[22m
[90mstdout[2m | src/pages/admin/events/[id]/attendance/data/bulk-upload/components/__tests__/BulkUploadPanel.test.tsx
[22m[39m◇ injected env (0) from .env.local // tip: ⌘ custom filepath { path: '/custom/path/.env' }

 [31m❯[39m src/pages/admin/events/[id]/attendance/data/bulk-upload/components/__tests__/BulkUploadPanel.test.tsx [2m([22m[2m0 test[22m[2m)[22m
[90mstdout[2m | src/pages/hello/__tests__/HelloCarouselPage.test.tsx
[22m[39m◇ injected env (0) from .env.local // tip: ⌁ auth for agents [www.vestauth.com]

[90mstdout[2m | src/pages/events/[slug]/register/__tests__/EventRegistrationPage.test.tsx
[22m[39m◇ injected env (0) from .env.local // tip: ⌘ custom filepath { path: '/custom/path/.env' }

 [32m✓[39m src/hooks/domain/services/__tests__/servicesHooks.test.ts [2m([22m[2m12 tests[22m[2m)[22m[33m 718[2mms[22m[39m
 [32m✓[39m src/pages/hello/__tests__/HelloCarouselPage.test.tsx [2m([22m[2m16 tests[22m[2m)[22m[33m 759[2mms[22m[39m
[90mstdout[2m | src/pages/admin/members/[id]/components/__tests__/SundayAvailabilityEditor.test.tsx
[22m[39m◇ injected env (0) from .env.local // tip: ⌘ override existing { override: true }

[90mstdout[2m | src/pages/events/[slug]/register/__tests__/EventRegistrationPage.test.tsx[2m > [22m[2mEventRegistrationPage[2m > [22m[2msubmits registration successfully in update mode and surfaces success message
[22m[39m[INFO] Submitting registration: {
  event_slug: [32m'sample-event'[39m,
  member_credential: [32m'WC-001'[39m,
  idempotency_key: [32m'11111111-1111-1111-1111-111111111111'[39m
}

[90mstdout[2m | src/pages/events/[slug]/register/__tests__/EventRegistrationPage.test.tsx[2m > [22m[2mEventRegistrationPage[2m > [22m[2msubmits registration successfully in update mode and surfaces success message
[22m[39m[INFO] Registration submission successful: {
  success: [33mtrue[39m,
  registration_id: [32m'reg-1'[39m,
  status: [32m'updated'[39m,
  is_new: [33mfalse[39m,
  message: [32m'Updated'[39m
}

[90mstdout[2m | src/pages/events/[slug]/register/__tests__/EventRegistrationPage.test.tsx[2m > [22m[2mEventRegistrationPage[2m > [22m[2msurfaces duplicate-blocked submission errors
[22m[39m[INFO] Submitting registration: {
  event_slug: [32m'sample-event'[39m,
  member_credential: [32m'WC-001'[39m,
  idempotency_key: [32m'11111111-1111-1111-1111-111111111111'[39m
}

[90mstderr[2m | src/pages/events/[slug]/register/__tests__/EventRegistrationPage.test.tsx[2m > [22m[2mEventRegistrationPage[2m > [22m[2msurfaces duplicate-blocked submission errors
[22m[39m[ERROR] Registration submission failed: {
  success: [33mfalse[39m,
  error: [32m'Duplicate blocked'[39m,
  error_code: [32m'duplicate_blocked'[39m
}

[90mstderr[2m | src/pages/events/[slug]/register/__tests__/EventRegistrationPage.test.tsx[2m > [22m[2mEventRegistrationPage[2m > [22m[2mshows validation error when event slug is missing at submit time
[22m[39m[ERROR] Event slug is missing

[90mstderr[2m | src/pages/events/[slug]/register/__tests__/EventRegistrationPage.test.tsx[2m > [22m[2mEventRegistrationPage[2m > [22m[2mruns scan-buffer success path and update-mode scroll branch
[22m[39mAn update to EventRegistrationPage inside a test was not wrapped in act(...).

When testing, code that causes React state updates should be wrapped into act(...):

act(() => {
  /* fire events that update state */
});
/* assert on the output */

This ensures that you're testing the behavior the user would see in the browser. Learn more at https://react.dev/link/wrap-tests-with-act
An update to EventRegistrationPage inside a test was not wrapped in act(...).

When testing, code that causes React state updates should be wrapped into act(...):

act(() => {
  /* fire events that update state */
});
/* assert on the output */

This ensures that you're testing the behavior the user would see in the browser. Learn more at https://react.dev/link/wrap-tests-with-act
An update to EventRegistrationPage inside a test was not wrapped in act(...).

When testing, code that causes React state updates should be wrapped into act(...):

act(() => {
  /* fire events that update state */
});
/* assert on the output */

This ensures that you're testing the behavior the user would see in the browser. Learn more at https://react.dev/link/wrap-tests-with-act

[90mstderr[2m | src/pages/events/[slug]/register/__tests__/EventRegistrationPage.test.tsx[2m > [22m[2mEventRegistrationPage[2m > [22m[2mruns scan-buffer success path and update-mode scroll branch
[22m[39mAn update to EventRegistrationPage inside a test was not wrapped in act(...).

When testing, code that causes React state updates should be wrapped into act(...):

act(() => {
  /* fire events that update state */
});
/* assert on the output */

This ensures that you're testing the behavior the user would see in the browser. Learn more at https://react.dev/link/wrap-tests-with-act
An update to EventRegistrationPage inside a test was not wrapped in act(...).

When testing, code that causes React state updates should be wrapped into act(...):

act(() => {
  /* fire events that update state */
});
/* assert on the output */

This ensures that you're testing the behavior the user would see in the browser. Learn more at https://react.dev/link/wrap-tests-with-act

 [32m✓[39m src/pages/admin/members/[id]/components/__tests__/SundayAvailabilityEditor.test.tsx [2m([22m[2m4 tests[22m[2m)[22m[32m 279[2mms[22m[39m
 [32m✓[39m src/pages/events/[slug]/register/__tests__/EventRegistrationPage.test.tsx [2m([22m[2m14 tests[22m[2m)[22m[33m 353[2mms[22m[39m
[90mstdout[2m | src/pages/events/[slug]/register/__tests__/useEventRegistrationPageState.test.ts
[22m[39m◇ injected env (0) from .env.local // tip: ◈ encrypted .env [www.dotenvx.com]

[90mstdout[2m | src/pages/admin/members/[id]/components/__tests__/EditableMemberAvatar.test.tsx
[22m[39m◇ injected env (0) from .env.local // tip: ⌘ multiple files { path: ['.env.local', '.env'] }

[90mstderr[2m | src/pages/events/[slug]/register/__tests__/useEventRegistrationPageState.test.ts[2m > [22m[2museEventRegistrationPageState[2m > [22m[2msets submit error when slug is missing
[22m[39m[ERROR] Event slug is missing

[90mstdout[2m | src/pages/events/[slug]/register/components/field-renderers/__tests__/DateFieldRenderer.test.tsx
[22m[39m◇ injected env (0) from .env.local // tip: ⌘ custom filepath { path: '/custom/path/.env' }

[90mstderr[2m | src/pages/events/[slug]/register/__tests__/useEventRegistrationPageState.test.ts[2m > [22m[2museEventRegistrationPageState[2m > [22m[2msets submit errors for missing member context and unavailable event
[22m[39m[ERROR] Member lookup missing at submission time

[90mstderr[2m | src/pages/events/[slug]/register/__tests__/useEventRegistrationPageState.test.ts[2m > [22m[2museEventRegistrationPageState[2m > [22m[2msets submit errors for missing member context and unavailable event
[22m[39m[ERROR] Event not available: { status: [32m'unavailable'[39m, reason: [32m'registration_closed'[39m }

[90mstdout[2m | src/pages/events/[slug]/register/__tests__/useEventRegistrationPageState.test.ts[2m > [22m[2museEventRegistrationPageState[2m > [22m[2mhandles submit failure and success paths including cancel update reset
[22m[39m[INFO] Submitting registration: {
  event_slug: [32m'sample-event'[39m,
  member_credential: [32m'WC-001'[39m,
  idempotency_key: [32m'1eca20fa-54b9-4eaa-9ad3-4efbc5f8beeb'[39m
}

[90mstderr[2m | src/pages/events/[slug]/register/__tests__/useEventRegistrationPageState.test.ts[2m > [22m[2museEventRegistrationPageState[2m > [22m[2mhandles submit failure and success paths including cancel update reset
[22m[39m[ERROR] Registration submission failed: { success: [33mfalse[39m, error: [32m'Server unavailable'[39m }

[90mstdout[2m | src/pages/events/[slug]/register/__tests__/useEventRegistrationPageState.test.ts[2m > [22m[2museEventRegistrationPageState[2m > [22m[2mhandles submit failure and success paths including cancel update reset
[22m[39m[INFO] Submitting registration: {
  event_slug: [32m'sample-event'[39m,
  member_credential: [32m'WC-001'[39m,
  idempotency_key: [32m'41653bf8-8ad0-44ac-9dff-3cd2aa344819'[39m
}

[90mstdout[2m | src/pages/events/[slug]/register/__tests__/useEventRegistrationPageState.test.ts[2m > [22m[2museEventRegistrationPageState[2m > [22m[2mhandles submit failure and success paths including cancel update reset
[22m[39m[INFO] Registration submission successful: { success: [33mtrue[39m, registration_id: [32m'reg-1'[39m }

[90mstdout[2m | src/pages/events/[slug]/register/__tests__/useEventRegistrationPageState.test.ts[2m > [22m[2museEventRegistrationPageState[2m > [22m[2mmaps duplicate blocked submission errors to the dedicated user message
[22m[39m[INFO] Submitting registration: {
  event_slug: [32m'sample-event'[39m,
  member_credential: [32m'WC-001'[39m,
  idempotency_key: [32m'185465b4-798d-40ed-81e8-a41aeaecbd27'[39m
}

[90mstderr[2m | src/pages/events/[slug]/register/__tests__/useEventRegistrationPageState.test.ts[2m > [22m[2museEventRegistrationPageState[2m > [22m[2mmaps duplicate blocked submission errors to the dedicated user message
[22m[39m[ERROR] Registration submission failed: { success: [33mfalse[39m, error_code: [32m'duplicate_blocked'[39m, error: [32m'ignored'[39m }

[90mstdout[2m | src/pages/events/[slug]/register/__tests__/useEventRegistrationPageState.test.ts[2m > [22m[2museEventRegistrationPageState[2m > [22m[2mmaps duplicate compound key errors to inline unique field errors
[22m[39m[INFO] Submitting registration: {
  event_slug: [32m'sample-event'[39m,
  member_credential: [32m'WC-001'[39m,
  idempotency_key: [32m'e8859353-d2c9-40eb-82a5-60b7f36a82d1'[39m
}

[90mstderr[2m | src/pages/events/[slug]/register/__tests__/useEventRegistrationPageState.test.ts[2m > [22m[2museEventRegistrationPageState[2m > [22m[2mmaps duplicate compound key errors to inline unique field errors
[22m[39m[ERROR] Registration submission failed: {
  success: [33mfalse[39m,
  error_code: [32m'duplicate_compound_key'[39m,
  error: [32m'ignored'[39m
}

[90mstdout[2m | src/pages/events/[slug]/register/__tests__/useEventRegistrationPageState.test.ts[2m > [22m[2museEventRegistrationPageState[2m > [22m[2mmaps validation failed responses to field errors and generic submit message
[22m[39m[INFO] Submitting registration: {
  event_slug: [32m'sample-event'[39m,
  member_credential: [32m'WC-001'[39m,
  idempotency_key: [32m'9eb7b634-e36c-4fbf-9d06-aaa055af4ec9'[39m
}

[90mstderr[2m | src/pages/events/[slug]/register/__tests__/useEventRegistrationPageState.test.ts[2m > [22m[2museEventRegistrationPageState[2m > [22m[2mmaps validation failed responses to field errors and generic submit message
[22m[39m[ERROR] Registration submission failed: {
  success: [33mfalse[39m,
  error_code: [32m'VALIDATION_FAILED'[39m,
  errors: [ { fieldKey: [32m'team_name'[39m, message: [32m'Team name is required'[39m } ]
}

[90mstdout[2m | src/pages/events/[slug]/register/__tests__/useEventRegistrationPageState.test.ts[2m > [22m[2museEventRegistrationPageState[2m > [22m[2mkeeps update-mode users on Step 3 confirmed state after successful submission
[22m[39m[INFO] Submitting registration: {
  event_slug: [32m'sample-event'[39m,
  member_credential: [32m'WC-001'[39m,
  idempotency_key: [32m'eaed7bd8-4ceb-41fe-8b14-7b35ff889bd1'[39m
}

[90mstdout[2m | src/pages/events/[slug]/register/__tests__/useEventRegistrationPageState.test.ts[2m > [22m[2museEventRegistrationPageState[2m > [22m[2mkeeps update-mode users on Step 3 confirmed state after successful submission
[22m[39m[INFO] Registration submission successful: { success: [33mtrue[39m, registration_id: [32m'reg-2'[39m }

[90mstdout[2m | src/pages/events/[slug]/register/__tests__/useEventRegistrationPageState.test.ts[2m > [22m[2museEventRegistrationPageState[2m > [22m[2mauto-submits once when user enters step 3 and there are no active fields
[22m[39m[INFO] Submitting registration: {
  event_slug: [32m'sample-event'[39m,
  member_credential: [32m'WC-001'[39m,
  idempotency_key: [32m'3e6181c4-7bad-4f18-8918-8304e4f69422'[39m
}

[90mstdout[2m | src/pages/events/[slug]/register/__tests__/useEventRegistrationPageState.test.ts[2m > [22m[2museEventRegistrationPageState[2m > [22m[2mauto-submits once when user enters step 3 and there are no active fields
[22m[39m[INFO] Registration submission successful: { success: [33mtrue[39m, registration_id: [32m'reg-no-fields'[39m }

[90mstderr[2m | src/pages/events/[slug]/register/__tests__/useEventRegistrationPageState.test.ts[2m > [22m[2museEventRegistrationPageState[2m > [22m[2mnavigates to home when signed in user cancels or acknowledges confirmation
[22m[39mAn update to TestComponent inside a test was not wrapped in act(...).

When testing, code that causes React state updates should be wrapped into act(...):

act(() => {
  /* fire events that update state */
});
/* assert on the output */

This ensures that you're testing the behavior the user would see in the browser. Learn more at https://react.dev/link/wrap-tests-with-act
An update to TestComponent inside a test was not wrapped in act(...).

When testing, code that causes React state updates should be wrapped into act(...):

act(() => {
  /* fire events that update state */
});
/* assert on the output */

This ensures that you're testing the behavior the user would see in the browser. Learn more at https://react.dev/link/wrap-tests-with-act
An update to TestComponent inside a test was not wrapped in act(...).

When testing, code that causes React state updates should be wrapped into act(...):

act(() => {
  /* fire events that update state */
});
/* assert on the output */

This ensures that you're testing the behavior the user would see in the browser. Learn more at https://react.dev/link/wrap-tests-with-act
An update to TestComponent inside a test was not wrapped in act(...).

When testing, code that causes React state updates should be wrapped into act(...):

act(() => {
  /* fire events that update state */
});
/* assert on the output */

This ensures that you're testing the behavior the user would see in the browser. Learn more at https://react.dev/link/wrap-tests-with-act

[90mstderr[2m | src/pages/events/[slug]/register/__tests__/useEventRegistrationPageState.test.ts[2m > [22m[2museEventRegistrationPageState[2m > [22m[2mnavigates to home when signed in user cancels or acknowledges confirmation
[22m[39mAn update to TestComponent inside a test was not wrapped in act(...).

When testing, code that causes React state updates should be wrapped into act(...):

act(() => {
  /* fire events that update state */
});
/* assert on the output */

This ensures that you're testing the behavior the user would see in the browser. Learn more at https://react.dev/link/wrap-tests-with-act
An update to TestComponent inside a test was not wrapped in act(...).

When testing, code that causes React state updates should be wrapped into act(...):

act(() => {
  /* fire events that update state */
});
/* assert on the output */

This ensures that you're testing the behavior the user would see in the browser. Learn more at https://react.dev/link/wrap-tests-with-act
An update to TestComponent inside a test was not wrapped in act(...).

When testing, code that causes React state updates should be wrapped into act(...):

act(() => {
  /* fire events that update state */
});
/* assert on the output */

This ensures that you're testing the behavior the user would see in the browser. Learn more at https://react.dev/link/wrap-tests-with-act

 [32m✓[39m src/pages/events/[slug]/register/__tests__/useEventRegistrationPageState.test.ts [2m([22m[2m24 tests[22m[2m)[22m[32m 284[2mms[22m[39m
[90mstderr[2m | src/pages/events/[slug]/register/components/field-renderers/__tests__/DateFieldRenderer.test.tsx[2m > [22m[2mDateFieldRenderer[2m > [22m[2mopens picker and writes selected date value
[22m[39mAn update to DateRendererHarness inside a test was not wrapped in act(...).

When testing, code that causes React state updates should be wrapped into act(...):

act(() => {
  /* fire events that update state */
});
/* assert on the output */

This ensures that you're testing the behavior the user would see in the browser. Learn more at https://react.dev/link/wrap-tests-with-act

 [32m✓[39m src/pages/admin/members/[id]/components/__tests__/EditableMemberAvatar.test.tsx [2m([22m[2m8 tests[22m[2m)[22m[32m 283[2mms[22m[39m
[90mstderr[2m | src/pages/events/[slug]/register/components/field-renderers/__tests__/DateFieldRenderer.test.tsx[2m > [22m[2mDateFieldRenderer[2m > [22m[2maccepts selected date when weekday is allowed
[22m[39mAn update to DateRendererHarness inside a test was not wrapped in act(...).

When testing, code that causes React state updates should be wrapped into act(...):

act(() => {
  /* fire events that update state */
});
/* assert on the output */

This ensures that you're testing the behavior the user would see in the browser. Learn more at https://react.dev/link/wrap-tests-with-act
An update to DateRendererHarness inside a test was not wrapped in act(...).

When testing, code that causes React state updates should be wrapped into act(...):

act(() => {
  /* fire events that update state */
});
/* assert on the output */

This ensures that you're testing the behavior the user would see in the browser. Learn more at https://react.dev/link/wrap-tests-with-act

[90mstderr[2m | src/pages/events/[slug]/register/components/field-renderers/__tests__/DateFieldRenderer.test.tsx[2m > [22m[2mDatetimeFieldRenderer[2m > [22m[2mcombines selected date and typed time into datetime value
[22m[39mAn update to DatetimeRendererHarness inside a test was not wrapped in act(...).

When testing, code that causes React state updates should be wrapped into act(...):

act(() => {
  /* fire events that update state */
});
/* assert on the output */

This ensures that you're testing the behavior the user would see in the browser. Learn more at https://react.dev/link/wrap-tests-with-act
An update to DatetimeRendererHarness inside a test was not wrapped in act(...).

When testing, code that causes React state updates should be wrapped into act(...):

act(() => {
  /* fire events that update state */
});
/* assert on the output */

This ensures that you're testing the behavior the user would see in the browser. Learn more at https://react.dev/link/wrap-tests-with-act

 [32m✓[39m src/pages/events/[slug]/register/components/field-renderers/__tests__/DateFieldRenderer.test.tsx [2m([22m[2m10 tests[22m[2m)[22m[32m 287[2mms[22m[39m
[90mstdout[2m | src/pages/events/[slug]/register/components/__tests__/NameLookupModal.test.tsx
[22m[39m◇ injected env (0) from .env.local // tip: ◈ encrypted .env [www.dotenvx.com]

[90mstdout[2m | src/pages/admin/events/[id]/attendance/fields/components/__tests__/AttendanceFieldTypeSelector.test.tsx
[22m[39m◇ injected env (0) from .env.local // tip: ⌘ override existing { override: true }

[90mstdout[2m | src/pages/admin/events/[id]/attendance/data/components/__tests__/AttendeeDetailsModal.test.tsx
[22m[39m◇ injected env (0) from .env.local // tip: ⌘ suppress logs { quiet: true }

 [32m✓[39m src/pages/events/[slug]/register/components/__tests__/NameLookupModal.test.tsx [2m([22m[2m12 tests[22m[2m)[22m[32m 235[2mms[22m[39m
 [32m✓[39m src/pages/admin/events/[id]/attendance/fields/components/__tests__/AttendanceFieldTypeSelector.test.tsx [2m([22m[2m9 tests[22m[2m)[22m[32m 164[2mms[22m[39m
 [32m✓[39m src/pages/admin/events/[id]/attendance/data/components/__tests__/AttendeeDetailsModal.test.tsx [2m([22m[2m14 tests[22m[2m)[22m[32m 178[2mms[22m[39m
[90mstdout[2m | src/pages/admin/members/[id]/components/__tests__/MetadataEntriesEditor.test.tsx
[22m[39m◇ injected env (0) from .env.local // tip: ◈ encrypted .env [www.dotenvx.com]

[90mstdout[2m | src/pages/admin/events/components/__tests__/AdminEventComponents.test.tsx
[22m[39m◇ injected env (0) from .env.local // tip: ⌘ enable debugging { debug: true }

[90mstdout[2m | src/pages/admin/events/[id]/attendance/fields/components/__tests__/RuleInput.test.tsx
[22m[39m◇ injected env (0) from .env.local // tip: ◈ secrets for agents [www.dotenvx.com]

 [32m✓[39m src/pages/admin/members/[id]/components/__tests__/MetadataEntriesEditor.test.tsx [2m([22m[2m6 tests[22m[2m)[22m[32m 168[2mms[22m[39m
 [32m✓[39m src/pages/admin/events/[id]/attendance/fields/components/__tests__/RuleInput.test.tsx [2m([22m[2m13 tests[22m[2m)[22m[32m 134[2mms[22m[39m
 [32m✓[39m src/pages/admin/events/components/__tests__/AdminEventComponents.test.tsx [2m([22m[2m5 tests[22m[2m)[22m[32m 115[2mms[22m[39m
[90mstdout[2m | src/pages/profile/components/__tests__/SundayAvailabilityDisplay.test.tsx
[22m[39m◇ injected env (0) from .env.local // tip: ⌘ override existing { override: true }

[90mstdout[2m | src/pages/privacy/__tests__/PrivacyPolicyPage.test.tsx
[22m[39m◇ injected env (0) from .env.local // tip: ⌘ custom filepath { path: '/custom/path/.env' }

[90mstdout[2m | src/pages/member/[id]/__tests__/EventRegistrationsModal.test.tsx
[22m[39m◇ injected env (0) from .env.local // tip: ◈ secrets for agents [www.dotenvx.com]

 [32m✓[39m src/pages/profile/components/__tests__/SundayAvailabilityDisplay.test.tsx [2m([22m[2m2 tests[22m[2m)[22m[32m 138[2mms[22m[39m
 [32m✓[39m src/pages/privacy/__tests__/PrivacyPolicyPage.test.tsx [2m([22m[2m3 tests[22m[2m)[22m[32m 134[2mms[22m[39m
 [32m✓[39m src/pages/member/[id]/__tests__/EventRegistrationsModal.test.tsx [2m([22m[2m6 tests[22m[2m)[22m[32m 117[2mms[22m[39m
[90mstdout[2m | src/pages/terms/__tests__/TermsOfServicePage.test.tsx
[22m[39m◇ injected env (0) from .env.local // tip: ⌁ auth for agents [www.vestauth.com]

[90mstdout[2m | src/components/layout/__tests__/UserIdentity.test.tsx
[22m[39m◇ injected env (0) from .env.local // tip: ⌘ override existing { override: true }

 [32m✓[39m src/pages/terms/__tests__/TermsOfServicePage.test.tsx [2m([22m[2m3 tests[22m[2m)[22m[32m 104[2mms[22m[39m
 [32m✓[39m src/components/layout/__tests__/UserIdentity.test.tsx [2m([22m[2m4 tests[22m[2m)[22m[32m 88[2mms[22m[39m
[90mstdout[2m | src/pages/admin/members/[id]/components/__tests__/MemberLifecycleActions.test.tsx
[22m[39m◇ injected env (0) from .env.local // tip: ◈ secrets for agents [www.dotenvx.com]

[90mstderr[2m | src/pages/admin/members/[id]/components/__tests__/MemberLifecycleActions.test.tsx[2m > [22m[2mMemberLifecycleActions[2m > [22m[2mshows delete action for active member and confirms delete
[22m[39mAn update to MemberLifecycleActions inside a test was not wrapped in act(...).

When testing, code that causes React state updates should be wrapped into act(...):

act(() => {
  /* fire events that update state */
});
/* assert on the output */

This ensures that you're testing the behavior the user would see in the browser. Learn more at https://react.dev/link/wrap-tests-with-act

[90mstderr[2m | src/pages/admin/members/[id]/components/__tests__/MemberLifecycleActions.test.tsx[2m > [22m[2mMemberLifecycleActions[2m > [22m[2mshows restore action for deleted member and confirms restore
[22m[39mAn update to MemberLifecycleActions inside a test was not wrapped in act(...).

When testing, code that causes React state updates should be wrapped into act(...):

act(() => {
  /* fire events that update state */
});
/* assert on the output */

This ensures that you're testing the behavior the user would see in the browser. Learn more at https://react.dev/link/wrap-tests-with-act

 [32m✓[39m src/pages/admin/members/[id]/components/__tests__/MemberLifecycleActions.test.tsx [2m([22m[2m6 tests[22m[2m)[22m[32m 111[2mms[22m[39m
[90mstdout[2m | src/components/ui/__tests__/CollapsibleSectionCard.test.tsx
[22m[39m◇ injected env (0) from .env.local // tip: ◈ secrets for agents [www.dotenvx.com]

[90mstdout[2m | src/pages/forms/[slug]/submit/components/__tests__/FormHeaderCard.test.tsx
[22m[39m◇ injected env (0) from .env.local // tip: ◈ secrets for agents [www.dotenvx.com]

[90mstdout[2m | src/pages/admin/events/[id]/fields/components/__tests__/VisibilityRuleSection.test.tsx
[22m[39m◇ injected env (0) from .env.local // tip: ⌘ multiple files { path: ['.env.local', '.env'] }

 [32m✓[39m src/components/ui/__tests__/CollapsibleSectionCard.test.tsx [2m([22m[2m2 tests[22m[2m)[22m[32m 125[2mms[22m[39m
 [32m✓[39m src/pages/admin/events/[id]/fields/components/__tests__/VisibilityRuleSection.test.tsx [2m([22m[2m5 tests[22m[2m)[22m[32m 108[2mms[22m[39m
 [32m✓[39m src/pages/forms/[slug]/submit/components/__tests__/FormHeaderCard.test.tsx [2m([22m[2m5 tests[22m[2m)[22m[32m 109[2mms[22m[39m
[90mstdout[2m | src/pages/events/[slug]/register/components/__tests__/MemberLookupMethodSelector.test.tsx
[22m[39m◇ injected env (0) from .env.local // tip: ⌘ override existing { override: true }

[90mstdout[2m | src/components/ui/__tests__/FormInputField.test.tsx
[22m[39m◇ injected env (0) from .env.local // tip: ⌁ auth for agents [www.vestauth.com]

[90mstdout[2m | src/components/ui/__tests__/Switch.test.tsx
[22m[39m◇ injected env (0) from .env.local // tip: ⌘ override existing { override: true }

 [32m✓[39m src/components/ui/__tests__/FormInputField.test.tsx [2m([22m[2m3 tests[22m[2m)[22m[32m 90[2mms[22m[39m
 [32m✓[39m src/pages/events/[slug]/register/components/__tests__/MemberLookupMethodSelector.test.tsx [2m([22m[2m5 tests[22m[2m)[22m[32m 96[2mms[22m[39m
 [32m✓[39m src/components/ui/__tests__/Switch.test.tsx [2m([22m[2m8 tests[22m[2m)[22m[32m 89[2mms[22m[39m
[90mstdout[2m | src/pages/admin/forms/[id]/submissions/components/__tests__/ExportSubmissionsButton.test.tsx
[22m[39m◇ injected env (0) from .env.local // tip: ⌘ override existing { override: true }

[90mstdout[2m | src/components/ui/__tests__/DropdownMenu.test.tsx
[22m[39m◇ injected env (0) from .env.local // tip: ⌘ enable debugging { debug: true }

[90mstdout[2m | src/pages/admin/events/[id]/attendance/dashboard/components/__tests__/ExportDashboardCheckInsButton.test.tsx
[22m[39m◇ injected env (0) from .env.local // tip: ◈ secrets for agents [www.dotenvx.com]

 [32m✓[39m src/components/ui/__tests__/DropdownMenu.test.tsx [2m([22m[2m4 tests[22m[2m)[22m[32m 78[2mms[22m[39m
 [32m✓[39m src/pages/admin/forms/[id]/submissions/components/__tests__/ExportSubmissionsButton.test.tsx [2m([22m[2m5 tests[22m[2m)[22m[32m 112[2mms[22m[39m
 [32m✓[39m src/pages/admin/events/[id]/attendance/dashboard/components/__tests__/ExportDashboardCheckInsButton.test.tsx [2m([22m[2m3 tests[22m[2m)[22m[32m 84[2mms[22m[39m
[90mstdout[2m | src/pages/admin/events/_event-form/components/__tests__/EventDetailsSection.test.tsx
[22m[39m◇ injected env (0) from .env.local // tip: ⌘ multiple files { path: ['.env.local', '.env'] }

[90mstdout[2m | src/pages/admin/events/_event-form/components/__tests__/EventFormActions.test.tsx
[22m[39m◇ injected env (0) from .env.local // tip: ⌁ auth for agents [www.vestauth.com]

 [32m✓[39m src/pages/admin/events/_event-form/components/__tests__/EventDetailsSection.test.tsx [2m([22m[2m3 tests[22m[2m)[22m[32m 89[2mms[22m[39m
[90mstdout[2m | src/hooks/domain/attendance/state/__tests__/useAttendanceViewControlsState.test.ts
[22m[39m◇ injected env (0) from .env.local // tip: ⌘ multiple files { path: ['.env.local', '.env'] }

 [32m✓[39m src/pages/admin/events/_event-form/components/__tests__/EventFormActions.test.tsx [2m([22m[2m5 tests[22m[2m)[22m[32m 78[2mms[22m[39m
 [32m✓[39m src/hooks/domain/attendance/state/__tests__/useAttendanceViewControlsState.test.ts [2m([22m[2m13 tests[22m[2m)[22m[32m 78[2mms[22m[39m
[90mstdout[2m | src/components/ui/__tests__/Avatar.test.tsx
[22m[39m◇ injected env (0) from .env.local // tip: ◈ secrets for agents [www.dotenvx.com]

[90mstdout[2m | src/components/ui/__tests__/ConfirmDialog.test.tsx
[22m[39m◇ injected env (0) from .env.local // tip: ⌘ custom filepath { path: '/custom/path/.env' }

 [32m✓[39m src/components/ui/__tests__/Avatar.test.tsx [2m([22m[2m4 tests[22m[2m)[22m[32m 94[2mms[22m[39m
 [32m✓[39m src/components/ui/__tests__/ConfirmDialog.test.tsx [2m([22m[2m5 tests[22m[2m)[22m[32m 79[2mms[22m[39m
[90mstdout[2m | src/pages/admin/events/[id]/attendance/data/components/__tests__/ExportAttendanceViewButton.test.tsx
[22m[39m◇ injected env (0) from .env.local // tip: ◈ encrypted .env [www.dotenvx.com]

 [32m✓[39m src/pages/admin/events/[id]/attendance/data/components/__tests__/ExportAttendanceViewButton.test.tsx [2m([22m[2m2 tests[22m[2m)[22m[32m 63[2mms[22m[39m
[90mstdout[2m | src/components/ui/__tests__/ColorSwatchDisplay.test.tsx
[22m[39m◇ injected env (0) from .env.local // tip: ⌘ custom filepath { path: '/custom/path/.env' }

 [32m✓[39m src/components/ui/__tests__/ColorSwatchDisplay.test.tsx [2m([22m[2m3 tests[22m[2m)[22m[32m 54[2mms[22m[39m
[90mstdout[2m | src/components/ui/__tests__/ActionLink.test.tsx
[22m[39m◇ injected env (0) from .env.local // tip: ⌘ custom filepath { path: '/custom/path/.env' }

 [32m✓[39m src/components/ui/__tests__/ActionLink.test.tsx [2m([22m[2m4 tests[22m[2m)[22m[32m 123[2mms[22m[39m
[90mstdout[2m | src/components/ui/__tests__/FormTextareaField.test.tsx
[22m[39m◇ injected env (0) from .env.local // tip: ⌘ enable debugging { debug: true }

[90mstdout[2m | src/pages/admin/events/_event-form/components/__tests__/EventDateRangeSection.test.tsx
[22m[39m◇ injected env (0) from .env.local // tip: ⌘ multiple files { path: ['.env.local', '.env'] }

 [32m✓[39m src/components/ui/__tests__/FormTextareaField.test.tsx [2m([22m[2m2 tests[22m[2m)[22m[32m 85[2mms[22m[39m
 [32m✓[39m src/pages/admin/events/_event-form/components/__tests__/EventDateRangeSection.test.tsx [2m([22m[2m2 tests[22m[2m)[22m[32m 68[2mms[22m[39m
[90mstdout[2m | src/hooks/utils/__tests__/useRfidAutoFocus.test.tsx
[22m[39m◇ injected env (0) from .env.local // tip: ◈ encrypted .env [www.dotenvx.com]

 [32m✓[39m src/hooks/utils/__tests__/useRfidAutoFocus.test.tsx [2m([22m[2m6 tests[22m[2m)[22m[32m 63[2mms[22m[39m
[90mstdout[2m | src/components/ui/__tests__/SlugField.test.tsx
[22m[39m◇ injected env (0) from .env.local // tip: ◈ secrets for agents [www.dotenvx.com]

[90mstdout[2m | src/hooks/utils/__tests__/useFieldAnswerTextFormatter.test.ts
[22m[39m◇ injected env (0) from .env.local // tip: ⌁ auth for agents [www.vestauth.com]

 [32m✓[39m src/components/ui/__tests__/SlugField.test.tsx [2m([22m[2m2 tests[22m[2m)[22m[32m 76[2mms[22m[39m
 [32m✓[39m src/hooks/utils/__tests__/useFieldAnswerTextFormatter.test.ts [2m([22m[2m23 tests[22m[2m)[22m[32m 65[2mms[22m[39m
[90mstdout[2m | src/pages/not-found/__tests__/NotFoundPage.test.tsx
[22m[39m◇ injected env (0) from .env.local // tip: ⌘ override existing { override: true }

 [32m✓[39m src/pages/not-found/__tests__/NotFoundPage.test.tsx [2m([22m[2m1 test[22m[2m)[22m[32m 57[2mms[22m[39m
[90mstdout[2m | src/components/layout/__tests__/AppFooter.test.tsx
[22m[39m◇ injected env (0) from .env.local // tip: ◈ encrypted .env [www.dotenvx.com]

[90mstdout[2m | src/pages/events/[slug]/register/components/field-renderers/__tests__/TextFieldRenderer.test.tsx
[22m[39m◇ injected env (0) from .env.local // tip: ⌘ custom filepath { path: '/custom/path/.env' }

 [32m✓[39m src/components/layout/__tests__/AppFooter.test.tsx [2m([22m[2m1 test[22m[2m)[22m[32m 64[2mms[22m[39m
[90mstdout[2m | src/hooks/utils/__tests__/useErrorWithFadeout.test.tsx
[22m[39m◇ injected env (0) from .env.local // tip: ⌁ auth for agents [www.vestauth.com]

 [32m✓[39m src/pages/events/[slug]/register/components/field-renderers/__tests__/TextFieldRenderer.test.tsx [2m([22m[2m2 tests[22m[2m)[22m[32m 78[2mms[22m[39m
 [32m✓[39m src/hooks/utils/__tests__/useErrorWithFadeout.test.tsx [2m([22m[2m3 tests[22m[2m)[22m[32m 58[2mms[22m[39m
[90mstdout[2m | src/pages/home/components/__tests__/WelcomeHelloBanner.test.tsx
[22m[39m◇ injected env (0) from .env.local // tip: ⌘ enable debugging { debug: true }

[90mstdout[2m | src/pages/events/[slug]/register/components/field-renderers/__tests__/CheckboxFieldRenderer.test.tsx
[22m[39m◇ injected env (0) from .env.local // tip: ⌘ multiple files { path: ['.env.local', '.env'] }

[90mstdout[2m | src/pages/admin/events/[id]/attendance/data/components/__tests__/AttendanceViewFieldSelector.test.tsx
[22m[39m◇ injected env (0) from .env.local // tip: ⌘ custom filepath { path: '/custom/path/.env' }

 [32m✓[39m src/pages/events/[slug]/register/components/field-renderers/__tests__/CheckboxFieldRenderer.test.tsx [2m([22m[2m2 tests[22m[2m)[22m[32m 70[2mms[22m[39m
 [32m✓[39m src/pages/home/components/__tests__/WelcomeHelloBanner.test.tsx [2m([22m[2m2 tests[22m[2m)[22m[32m 86[2mms[22m[39m
 [32m✓[39m src/pages/admin/events/[id]/attendance/data/components/__tests__/AttendanceViewFieldSelector.test.tsx [2m([22m[2m1 test[22m[2m)[22m[32m 57[2mms[22m[39m
[90mstdout[2m | src/lib/domain/event-fields/__tests__/schemas.test.ts
[22m[39m◇ injected env (0) from .env.local // tip: ◈ secrets for agents [www.dotenvx.com]

[90mstdout[2m | src/hooks/utils/__tests__/useLocalStorage.test.ts
[22m[39m◇ injected env (0) from .env.local // tip: ⌘ custom filepath { path: '/custom/path/.env' }

 [32m✓[39m src/hooks/utils/__tests__/useLocalStorage.test.ts [2m([22m[2m16 tests[22m[2m)[22m[32m 60[2mms[22m[39m
 [32m✓[39m src/lib/domain/event-fields/__tests__/schemas.test.ts [2m([22m[2m26 tests[22m[2m)[22m[32m 59[2mms[22m[39m
[90mstdout[2m | src/pages/events/[slug]/register/components/__tests__/MemberIdentityPanel.test.tsx
[22m[39m◇ injected env (0) from .env.local // tip: ⌘ multiple files { path: ['.env.local', '.env'] }

 [32m✓[39m src/pages/events/[slug]/register/components/__tests__/MemberIdentityPanel.test.tsx [2m([22m[2m2 tests[22m[2m)[22m[32m 50[2mms[22m[39m
[90mstdout[2m | src/hooks/utils/__tests__/useStepCountdown.test.ts
[22m[39m◇ injected env (0) from .env.local // tip: ⌘ override existing { override: true }

[90mstdout[2m | src/hooks/utils/__tests__/useScanBuffer.test.tsx
[22m[39m◇ injected env (0) from .env.local // tip: ⌘ enable debugging { debug: true }

 [32m✓[39m src/hooks/utils/__tests__/useStepCountdown.test.ts [2m([22m[2m6 tests[22m[2m)[22m[32m 53[2mms[22m[39m
 [32m✓[39m src/hooks/utils/__tests__/useScanBuffer.test.tsx [2m([22m[2m7 tests[22m[2m)[22m[32m 58[2mms[22m[39m
[90mstdout[2m | src/components/ui/__tests__/Badge.test.tsx
[22m[39m◇ injected env (0) from .env.local // tip: ⌘ multiple files { path: ['.env.local', '.env'] }

 [32m✓[39m src/components/ui/__tests__/Badge.test.tsx [2m([22m[2m3 tests[22m[2m)[22m[32m 51[2mms[22m[39m
[90mstdout[2m | src/pages/admin/events/_event-form/components/__tests__/EventStatusWarning.test.tsx
[22m[39m◇ injected env (0) from .env.local // tip: ◈ secrets for agents [www.dotenvx.com]

[90mstdout[2m | src/pages/admin/events/_event-form/components/__tests__/SaveConfirmationDialog.test.tsx
[22m[39m◇ injected env (0) from .env.local // tip: ⌘ enable debugging { debug: true }

 [32m✓[39m src/pages/admin/events/_event-form/components/__tests__/EventStatusWarning.test.tsx [2m([22m[2m4 tests[22m[2m)[22m[32m 47[2mms[22m[39m
 [32m✓[39m src/pages/admin/events/_event-form/components/__tests__/SaveConfirmationDialog.test.tsx [2m([22m[2m2 tests[22m[2m)[22m[32m 47[2mms[22m[39m
[90mstdout[2m | src/hooks/utils/__tests__/useKioskInactivityReset.test.tsx
[22m[39m◇ injected env (0) from .env.local // tip: ⌘ multiple files { path: ['.env.local', '.env'] }

 [32m✓[39m src/hooks/utils/__tests__/useKioskInactivityReset.test.tsx [2m([22m[2m2 tests[22m[2m)[22m[32m 46[2mms[22m[39m
[90mstdout[2m | src/pages/events/[slug]/register/components/__tests__/RegistrationStatusPanel.test.tsx
[22m[39m◇ injected env (0) from .env.local // tip: ⌘ suppress logs { quiet: true }

[90mstdout[2m | src/components/ui/__tests__/Grid.test.tsx
[22m[39m◇ injected env (0) from .env.local // tip: ⌘ enable debugging { debug: true }

 [32m✓[39m src/pages/events/[slug]/register/components/__tests__/RegistrationStatusPanel.test.tsx [2m([22m[2m3 tests[22m[2m)[22m[32m 69[2mms[22m[39m
 [32m✓[39m src/components/ui/__tests__/Grid.test.tsx [2m([22m[2m4 tests[22m[2m)[22m[32m 51[2mms[22m[39m
[90mstdout[2m | src/lib/domain/attendance-views/__tests__/transforms.test.ts
[22m[39m◇ injected env (0) from .env.local // tip: ⌘ enable debugging { debug: true }

 [32m✓[39m src/lib/domain/attendance-views/__tests__/transforms.test.ts [2m([22m[2m30 tests[22m[2m)[22m[32m 41[2mms[22m[39m
[90mstdout[2m | src/lib/domain/attendance-views/__tests__/parsing.test.ts
[22m[39m◇ injected env (0) from .env.local // tip: ◈ encrypted .env [www.dotenvx.com]

 [32m✓[39m src/lib/domain/attendance-views/__tests__/parsing.test.ts [2m([22m[2m60 tests[22m[2m)[22m[32m 42[2mms[22m[39m
[90mstdout[2m | src/pages/admin/events/new/__tests__/AdminNewEventPage.test.tsx
[22m[39m◇ injected env (0) from .env.local // tip: ◈ encrypted .env [www.dotenvx.com]

 [32m✓[39m src/pages/admin/events/new/__tests__/AdminNewEventPage.test.tsx [2m([22m[2m1 test[22m[2m)[22m[32m 40[2mms[22m[39m
[90mstdout[2m | src/pages/admin/events/[id]/__tests__/AdminEditEventPage.test.tsx
[22m[39m◇ injected env (0) from .env.local // tip: ⌘ enable debugging { debug: true }

 [32m✓[39m src/pages/admin/events/[id]/__tests__/AdminEditEventPage.test.tsx [2m([22m[2m1 test[22m[2m)[22m[32m 38[2mms[22m[39m
[90mstdout[2m | src/lib/domain/registrations/__tests__/transforms.test.ts
[22m[39m◇ injected env (0) from .env.local // tip: ◈ encrypted .env [www.dotenvx.com]

 [32m✓[39m src/lib/domain/registrations/__tests__/transforms.test.ts [2m([22m[2m7 tests[22m[2m)[22m[32m 38[2mms[22m[39m
[90mstdout[2m | src/hooks/utils/__tests__/useIsMobileViewport.test.ts
[22m[39m◇ injected env (0) from .env.local // tip: ⌘ enable debugging { debug: true }

 [32m✓[39m src/hooks/utils/__tests__/useIsMobileViewport.test.ts [2m([22m[2m4 tests[22m[2m)[22m[32m 38[2mms[22m[39m
[90mstdout[2m | src/hooks/utils/__tests__/useWizardStepScroll.test.tsx
[22m[39m◇ injected env (0) from .env.local // tip: ⌘ suppress logs { quiet: true }

 [32m✓[39m src/hooks/utils/__tests__/useWizardStepScroll.test.tsx [2m([22m[2m3 tests[22m[2m)[22m[32m 39[2mms[22m[39m
[90mstdout[2m | src/hooks/utils/__tests__/useSaveConfirmation.test.tsx
[22m[39m◇ injected env (0) from .env.local // tip: ◈ encrypted .env [www.dotenvx.com]

 [32m✓[39m src/hooks/utils/__tests__/useSaveConfirmation.test.tsx [2m([22m[2m4 tests[22m[2m)[22m[32m 39[2mms[22m[39m
[90mstdout[2m | src/hooks/utils/__tests__/useSlugGeneration.test.tsx
[22m[39m◇ injected env (0) from .env.local // tip: ◈ encrypted .env [www.dotenvx.com]

 [32m✓[39m src/hooks/utils/__tests__/useSlugGeneration.test.tsx [2m([22m[2m2 tests[22m[2m)[22m[32m 36[2mms[22m[39m
[90mstdout[2m | src/lib/domain/attendance/__tests__/csv-parser.test.ts
[22m[39m◇ injected env (0) from .env.local // tip: ⌘ enable debugging { debug: true }

 [32m✓[39m src/lib/domain/attendance/__tests__/csv-parser.test.ts [2m([22m[2m19 tests[22m[2m)[22m[32m 52[2mms[22m[39m
[90mstdout[2m | src/pages/admin/events/[id]/attendance/data/hooks/__tests__/useAttendanceDataViewOptions.test.ts
[22m[39m◇ injected env (0) from .env.local // tip: ⌘ multiple files { path: ['.env.local', '.env'] }

[90mstdout[2m | src/lib/domain/attendance-views/__tests__/schemas.test.ts
[22m[39m◇ injected env (0) from .env.local // tip: ⌘ enable debugging { debug: true }

 [32m✓[39m src/pages/admin/events/[id]/attendance/data/hooks/__tests__/useAttendanceDataViewOptions.test.ts [2m([22m[2m1 test[22m[2m)[22m[32m 31[2mms[22m[39m
[90mstdout[2m | src/lib/domain/services/__tests__/services.test.ts
[22m[39m◇ injected env (0) from .env.local // tip: ⌘ custom filepath { path: '/custom/path/.env' }

 [32m✓[39m src/lib/domain/attendance-views/__tests__/schemas.test.ts [2m([22m[2m16 tests[22m[2m)[22m[32m 26[2mms[22m[39m
 [32m✓[39m src/lib/domain/services/__tests__/services.test.ts [2m([22m[2m11 tests[22m[2m)[22m[32m 20[2mms[22m[39m
[90mstdout[2m | src/lib/domain/members/__tests__/csv-import.test.ts
[22m[39m◇ injected env (0) from .env.local // tip: ⌁ auth for agents [www.vestauth.com]

 [32m✓[39m src/lib/domain/members/__tests__/csv-import.test.ts [2m([22m[2m19 tests[22m[2m)[22m[32m 26[2mms[22m[39m
[90mstdout[2m | src/lib/infrastructure/__tests__/supabase.test.ts
[22m[39m◇ injected env (0) from .env.local // tip: ⌘ override existing { override: true }

[90mstdout[2m | src/lib/domain/event-fields/__tests__/validation.test.ts
[22m[39m◇ injected env (0) from .env.local // tip: ⌘ enable debugging { debug: true }

 [32m✓[39m src/lib/infrastructure/__tests__/supabase.test.ts [2m([22m[2m7 tests[22m[2m)[22m[32m 26[2mms[22m[39m
 [32m✓[39m src/lib/domain/event-fields/__tests__/validation.test.ts [2m([22m[2m16 tests[22m[2m)[22m[32m 22[2mms[22m[39m
[90mstdout[2m | src/lib/domain/event-fields/__tests__/transforms.test.ts
[22m[39m◇ injected env (0) from .env.local // tip: ⌘ override existing { override: true }

 [32m✓[39m src/lib/domain/event-fields/__tests__/transforms.test.ts [2m([22m[2m20 tests[22m[2m)[22m[32m 34[2mms[22m[39m
[90mstdout[2m | src/lib/domain/attendance/__tests__/schemas.test.ts
[22m[39m◇ injected env (0) from .env.local // tip: ⌘ custom filepath { path: '/custom/path/.env' }

[90mstdout[2m | src/lib/domain/events/__tests__/schemas.test.ts
[22m[39m◇ injected env (0) from .env.local // tip: ⌘ suppress logs { quiet: true }

 [32m✓[39m src/lib/domain/attendance/__tests__/schemas.test.ts [2m([22m[2m9 tests[22m[2m)[22m[32m 20[2mms[22m[39m
 [32m✓[39m src/lib/domain/events/__tests__/schemas.test.ts [2m([22m[2m7 tests[22m[2m)[22m[32m 16[2mms[22m[39m
[90mstdout[2m | src/pages/hello/__tests__/constants.test.ts
[22m[39m◇ injected env (0) from .env.local // tip: ⌁ auth for agents [www.vestauth.com]

 [32m✓[39m src/pages/hello/__tests__/constants.test.ts [2m([22m[2m3 tests[22m[2m)[22m[32m 11[2mms[22m[39m
[90mstdout[2m | src/lib/domain/public-registrations/__tests__/csv-parser.test.ts
[22m[39m◇ injected env (0) from .env.local // tip: ⌘ custom filepath { path: '/custom/path/.env' }

 [32m✓[39m src/lib/domain/public-registrations/__tests__/csv-parser.test.ts [2m([22m[2m11 tests[22m[2m)[22m[32m 13[2mms[22m[39m
[90mstdout[2m | src/lib/domain/attendance-views/__tests__/grouping.test.ts
[22m[39m◇ injected env (0) from .env.local // tip: ⌘ multiple files { path: ['.env.local', '.env'] }

 [32m✓[39m src/lib/domain/attendance-views/__tests__/grouping.test.ts [2m([22m[2m25 tests[22m[2m)[22m[32m 18[2mms[22m[39m
[90mstdout[2m | src/lib/domain/forms/__tests__/schemas.test.ts
[22m[39m◇ injected env (0) from .env.local // tip: ⌘ suppress logs { quiet: true }

 [32m✓[39m src/lib/domain/forms/__tests__/schemas.test.ts [2m([22m[2m4 tests[22m[2m)[22m[32m 15[2mms[22m[39m
[90mstdout[2m | src/lib/domain/attendance/__tests__/rfid.test.ts
[22m[39m◇ injected env (0) from .env.local // tip: ◈ secrets for agents [www.dotenvx.com]

 [32m✓[39m src/lib/domain/attendance/__tests__/rfid.test.ts [2m([22m[2m29 tests[22m[2m)[22m[32m 17[2mms[22m[39m
[90mstdout[2m | src/config/__tests__/env.test.ts
[22m[39m◇ injected env (0) from .env.local // tip: ⌁ auth for agents [www.vestauth.com]

 [32m✓[39m src/config/__tests__/env.test.ts [2m([22m[2m3 tests[22m[2m)[22m[32m 16[2mms[22m[39m
[90mstdout[2m | src/lib/domain/members/__tests__/schemas.test.ts
[22m[39m◇ injected env (0) from .env.local // tip: ⌘ enable debugging { debug: true }

 [32m✓[39m src/lib/domain/members/__tests__/schemas.test.ts [2m([22m[2m6 tests[22m[2m)[22m[32m 24[2mms[22m[39m
[90mstdout[2m | src/lib/domain/attendance-views/transforms/__tests__/field-access.test.ts
[22m[39m◇ injected env (0) from .env.local // tip: ⌘ enable debugging { debug: true }

 [32m✓[39m src/lib/domain/attendance-views/transforms/__tests__/field-access.test.ts [2m([22m[2m7 tests[22m[2m)[22m[32m 18[2mms[22m[39m
[90mstdout[2m | src/config/constants/__tests__/routes-and-messages.test.ts
[22m[39m◇ injected env (0) from .env.local // tip: ⌘ custom filepath { path: '/custom/path/.env' }

 [32m✓[39m src/config/constants/__tests__/routes-and-messages.test.ts [2m([22m[2m8 tests[22m[2m)[22m[32m 14[2mms[22m[39m
[90mstdout[2m | src/lib/domain/registrations/__tests__/csv-parser.test.ts
[22m[39m◇ injected env (0) from .env.local // tip: ⌘ override existing { override: true }

 [32m✓[39m src/lib/domain/registrations/__tests__/csv-parser.test.ts [2m([22m[2m11 tests[22m[2m)[22m[32m 13[2mms[22m[39m
[90mstdout[2m | src/lib/infrastructure/__tests__/logger.test.ts
[22m[39m◇ injected env (0) from .env.local // tip: ⌁ auth for agents [www.vestauth.com]

 [32m✓[39m src/lib/infrastructure/__tests__/logger.test.ts [2m([22m[2m2 tests[22m[2m)[22m[32m 12[2mms[22m[39m
[90mstdout[2m | src/pages/admin/events/[id]/attendance/check-in/utils/__tests__/predicates.test.ts
[22m[39m◇ injected env (0) from .env.local // tip: ◈ encrypted .env [www.dotenvx.com]

 [32m✓[39m src/pages/admin/events/[id]/attendance/check-in/utils/__tests__/predicates.test.ts [2m([22m[2m21 tests[22m[2m)[22m[32m 14[2mms[22m[39m
[90mstdout[2m | src/lib/domain/attendance-views/__tests__/export.test.ts
[22m[39m◇ injected env (0) from .env.local // tip: ⌘ enable debugging { debug: true }

 [32m✓[39m src/lib/domain/attendance-views/__tests__/export.test.ts [2m([22m[2m6 tests[22m[2m)[22m[32m 13[2mms[22m[39m
[90mstdout[2m | src/lib/domain/field-visibility/__tests__/field-visibility.test.ts
[22m[39m◇ injected env (0) from .env.local // tip: ⌘ multiple files { path: ['.env.local', '.env'] }

 [32m✓[39m src/lib/domain/field-visibility/__tests__/field-visibility.test.ts [2m([22m[2m9 tests[22m[2m)[22m[32m 12[2mms[22m[39m
[90mstdout[2m | src/lib/domain/auth/__tests__/permissions.test.ts
[22m[39m◇ injected env (0) from .env.local // tip: ⌘ suppress logs { quiet: true }

 [32m✓[39m src/lib/domain/auth/__tests__/permissions.test.ts [2m([22m[2m4 tests[22m[2m)[22m[32m 10[2mms[22m[39m
[90mstdout[2m | src/lib/infrastructure/__tests__/dateFormat.test.ts
[22m[39m◇ injected env (0) from .env.local // tip: ⌘ multiple files { path: ['.env.local', '.env'] }

 [32m✓[39m src/lib/infrastructure/__tests__/dateFormat.test.ts [2m([22m[2m3 tests[22m[2m)[22m[32m 10[2mms[22m[39m
[90mstdout[2m | src/lib/domain/attendance/__tests__/transforms.test.ts
[22m[39m◇ injected env (0) from .env.local // tip: ⌘ enable debugging { debug: true }

 [32m✓[39m src/lib/domain/attendance/__tests__/transforms.test.ts [2m([22m[2m6 tests[22m[2m)[22m[32m 11[2mms[22m[39m
[90mstdout[2m | src/lib/domain/attendance/__tests__/slot-labels.test.ts
[22m[39m◇ injected env (0) from .env.local // tip: ⌘ custom filepath { path: '/custom/path/.env' }

 [32m✓[39m src/lib/domain/attendance/__tests__/slot-labels.test.ts [2m([22m[2m4 tests[22m[2m)[22m[32m 11[2mms[22m[39m
[90mstdout[2m | src/lib/domain/event-fields/__tests__/metadata.test.ts
[22m[39m◇ injected env (0) from .env.local // tip: ◈ secrets for agents [www.dotenvx.com]

 [32m✓[39m src/lib/domain/event-fields/__tests__/metadata.test.ts [2m([22m[2m5 tests[22m[2m)[22m[32m 9[2mms[22m[39m
[90mstdout[2m | src/lib/domain/attendance-fields/__tests__/metadata.test.ts
[22m[39m◇ injected env (0) from .env.local // tip: ⌘ enable debugging { debug: true }

 [32m✓[39m src/lib/domain/attendance-fields/__tests__/metadata.test.ts [2m([22m[2m6 tests[22m[2m)[22m[32m 10[2mms[22m[39m
[90mstdout[2m | src/pages/admin/events/[id]/attendance/check-in/utils/__tests__/timeslotCalculations.test.ts
[22m[39m◇ injected env (0) from .env.local // tip: ⌘ custom filepath { path: '/custom/path/.env' }

 [32m✓[39m src/pages/admin/events/[id]/attendance/check-in/utils/__tests__/timeslotCalculations.test.ts [2m([22m[2m7 tests[22m[2m)[22m[32m 9[2mms[22m[39m
[90mstdout[2m | src/pages/forms/[slug]/submit/components/__tests__/field-helpers.test.ts
[22m[39m◇ injected env (0) from .env.local // tip: ⌘ multiple files { path: ['.env.local', '.env'] }

 [32m✓[39m src/pages/forms/[slug]/submit/components/__tests__/field-helpers.test.ts [2m([22m[2m4 tests[22m[2m)[22m[32m 9[2mms[22m[39m
[90mstdout[2m | src/lib/domain/events/__tests__/metadata.test.ts
[22m[39m◇ injected env (0) from .env.local // tip: ⌘ enable debugging { debug: true }

 [32m✓[39m src/lib/domain/events/__tests__/metadata.test.ts [2m([22m[2m2 tests[22m[2m)[22m[32m 11[2mms[22m[39m
[90mstdout[2m | src/lib/infrastructure/__tests__/attendanceDataSnapshot.test.ts
[22m[39m◇ injected env (0) from .env.local // tip: ⌘ suppress logs { quiet: true }

 [32m✓[39m src/lib/infrastructure/__tests__/attendanceDataSnapshot.test.ts [2m([22m[2m2 tests[22m[2m)[22m[32m 8[2mms[22m[39m
[90mstdout[2m | src/lib/infrastructure/__tests__/pagination.test.ts
[22m[39m◇ injected env (0) from .env.local // tip: ⌘ suppress logs { quiet: true }

 [32m✓[39m src/lib/infrastructure/__tests__/pagination.test.ts [2m([22m[2m3 tests[22m[2m)[22m[32m 8[2mms[22m[39m

[31m⎯⎯⎯⎯⎯[39m[1m[41m Failed Suites 151 [49m[22m[31m⎯⎯⎯⎯⎯⎯[39m

[41m[1m FAIL [22m[49m src/components/layout/__tests__/AdminNavigationDrawer.test.tsx[2m [ src/components/layout/__tests__/AdminNavigationDrawer.test.tsx ][22m
[41m[1m FAIL [22m[49m src/components/layout/__tests__/AppDrawerNavigation.test.tsx[2m [ src/components/layout/__tests__/AppDrawerNavigation.test.tsx ][22m
[41m[1m FAIL [22m[49m src/components/layout/__tests__/AppMobileShell.test.tsx[2m [ src/components/layout/__tests__/AppMobileShell.test.tsx ][22m
[41m[1m FAIL [22m[49m src/components/layout/__tests__/AppShell.test.tsx[2m [ src/components/layout/__tests__/AppShell.test.tsx ][22m
[41m[1m FAIL [22m[49m src/components/layout/__tests__/AppShellHeader.test.tsx[2m [ src/components/layout/__tests__/AppShellHeader.test.tsx ][22m
[41m[1m FAIL [22m[49m src/components/ui/__tests__/AdminPaginationControls.test.tsx[2m [ src/components/ui/__tests__/AdminPaginationControls.test.tsx ][22m
[41m[1m FAIL [22m[49m src/components/ui/__tests__/FormSelectField.test.tsx[2m [ src/components/ui/__tests__/FormSelectField.test.tsx ][22m
[41m[1m FAIL [22m[49m src/components/ui/__tests__/WizardStep.test.tsx[2m [ src/components/ui/__tests__/WizardStep.test.tsx ][22m
[41m[1m FAIL [22m[49m src/pages/home/__tests__/HomePage.test.tsx[2m [ src/pages/home/__tests__/HomePage.test.tsx ][22m
[41m[1m FAIL [22m[49m src/pages/profile/__tests__/ProfilePage.test.tsx[2m [ src/pages/profile/__tests__/ProfilePage.test.tsx ][22m
[41m[1m FAIL [22m[49m src/pages/home/components/__tests__/EventCard.test.tsx[2m [ src/pages/home/components/__tests__/EventCard.test.tsx ][22m
[41m[1m FAIL [22m[49m src/pages/home/components/__tests__/FormCard.test.tsx[2m [ src/pages/home/components/__tests__/FormCard.test.tsx ][22m
[41m[1m FAIL [22m[49m src/pages/home/components/__tests__/HubSection.test.tsx[2m [ src/pages/home/components/__tests__/HubSection.test.tsx ][22m
[41m[1m FAIL [22m[49m src/pages/home/components/__tests__/PastEventList.test.tsx[2m [ src/pages/home/components/__tests__/PastEventList.test.tsx ][22m
[41m[1m FAIL [22m[49m src/pages/member/[id]/__tests__/MemberProfilePage.test.tsx[2m [ src/pages/member/[id]/__tests__/MemberProfilePage.test.tsx ][22m
[41m[1m FAIL [22m[49m src/hooks/domain/attendance/queries/__tests__/useAttendeesLocalCacheQuery.test.ts[2m [ src/hooks/domain/attendance/queries/__tests__/useAttendeesLocalCacheQuery.test.ts ][22m
[41m[1m FAIL [22m[49m src/hooks/domain/attendance/state/__tests__/useOfflineAttendanceDataSnapshot.test.ts[2m [ src/hooks/domain/attendance/state/__tests__/useOfflineAttendanceDataSnapshot.test.ts ][22m
[41m[1m FAIL [22m[49m src/hooks/domain/attendance/state/__tests__/useOfflineCheckInEventSettings.test.ts[2m [ src/hooks/domain/attendance/state/__tests__/useOfflineCheckInEventSettings.test.ts ][22m
[41m[1m FAIL [22m[49m src/pages/admin/events/components/__tests__/MobileEventCard.test.tsx[2m [ src/pages/admin/events/components/__tests__/MobileEventCard.test.tsx ][22m
[41m[1m FAIL [22m[49m src/pages/admin/forms/_form-editor/__tests__/FormEditorPage.test.tsx[2m [ src/pages/admin/forms/_form-editor/__tests__/FormEditorPage.test.tsx ][22m
[41m[1m FAIL [22m[49m src/pages/admin/forms/components/__tests__/AdminFormsTable.test.tsx[2m [ src/pages/admin/forms/components/__tests__/AdminFormsTable.test.tsx ][22m
[41m[1m FAIL [22m[49m src/pages/admin/forms/components/__tests__/FormStatusBadge.test.tsx[2m [ src/pages/admin/forms/components/__tests__/FormStatusBadge.test.tsx ][22m
[41m[1m FAIL [22m[49m src/pages/admin/forms/components/__tests__/MobileFormCard.test.tsx[2m [ src/pages/admin/forms/components/__tests__/MobileFormCard.test.tsx ][22m
[41m[1m FAIL [22m[49m src/pages/admin/members/[id]/__tests__/AdminMemberDetailPage.test.tsx[2m [ src/pages/admin/members/[id]/__tests__/AdminMemberDetailPage.test.tsx ][22m
[41m[1m FAIL [22m[49m src/pages/admin/members/milestones/__tests__/AdminMemberMilestonesPage.test.tsx[2m [ src/pages/admin/members/milestones/__tests__/AdminMemberMilestonesPage.test.tsx ][22m
[41m[1m FAIL [22m[49m src/pages/forms/[slug]/submit/__tests__/FormSubmissionPage.test.tsx[2m [ src/pages/forms/[slug]/submit/__tests__/FormSubmissionPage.test.tsx ][22m
[41m[1m FAIL [22m[49m src/pages/admin/forms/[id]/submissions/__tests__/AdminFormSubmissionsPage.test.tsx[2m [ src/pages/admin/forms/[id]/submissions/__tests__/AdminFormSubmissionsPage.test.tsx ][22m
[41m[1m FAIL [22m[49m src/pages/events/[slug]/register/components/__tests__/ConditionalVisibilityRegistration.test.tsx[2m [ src/pages/events/[slug]/register/components/__tests__/ConditionalVisibilityRegistration.test.tsx ][22m
[41m[1m FAIL [22m[49m src/pages/events/[slug]/register/components/__tests__/DynamicFieldsStepCard.test.tsx[2m [ src/pages/events/[slug]/register/components/__tests__/DynamicFieldsStepCard.test.tsx ][22m
[41m[1m FAIL [22m[49m src/pages/events/[slug]/register/components/__tests__/MemberLookupErrorAlert.test.tsx[2m [ src/pages/events/[slug]/register/components/__tests__/MemberLookupErrorAlert.test.tsx ][22m
[41m[1m FAIL [22m[49m src/pages/events/[slug]/register/components/__tests__/MemberLookupStepCard.test.tsx[2m [ src/pages/events/[slug]/register/components/__tests__/MemberLookupStepCard.test.tsx ][22m
[41m[1m FAIL [22m[49m src/pages/events/[slug]/register/components/__tests__/ProfileStepCard.test.tsx[2m [ src/pages/events/[slug]/register/components/__tests__/ProfileStepCard.test.tsx ][22m
[41m[1m FAIL [22m[49m src/pages/admin/members/milestones/components/__tests__/ExportMonthMilestonesButton.test.tsx[2m [ src/pages/admin/members/milestones/components/__tests__/ExportMonthMilestonesButton.test.tsx ][22m
[41m[1m FAIL [22m[49m src/pages/forms/[slug]/submit/components/__tests__/FormConfirmationStepCard.test.tsx[2m [ src/pages/forms/[slug]/submit/components/__tests__/FormConfirmationStepCard.test.tsx ][22m
[41m[1m FAIL [22m[49m src/pages/forms/[slug]/submit/components/__tests__/FormFieldsStepCard.test.tsx[2m [ src/pages/forms/[slug]/submit/components/__tests__/FormFieldsStepCard.test.tsx ][22m
[41m[1m FAIL [22m[49m src/pages/forms/[slug]/submit/components/__tests__/GuestInfoStepCard.test.tsx[2m [ src/pages/forms/[slug]/submit/components/__tests__/GuestInfoStepCard.test.tsx ][22m
[41m[1m FAIL [22m[49m src/pages/forms/[slug]/submit/hooks/__tests__/useFormSubmissionPageState.test.ts[2m [ src/pages/forms/[slug]/submit/hooks/__tests__/useFormSubmissionPageState.test.ts ][22m
[41m[1m FAIL [22m[49m src/pages/admin/events/[id]/attendance/components/__tests__/AttendanceTimeslotEditor.test.tsx[2m [ src/pages/admin/events/[id]/attendance/components/__tests__/AttendanceTimeslotEditor.test.tsx ][22m
[41m[1m FAIL [22m[49m src/pages/admin/events/[id]/attendance/data/__tests__/AdminAttendanceDataPage.test.tsx[2m [ src/pages/admin/events/[id]/attendance/data/__tests__/AdminAttendanceDataPage.test.tsx ][22m
[41m[1m FAIL [22m[49m src/pages/admin/events/[id]/registrations/components/__tests__/PublicRegistrationsList.test.tsx[2m [ src/pages/admin/events/[id]/registrations/components/__tests__/PublicRegistrationsList.test.tsx ][22m
[41m[1m FAIL [22m[49m src/pages/admin/forms/[id]/submissions/components/__tests__/SubmissionDetailDialog.test.tsx[2m [ src/pages/admin/forms/[id]/submissions/components/__tests__/SubmissionDetailDialog.test.tsx ][22m
[41m[1m FAIL [22m[49m src/pages/admin/forms/[id]/submissions/components/__tests__/SubmissionsList.test.tsx[2m [ src/pages/admin/forms/[id]/submissions/components/__tests__/SubmissionsList.test.tsx ][22m
[41m[1m FAIL [22m[49m src/pages/events/[slug]/register/components/field-renderers/__tests__/SelectFieldRenderer.test.tsx[2m [ src/pages/events/[slug]/register/components/field-renderers/__tests__/SelectFieldRenderer.test.tsx ][22m
[41m[1m FAIL [22m[49m src/pages/admin/events/[id]/attendance/check-in/components/__tests__/AttendeeTimeslotSelectionPanel.test.tsx[2m [ src/pages/admin/events/[id]/attendance/check-in/components/__tests__/AttendeeTimeslotSelectionPanel.test.tsx ][22m
[41m[1m FAIL [22m[49m src/pages/admin/events/[id]/attendance/data/components/__tests__/AttendanceDataCardView.test.tsx[2m [ src/pages/admin/events/[id]/attendance/data/components/__tests__/AttendanceDataCardView.test.tsx ][22m
[41m[1m FAIL [22m[49m src/pages/admin/events/[id]/attendance/data/components/__tests__/AttendanceDataEntryList.test.tsx[2m [ src/pages/admin/events/[id]/attendance/data/components/__tests__/AttendanceDataEntryList.test.tsx ][22m
[41m[1m FAIL [22m[49m src/pages/admin/events/[id]/attendance/data/components/__tests__/AttendanceDataEntryPanel.test.tsx[2m [ src/pages/admin/events/[id]/attendance/data/components/__tests__/AttendanceDataEntryPanel.test.tsx ][22m
[41m[1m FAIL [22m[49m src/pages/admin/events/[id]/attendance/data/components/__tests__/AttendanceDataMobileView.test.tsx[2m [ src/pages/admin/events/[id]/attendance/data/components/__tests__/AttendanceDataMobileView.test.tsx ][22m
[41m[1m FAIL [22m[49m src/pages/admin/events/[id]/attendance/data/components/__tests__/AttendanceDataTableView.test.tsx[2m [ src/pages/admin/events/[id]/attendance/data/components/__tests__/AttendanceDataTableView.test.tsx ][22m
[41m[1m FAIL [22m[49m src/pages/admin/events/[id]/attendance/data/components/__tests__/AttendanceViewControls.test.tsx[2m [ src/pages/admin/events/[id]/attendance/data/components/__tests__/AttendanceViewControls.test.tsx ][22m
[41m[1m FAIL [22m[49m src/pages/admin/events/[id]/attendance/data/components/__tests__/ConditionalVisibilityAttendance.test.tsx[2m [ src/pages/admin/events/[id]/attendance/data/components/__tests__/ConditionalVisibilityAttendance.test.tsx ][22m
[41m[1m FAIL [22m[49m src/pages/admin/events/[id]/attendance/data/components/__tests__/SavedViewsModal.test.tsx[2m [ src/pages/admin/events/[id]/attendance/data/components/__tests__/SavedViewsModal.test.tsx ][22m
[41m[1m FAIL [22m[49m src/pages/admin/events/[id]/attendance/data/hooks/__tests__/useSelectedAttendanceView.test.ts[2m [ src/pages/admin/events/[id]/attendance/data/hooks/__tests__/useSelectedAttendanceView.test.ts ][22m
[41m[1m FAIL [22m[49m src/pages/admin/events/[id]/attendance/fields/components/__tests__/AttendanceFieldEditPanel.test.tsx[2m [ src/pages/admin/events/[id]/attendance/fields/components/__tests__/AttendanceFieldEditPanel.test.tsx ][22m
[41m[1m FAIL [22m[49m src/pages/admin/events/[id]/attendance/data/bulk-upload/components/__tests__/BulkUploadPanel.test.tsx[2m [ src/pages/admin/events/[id]/attendance/data/bulk-upload/components/__tests__/BulkUploadPanel.test.tsx ][22m
[31m[1mError[22m: Missing environment variable: one of VITE_SUPABASE_URL, NEXT_PUBLIC_SUPABASE_URL[39m
[36m [2m❯[22m requiredAny src/config/env.ts:[2m9:9[22m[39m
    [90m  7|[39m   }
    [90m  8|[39m
    [90m  9|[39m   throw new Error(`Missing environment variable: one of ${names.join('…
    [90m   |[39m         [31m^[39m
    [90m 10|[39m }
    [90m 11|[39m
[90m [2m❯[22m src/config/env.ts:[2m13:16[22m[39m

[31m[2m⎯⎯⎯⎯⎯⎯⎯⎯⎯⎯⎯⎯⎯⎯⎯⎯⎯⎯⎯⎯⎯⎯[1/151]⎯[22m[39m

[41m[1m FAIL [22m[49m src/components/ui/__tests__/EventHeaderCard.test.tsx[2m [ src/components/ui/__tests__/EventHeaderCard.test.tsx ][22m
[31m[1mError[22m: [vitest] There was an error when mocking a module. If you are using "vi.mock" factory, make sure there are no top level variables inside, since this call is hoisted to top of the file. Read more: https://vitest.dev/api/vi.html#vi-mock[39m
[36m [2m❯[22m src/components/ui/EventHeaderCard.tsx:[2m8:1[22m[39m
    [90m  6|[39m [35mimport[39m { [33mSkeleton[39m } [35mfrom[39m [32m'@/components/ui/Skeleton'[39m[33m;[39m
    [90m  7|[39m [35mimport[39m type { [33mEventAvailability[39m } [35mfrom[39m [32m'@/lib/domain/events'[39m[33m;[39m
    [90m  8|[39m [35mimport[39m { formatDateTime } [35mfrom[39m [32m'@/lib/infrastructure'[39m[33m;[39m
    [90m   |[39m [31m^[39m
    [90m  9|[39m
    [90m 10|[39m type [33mEventHeaderCardProps[39m [33m=[39m {

[31m[1mCaused by: Error[22m: Missing environment variable: one of VITE_SUPABASE_URL, NEXT_PUBLIC_SUPABASE_URL[39m
[36m [2m❯[22m requiredAny src/config/env.ts:[2m9:9[22m[39m
[90m [2m❯[22m src/config/env.ts:[2m13:16[22m[39m

[31m[2m⎯⎯⎯⎯⎯⎯⎯⎯⎯⎯⎯⎯⎯⎯⎯⎯⎯⎯⎯⎯⎯⎯[2/151]⎯[22m[39m

[41m[1m FAIL [22m[49m src/pages/login/__tests__/LoginPage.test.tsx[2m [ src/pages/login/__tests__/LoginPage.test.tsx ][22m
[31m[1mError[22m: [vitest] There was an error when mocking a module. If you are using "vi.mock" factory, make sure there are no top level variables inside, since this call is hoisted to top of the file. Read more: https://vitest.dev/api/vi.html#vi-mock[39m
[36m [2m❯[22m src/pages/login/index.tsx:[2m12:1[22m[39m
    [90m 10|[39m [35mimport[39m { [33mFormInputField[39m } [35mfrom[39m [32m'@/components/ui/FormInputField'[39m[33m;[39m
    [90m 11|[39m [35mimport[39m { [33mROUTE_PATHS[39m[33m,[39m [33mTOAST_MESSAGES[39m } [35mfrom[39m [32m'@/config/constants'[39m[33m;[39m
    [90m 12|[39m [35mimport[39m {
    [90m   |[39m [31m^[39m
    [90m 13|[39m   useAdminAuthQuery[33m,[39m
    [90m 14|[39m   useAdminLoginMutation[33m,[39m

[31m[1mCaused by: Error[22m: [vitest] There was an error when mocking a module. If you are using "vi.mock" factory, make sure there are no top level variables inside, since this call is hoisted to top of the file. Read more: https://vitest.dev/api/vi.html#vi-mock[39m
[36m [2m❯[22m src/lib/domain/auth/queries.ts:[2m1:1[22m[39m

[31m[1mCaused by: Error[22m: Missing environment variable: one of VITE_SUPABASE_URL, NEXT_PUBLIC_SUPABASE_URL[39m
[36m [2m❯[22m requiredAny src/config/env.ts:[2m9:9[22m[39m
[90m [2m❯[22m src/config/env.ts:[2m13:16[22m[39m

[31m[2m⎯⎯⎯⎯⎯⎯⎯⎯⎯⎯⎯⎯⎯⎯⎯⎯⎯⎯⎯⎯⎯⎯[3/151]⎯[22m[39m

[41m[1m FAIL [22m[49m src/hooks/domain/auth/__tests__/roleHooks.test.tsx[2m [ src/hooks/domain/auth/__tests__/roleHooks.test.tsx ][22m
[41m[1m FAIL [22m[49m src/lib/domain/auth/__tests__/queries.test.ts[2m [ src/lib/domain/auth/__tests__/queries.test.ts ][22m
[31m[1mError[22m: [vitest] There was an error when mocking a module. If you are using "vi.mock" factory, make sure there are no top level variables inside, since this call is hoisted to top of the file. Read more: https://vitest.dev/api/vi.html#vi-mock[39m
[36m [2m❯[22m src/lib/domain/auth/queries.ts:[2m1:1[22m[39m
    [90m  1|[39m [35mimport[39m { supabase } [35mfrom[39m [32m'@/lib/infrastructure'[39m[33m;[39m
    [90m   |[39m [31m^[39m
    [90m  2|[39m
    [90m  3|[39m [35mimport[39m type { [33mAdminAuthState[39m[33m,[39m [33mAdminRole[39m } [35mfrom[39m [32m'./types'[39m[33m;[39m

[31m[1mCaused by: Error[22m: Missing environment variable: one of VITE_SUPABASE_URL, NEXT_PUBLIC_SUPABASE_URL[39m
[36m [2m❯[22m requiredAny src/config/env.ts:[2m9:9[22m[39m
[90m [2m❯[22m src/config/env.ts:[2m13:16[22m[39m

[31m[2m⎯⎯⎯⎯⎯⎯⎯⎯⎯⎯⎯⎯⎯⎯⎯⎯⎯⎯⎯⎯⎯⎯[4/151]⎯[22m[39m

[41m[1m FAIL [22m[49m src/hooks/domain/auth/__tests__/useAdminAuthQuery.test.ts[2m [ src/hooks/domain/auth/__tests__/useAdminAuthQuery.test.ts ][22m
[31m[1mError[22m: [vitest] There was an error when mocking a module. If you are using "vi.mock" factory, make sure there are no top level variables inside, since this call is hoisted to top of the file. Read more: https://vitest.dev/api/vi.html#vi-mock[39m
[36m [2m❯[22m src/hooks/domain/auth/useAdminAuthQuery.ts:[2m3:1[22m[39m
    [90m  1|[39m [35mimport[39m { useQuery } [35mfrom[39m [32m'@tanstack/react-query'[39m[33m;[39m
    [90m  2|[39m
    [90m  3|[39m import { ADMIN_AUTH_QUERY_KEY, type AdminAuthState, fetchAdminAuthStat…
    [90m   |[39m [31m^[39m
    [90m  4|[39m
    [90m  5|[39m [35mexport[39m [35mfunction[39m [34museAdminAuthQuery[39m() {

[31m[1mCaused by: Error[22m: Missing environment variable: one of VITE_SUPABASE_URL, NEXT_PUBLIC_SUPABASE_URL[39m
[36m [2m❯[22m requiredAny src/config/env.ts:[2m9:9[22m[39m
[90m [2m❯[22m src/config/env.ts:[2m13:16[22m[39m

[31m[2m⎯⎯⎯⎯⎯⎯⎯⎯⎯⎯⎯⎯⎯⎯⎯⎯⎯⎯⎯⎯⎯⎯[5/151]⎯[22m[39m

[41m[1m FAIL [22m[49m src/hooks/domain/auth/__tests__/useAdminLoginMutation.test.ts[2m [ src/hooks/domain/auth/__tests__/useAdminLoginMutation.test.ts ][22m
[31m[1mError[22m: [vitest] There was an error when mocking a module. If you are using "vi.mock" factory, make sure there are no top level variables inside, since this call is hoisted to top of the file. Read more: https://vitest.dev/api/vi.html#vi-mock[39m
[36m [2m❯[22m src/hooks/domain/auth/useAdminLoginMutation.ts:[2m3:1[22m[39m
    [90m  1|[39m [35mimport[39m { useMutation[33m,[39m useQueryClient } [35mfrom[39m [32m'@tanstack/react-query'[39m[33m;[39m
    [90m  2|[39m
    [90m  3|[39m import { ADMIN_AUTH_QUERY_KEY, fetchAdminAuthState } from '@/lib/domai…
    [90m   |[39m [31m^[39m
    [90m  4|[39m [35mimport[39m { supabase } [35mfrom[39m [32m'@/lib/infrastructure'[39m[33m;[39m
    [90m  5|[39m

[31m[1mCaused by: Error[22m: [vitest] There was an error when mocking a module. If you are using "vi.mock" factory, make sure there are no top level variables inside, since this call is hoisted to top of the file. Read more: https://vitest.dev/api/vi.html#vi-mock[39m
[36m [2m❯[22m src/lib/domain/auth/queries.ts:[2m1:1[22m[39m

[31m[1mCaused by: Error[22m: Missing environment variable: one of VITE_SUPABASE_URL, NEXT_PUBLIC_SUPABASE_URL[39m
[36m [2m❯[22m requiredAny src/config/env.ts:[2m9:9[22m[39m
[90m [2m❯[22m src/config/env.ts:[2m13:16[22m[39m

[31m[2m⎯⎯⎯⎯⎯⎯⎯⎯⎯⎯⎯⎯⎯⎯⎯⎯⎯⎯⎯⎯⎯⎯[6/151]⎯[22m[39m

[41m[1m FAIL [22m[49m src/hooks/domain/auth/__tests__/useAdminLogoutMutation.test.ts[2m [ src/hooks/domain/auth/__tests__/useAdminLogoutMutation.test.ts ][22m
[41m[1m FAIL [22m[49m src/hooks/domain/members/queries/__tests__/useCurrentProfileQuery.test.ts[2m [ src/hooks/domain/members/queries/__tests__/useCurrentProfileQuery.test.ts ][22m
[31m[1mError[22m: [vitest] There was an error when mocking a module. If you are using "vi.mock" factory, make sure there are no top level variables inside, since this call is hoisted to top of the file. Read more: https://vitest.dev/api/vi.html#vi-mock[39m
[36m [2m❯[22m src/hooks/domain/members/queries/useCurrentProfileQuery.ts:[2m4:1[22m[39m
    [90m  2|[39m
    [90m  3|[39m [35mimport[39m type { [33mAdminMember[39m } [35mfrom[39m [32m'@/lib/domain/members'[39m[33m;[39m
    [90m  4|[39m [35mimport[39m { supabase } [35mfrom[39m [32m'@/lib/infrastructure'[39m[33m;[39m
    [90m   |[39m [31m^[39m
    [90m  5|[39m
    [90m  6|[39m [35mfunction[39m [34mreadMetadataString[39m(value[33m:[39m unknown)[33m:[39m string {

[31m[1mCaused by: Error[22m: Missing environment variable: one of VITE_SUPABASE_URL, NEXT_PUBLIC_SUPABASE_URL[39m
[36m [2m❯[22m requiredAny src/config/env.ts:[2m9:9[22m[39m
[90m [2m❯[22m src/config/env.ts:[2m13:16[22m[39m

[31m[2m⎯⎯⎯⎯⎯⎯⎯⎯⎯⎯⎯⎯⎯⎯⎯⎯⎯⎯⎯⎯⎯⎯[7/151]⎯[22m[39m

[41m[1m FAIL [22m[49m src/hooks/domain/auth/__tests__/useGoogleLoginMutation.test.ts[2m [ src/hooks/domain/auth/__tests__/useGoogleLoginMutation.test.ts ][22m
[31m[1mError[22m: [vitest] There was an error when mocking a module. If you are using "vi.mock" factory, make sure there are no top level variables inside, since this call is hoisted to top of the file. Read more: https://vitest.dev/api/vi.html#vi-mock[39m
[36m [2m❯[22m src/hooks/domain/auth/useGoogleLoginMutation.ts:[2m3:1[22m[39m
    [90m  1|[39m [35mimport[39m { useMutation } [35mfrom[39m [32m'@tanstack/react-query'[39m[33m;[39m
    [90m  2|[39m
    [90m  3|[39m [35mimport[39m { supabase } [35mfrom[39m [32m'@/lib/infrastructure'[39m[33m;[39m
    [90m   |[39m [31m^[39m
    [90m  4|[39m
    [90m  5|[39m [35mexport[39m [35minterface[39m [33mGoogleLoginOptions[39m {

[31m[1mCaused by: Error[22m: Missing environment variable: one of VITE_SUPABASE_URL, NEXT_PUBLIC_SUPABASE_URL[39m
[36m [2m❯[22m requiredAny src/config/env.ts:[2m9:9[22m[39m
[90m [2m❯[22m src/config/env.ts:[2m13:16[22m[39m

[31m[2m⎯⎯⎯⎯⎯⎯⎯⎯⎯⎯⎯⎯⎯⎯⎯⎯⎯⎯⎯⎯⎯⎯[8/151]⎯[22m[39m

[41m[1m FAIL [22m[49m src/hooks/domain/registrations/__tests__/useCancelRegistrationMutation.test.ts[2m [ src/hooks/domain/registrations/__tests__/useCancelRegistrationMutation.test.ts ][22m
[31m[1mError[22m: [vitest] There was an error when mocking a module. If you are using "vi.mock" factory, make sure there are no top level variables inside, since this call is hoisted to top of the file. Read more: https://vitest.dev/api/vi.html#vi-mock[39m
[36m [2m❯[22m src/hooks/domain/registrations/mutations/useCancelRegistrationMutation.ts:[2m3:1[22m[39m
    [90m  1|[39m [35mimport[39m { useMutation[33m,[39m useQueryClient } [35mfrom[39m [32m'@tanstack/react-query'[39m[33m;[39m
    [90m  2|[39m
    [90m  3|[39m [35mimport[39m { createEdgeFunctionCaller } [35mfrom[39m [32m'@/lib/infrastructure'[39m[33m;[39m
    [90m   |[39m [31m^[39m
    [90m  4|[39m
    [90m  5|[39m import { ADMIN_REGISTRATIONS_QUERY_KEY } from '../queries/useAdminRegi…

[31m[1mCaused by: Error[22m: Missing environment variable: one of VITE_SUPABASE_URL, NEXT_PUBLIC_SUPABASE_URL[39m
[36m [2m❯[22m requiredAny src/config/env.ts:[2m9:9[22m[39m
[90m [2m❯[22m src/config/env.ts:[2m13:16[22m[39m

[31m[2m⎯⎯⎯⎯⎯⎯⎯⎯⎯⎯⎯⎯⎯⎯⎯⎯⎯⎯⎯⎯⎯⎯[9/151]⎯[22m[39m

[41m[1m FAIL [22m[49m src/hooks/domain/registrations/__tests__/useReactivateRegistrationMutation.test.ts[2m [ src/hooks/domain/registrations/__tests__/useReactivateRegistrationMutation.test.ts ][22m
[31m[1mError[22m: [vitest] There was an error when mocking a module. If you are using "vi.mock" factory, make sure there are no top level variables inside, since this call is hoisted to top of the file. Read more: https://vitest.dev/api/vi.html#vi-mock[39m
[36m [2m❯[22m src/hooks/domain/registrations/mutations/useReactivateRegistrationMutation.ts:[2m3:1[22m[39m
    [90m  1|[39m [35mimport[39m { useMutation[33m,[39m useQueryClient } [35mfrom[39m [32m'@tanstack/react-query'[39m[33m;[39m
    [90m  2|[39m
    [90m  3|[39m [35mimport[39m { createEdgeFunctionCaller } [35mfrom[39m [32m'@/lib/infrastructure'[39m[33m;[39m
    [90m   |[39m [31m^[39m
    [90m  4|[39m
    [90m  5|[39m import { ADMIN_REGISTRATIONS_QUERY_KEY } from '../queries/useAdminRegi…

[31m[1mCaused by: Error[22m: Missing environment variable: one of VITE_SUPABASE_URL, NEXT_PUBLIC_SUPABASE_URL[39m
[36m [2m❯[22m requiredAny src/config/env.ts:[2m9:9[22m[39m
[90m [2m❯[22m src/config/env.ts:[2m13:16[22m[39m

[31m[2m⎯⎯⎯⎯⎯⎯⎯⎯⎯⎯⎯⎯⎯⎯⎯⎯⎯⎯⎯⎯⎯[10/151]⎯[22m[39m

[41m[1m FAIL [22m[49m src/hooks/domain/registrations/__tests__/useSubmitRegistrationMutation.test.ts[2m [ src/hooks/domain/registrations/__tests__/useSubmitRegistrationMutation.test.ts ][22m
[31m[1mError[22m: [vitest] There was an error when mocking a module. If you are using "vi.mock" factory, make sure there are no top level variables inside, since this call is hoisted to top of the file. Read more: https://vitest.dev/api/vi.html#vi-mock[39m
[36m [2m❯[22m src/hooks/domain/registrations/mutations/useSubmitRegistrationMutation.ts:[2m6:1[22m[39m
    [90m  4|[39m [35mimport[39m { [33mQUERY_KEYS[39m } [35mfrom[39m [32m'@/config/constants'[39m[33m;[39m
    [90m  5|[39m import type { DynamicFieldResponseValues } from '@/lib/domain/event-fi…
    [90m  6|[39m import { createEdgeFunctionCaller, logger } from '@/lib/infrastructure…
    [90m   |[39m [31m^[39m
    [90m  7|[39m
    [90m  8|[39m [35mexport[39m [35minterface[39m [33mSubmitRegistrationRequest[39m {

[31m[1mCaused by: Error[22m: Missing environment variable: one of VITE_SUPABASE_URL, NEXT_PUBLIC_SUPABASE_URL[39m
[36m [2m❯[22m requiredAny src/config/env.ts:[2m9:9[22m[39m
[90m [2m❯[22m src/config/env.ts:[2m13:16[22m[39m

[31m[2m⎯⎯⎯⎯⎯⎯⎯⎯⎯⎯⎯⎯⎯⎯⎯⎯⎯⎯⎯⎯⎯[11/151]⎯[22m[39m

[41m[1m FAIL [22m[49m src/lib/domain/admin-audit/__tests__/mutations.test.ts[2m [ src/lib/domain/admin-audit/__tests__/mutations.test.ts ][22m
[31m[1mError[22m: [vitest] There was an error when mocking a module. If you are using "vi.mock" factory, make sure there are no top level variables inside, since this call is hoisted to top of the file. Read more: https://vitest.dev/api/vi.html#vi-mock[39m
[36m [2m❯[22m src/lib/domain/admin-audit/mutations.ts:[2m1:1[22m[39m
    [90m  1|[39m [35mimport[39m { supabase } [35mfrom[39m [32m'@/lib/infrastructure'[39m[33m;[39m
    [90m   |[39m [31m^[39m
    [90m  2|[39m
    [90m  3|[39m [35mimport[39m type { [33mAdminAuditPayload[39m } [35mfrom[39m [32m'./types'[39m[33m;[39m

[31m[1mCaused by: Error[22m: Missing environment variable: one of VITE_SUPABASE_URL, NEXT_PUBLIC_SUPABASE_URL[39m
[36m [2m❯[22m requiredAny src/config/env.ts:[2m9:9[22m[39m
[90m [2m❯[22m src/config/env.ts:[2m13:16[22m[39m

[31m[2m⎯⎯⎯⎯⎯⎯⎯⎯⎯⎯⎯⎯⎯⎯⎯⎯⎯⎯⎯⎯⎯[12/151]⎯[22m[39m

[41m[1m FAIL [22m[49m src/pages/admin/events/__tests__/AdminEventsPage.test.tsx[2m [ src/pages/admin/events/__tests__/AdminEventsPage.test.tsx ][22m
[41m[1m FAIL [22m[49m src/pages/admin/members/__tests__/AdminMembersPage.test.tsx[2m [ src/pages/admin/members/__tests__/AdminMembersPage.test.tsx ][22m
[41m[1m FAIL [22m[49m src/pages/admin/events/_event-form/__tests__/AdminEventFormPage.test.tsx[2m [ src/pages/admin/events/_event-form/__tests__/AdminEventFormPage.test.tsx ][22m
[41m[1m FAIL [22m[49m src/pages/admin/events/components/__tests__/EventNavigationLinks.test.tsx[2m [ src/pages/admin/events/components/__tests__/EventNavigationLinks.test.tsx ][22m
[41m[1m FAIL [22m[49m src/pages/admin/users/roles/__tests__/AdminUserRolesPage.test.tsx[2m [ src/pages/admin/users/roles/__tests__/AdminUserRolesPage.test.tsx ][22m
[41m[1m FAIL [22m[49m src/pages/admin/events/[id]/fields/__tests__/AdminEventFieldsPage.test.tsx[2m [ src/pages/admin/events/[id]/fields/__tests__/AdminEventFieldsPage.test.tsx ][22m
[41m[1m FAIL [22m[49m src/pages/admin/events/[id]/public-registrations/__tests__/AdminPublicRegistrationsPage.test.tsx[2m [ src/pages/admin/events/[id]/public-registrations/__tests__/AdminPublicRegistrationsPage.test.tsx ][22m
[41m[1m FAIL [22m[49m src/pages/admin/events/[id]/registrations/__tests__/AdminRegistrationsPage.test.tsx[2m [ src/pages/admin/events/[id]/registrations/__tests__/AdminRegistrationsPage.test.tsx ][22m
[41m[1m FAIL [22m[49m src/pages/admin/events/[id]/public-registrations/[registration_id]/__tests__/AdminPublicRegistrationDetailPage.test.tsx[2m [ src/pages/admin/events/[id]/public-registrations/[registration_id]/__tests__/AdminPublicRegistrationDetailPage.test.tsx ][22m
[41m[1m FAIL [22m[49m src/pages/admin/events/[id]/registrations/[registration_id]/__tests__/AdminRegistrationDetailPage.test.tsx[2m [ src/pages/admin/events/[id]/registrations/[registration_id]/__tests__/AdminRegistrationDetailPage.test.tsx ][22m
[31m[1mError[22m: [vitest] There was an error when mocking a module. If you are using "vi.mock" factory, make sure there are no top level variables inside, since this call is hoisted to top of the file. Read more: https://vitest.dev/api/vi.html#vi-mock[39m
[36m [2m❯[22m src/components/layout/AdminBaseNavigation.tsx:[2m2:1[22m[39m
    [90m  1|[39m [35mimport[39m { [33mROUTE_PATHS[39m } [35mfrom[39m [32m'@/config/constants'[39m[33m;[39m
    [90m  2|[39m [35mimport[39m { useAdminAuthQuery } [35mfrom[39m [32m'@/hooks/domain/auth'[39m[33m;[39m
    [90m   |[39m [31m^[39m
    [90m  3|[39m [35mimport[39m { canAdminPerform } [35mfrom[39m [32m'@/lib/domain/auth'[39m[33m;[39m
    [90m  4|[39m

[31m[1mCaused by: Error[22m: [vitest] There was an error when mocking a module. If you are using "vi.mock" factory, make sure there are no top level variables inside, since this call is hoisted to top of the file. Read more: https://vitest.dev/api/vi.html#vi-mock[39m
[36m [2m❯[22m src/lib/domain/auth/queries.ts:[2m1:1[22m[39m

[31m[1mCaused by: Error[22m: Missing environment variable: one of VITE_SUPABASE_URL, NEXT_PUBLIC_SUPABASE_URL[39m
[36m [2m❯[22m requiredAny src/config/env.ts:[2m9:9[22m[39m
[90m [2m❯[22m src/config/env.ts:[2m13:16[22m[39m

[31m[2m⎯⎯⎯⎯⎯⎯⎯⎯⎯⎯⎯⎯⎯⎯⎯⎯⎯⎯⎯⎯⎯[13/151]⎯[22m[39m

[41m[1m FAIL [22m[49m src/hooks/domain/attendance/mutations/__tests__/useAttendanceBulkCsvMutations.test.ts[2m [ src/hooks/domain/attendance/mutations/__tests__/useAttendanceBulkCsvMutations.test.ts ][22m
[41m[1m FAIL [22m[49m src/hooks/domain/attendance/queries/__tests__/useAttendanceSettingsQuery.test.ts[2m [ src/hooks/domain/attendance/queries/__tests__/useAttendanceSettingsQuery.test.ts ][22m
[31m[1mError[22m: [vitest] There was an error when mocking a module. If you are using "vi.mock" factory, make sure there are no top level variables inside, since this call is hoisted to top of the file. Read more: https://vitest.dev/api/vi.html#vi-mock[39m
[36m [2m❯[22m src/hooks/domain/attendance/queries/useAttendanceSettingsQuery.ts:[2m6:1[22m[39m
    [90m  4|[39m [35mimport[39m { [33mQUERY_KEYS[39m } [35mfrom[39m [32m'@/config/constants'[39m[33m;[39m
    [90m  5|[39m import { type AttendanceSettings, normalizeAttendanceTimeslots } from …
    [90m  6|[39m [35mimport[39m { supabase } [35mfrom[39m [32m'@/lib/infrastructure'[39m[33m;[39m
    [90m   |[39m [31m^[39m
    [90m  7|[39m
    [90m  8|[39m [35mfunction[39m [34mbuildDefaultSettings[39m(eventId[33m:[39m string)[33m:[39m [33mAttendanceSettings[39m {

[31m[1mCaused by: Error[22m: Missing environment variable: one of VITE_SUPABASE_URL, NEXT_PUBLIC_SUPABASE_URL[39m
[36m [2m❯[22m requiredAny src/config/env.ts:[2m9:9[22m[39m
[90m [2m❯[22m src/config/env.ts:[2m13:16[22m[39m

[31m[2m⎯⎯⎯⎯⎯⎯⎯⎯⎯⎯⎯⎯⎯⎯⎯⎯⎯⎯⎯⎯⎯[14/151]⎯[22m[39m

[41m[1m FAIL [22m[49m src/hooks/domain/attendance/mutations/__tests__/useCheckInAttendeeMutation.test.ts[2m [ src/hooks/domain/attendance/mutations/__tests__/useCheckInAttendeeMutation.test.ts ][22m
[31m[1mError[22m: [vitest] There was an error when mocking a module. If you are using "vi.mock" factory, make sure there are no top level variables inside, since this call is hoisted to top of the file. Read more: https://vitest.dev/api/vi.html#vi-mock[39m
[36m [2m❯[22m src/hooks/domain/attendance/mutations/useCheckInAttendeeMutation.ts:[2m5:1[22m[39m
    [90m  3|[39m [35mimport[39m { [33mQUERY_KEYS[39m } [35mfrom[39m [32m'@/config/constants'[39m[33m;[39m
    [90m  4|[39m import type { CheckInAttendeeInput, CheckInResult } from '@/lib/domain…
    [90m  5|[39m [35mimport[39m { createEdgeFunctionCaller } [35mfrom[39m [32m'@/lib/infrastructure'[39m[33m;[39m
    [90m   |[39m [31m^[39m
    [90m  6|[39m
    [90m  7|[39m type [33mCheckInAttendeeSuccess[39m [33m=[39m {

[31m[1mCaused by: Error[22m: Missing environment variable: one of VITE_SUPABASE_URL, NEXT_PUBLIC_SUPABASE_URL[39m
[36m [2m❯[22m requiredAny src/config/env.ts:[2m9:9[22m[39m
[90m [2m❯[22m src/config/env.ts:[2m13:16[22m[39m

[31m[2m⎯⎯⎯⎯⎯⎯⎯⎯⎯⎯⎯⎯⎯⎯⎯⎯⎯⎯⎯⎯⎯[15/151]⎯[22m[39m

[41m[1m FAIL [22m[49m src/hooks/domain/attendance/mutations/__tests__/useDeleteAttendanceSavedViewMutation.test.ts[2m [ src/hooks/domain/attendance/mutations/__tests__/useDeleteAttendanceSavedViewMutation.test.ts ][22m
[31m[1mError[22m: [vitest] There was an error when mocking a module. If you are using "vi.mock" factory, make sure there are no top level variables inside, since this call is hoisted to top of the file. Read more: https://vitest.dev/api/vi.html#vi-mock[39m
[36m [2m❯[22m src/hooks/domain/attendance/mutations/useDeleteAttendanceSavedViewMutation.ts:[2m4:1[22m[39m
    [90m  2|[39m
    [90m  3|[39m [35mimport[39m { [33mQUERY_KEYS[39m } [35mfrom[39m [32m'@/config/constants'[39m[33m;[39m
    [90m  4|[39m [35mimport[39m { createEdgeFunctionCaller } [35mfrom[39m [32m'@/lib/infrastructure'[39m[33m;[39m
    [90m   |[39m [31m^[39m
    [90m  5|[39m
    [90m  6|[39m type [33mDeleteSavedViewPayload[39m [33m=[39m {

[31m[1mCaused by: Error[22m: Missing environment variable: one of VITE_SUPABASE_URL, NEXT_PUBLIC_SUPABASE_URL[39m
[36m [2m❯[22m requiredAny src/config/env.ts:[2m9:9[22m[39m
[90m [2m❯[22m src/config/env.ts:[2m13:16[22m[39m

[31m[2m⎯⎯⎯⎯⎯⎯⎯⎯⎯⎯⎯⎯⎯⎯⎯⎯⎯⎯⎯⎯⎯[16/151]⎯[22m[39m

[41m[1m FAIL [22m[49m src/hooks/domain/attendance/mutations/__tests__/useQueuedCheckInAttendeeMutation.test.ts[2m [ src/hooks/domain/attendance/mutations/__tests__/useQueuedCheckInAttendeeMutation.test.ts ][22m
[31m[1mError[22m: [vitest] There was an error when mocking a module. If you are using "vi.mock" factory, make sure there are no top level variables inside, since this call is hoisted to top of the file. Read more: https://vitest.dev/api/vi.html#vi-mock[39m
[36m [2m❯[22m src/hooks/utils/useEdgeFunctionStream.ts:[2m4:1[22m[39m
    [90m  2|[39m [35mimport[39m { useCallback[33m,[39m useState } [35mfrom[39m [32m'react'[39m[33m;[39m
    [90m  3|[39m
    [90m  4|[39m [35mimport[39m { supabase } [35mfrom[39m [32m'@/lib/infrastructure'[39m[33m;[39m
    [90m   |[39m [31m^[39m
    [90m  5|[39m
    [90m  6|[39m [35mexport[39m [35mfunction[39m [34museEdgeFunctionStream[39m(functionName[33m:[39m string) {

[31m[1mCaused by: Error[22m: Missing environment variable: one of VITE_SUPABASE_URL, NEXT_PUBLIC_SUPABASE_URL[39m
[36m [2m❯[22m requiredAny src/config/env.ts:[2m9:9[22m[39m
[90m [2m❯[22m src/config/env.ts:[2m13:16[22m[39m

[31m[2m⎯⎯⎯⎯⎯⎯⎯⎯⎯⎯⎯⎯⎯⎯⎯⎯⎯⎯⎯⎯⎯[17/151]⎯[22m[39m

[41m[1m FAIL [22m[49m src/hooks/domain/attendance/mutations/__tests__/useUpdateAttendanceSettingsMutation.test.ts[2m [ src/hooks/domain/attendance/mutations/__tests__/useUpdateAttendanceSettingsMutation.test.ts ][22m
[31m[1mError[22m: [vitest] There was an error when mocking a module. If you are using "vi.mock" factory, make sure there are no top level variables inside, since this call is hoisted to top of the file. Read more: https://vitest.dev/api/vi.html#vi-mock[39m
[36m [2m❯[22m src/hooks/domain/attendance/mutations/useUpdateAttendanceSettingsMutation.ts:[2m9:1[22m[39m
    [90m  7|[39m   normalizeAttendanceTimeslots[33m,[39m
    [90m  8|[39m } [35mfrom[39m [32m'@/lib/domain/attendance'[39m[33m;[39m
    [90m  9|[39m [35mimport[39m { createEdgeFunctionCaller } [35mfrom[39m [32m'@/lib/infrastructure'[39m[33m;[39m
    [90m   |[39m [31m^[39m
    [90m 10|[39m
    [90m 11|[39m type [33mUpdateAttendanceSettingsSuccess[39m [33m=[39m {

[31m[1mCaused by: Error[22m: Missing environment variable: one of VITE_SUPABASE_URL, NEXT_PUBLIC_SUPABASE_URL[39m
[36m [2m❯[22m requiredAny src/config/env.ts:[2m9:9[22m[39m
[90m [2m❯[22m src/config/env.ts:[2m13:16[22m[39m

[31m[2m⎯⎯⎯⎯⎯⎯⎯⎯⎯⎯⎯⎯⎯⎯⎯⎯⎯⎯⎯⎯⎯[18/151]⎯[22m[39m

[41m[1m FAIL [22m[49m src/hooks/domain/attendance/mutations/__tests__/useUpsertAttendanceAnswersMutation.test.ts[2m [ src/hooks/domain/attendance/mutations/__tests__/useUpsertAttendanceAnswersMutation.test.ts ][22m
[31m[1mError[22m: [vitest] There was an error when mocking a module. If you are using "vi.mock" factory, make sure there are no top level variables inside, since this call is hoisted to top of the file. Read more: https://vitest.dev/api/vi.html#vi-mock[39m
[36m [2m❯[22m src/hooks/domain/attendance/mutations/useUpsertAttendanceAnswersMutation.ts:[2m6:1[22m[39m
    [90m  4|[39m [35mimport[39m { [33mQUERY_KEYS[39m } [35mfrom[39m [32m'@/config/constants'[39m[33m;[39m
    [90m  5|[39m import type { UpsertAttendanceAnswersInput } from '@/lib/domain/attend…
    [90m  6|[39m [35mimport[39m { supabase } [35mfrom[39m [32m'@/lib/infrastructure'[39m[33m;[39m
    [90m   |[39m [31m^[39m
    [90m  7|[39m
    [90m  8|[39m /** Upserts attendance field answers for a single registrant via Postg…

[31m[1mCaused by: Error[22m: Missing environment variable: one of VITE_SUPABASE_URL, NEXT_PUBLIC_SUPABASE_URL[39m
[36m [2m❯[22m requiredAny src/config/env.ts:[2m9:9[22m[39m
[90m [2m❯[22m src/config/env.ts:[2m13:16[22m[39m

[31m[2m⎯⎯⎯⎯⎯⎯⎯⎯⎯⎯⎯⎯⎯⎯⎯⎯⎯⎯⎯⎯⎯[19/151]⎯[22m[39m

[41m[1m FAIL [22m[49m src/hooks/domain/attendance/mutations/__tests__/useUpsertAttendanceSavedViewMutation.test.ts[2m [ src/hooks/domain/attendance/mutations/__tests__/useUpsertAttendanceSavedViewMutation.test.ts ][22m
[31m[1mError[22m: [vitest] There was an error when mocking a module. If you are using "vi.mock" factory, make sure there are no top level variables inside, since this call is hoisted to top of the file. Read more: https://vitest.dev/api/vi.html#vi-mock[39m
[36m [2m❯[22m src/hooks/domain/attendance/mutations/useUpsertAttendanceSavedViewMutation.ts:[2m5:1[22m[39m
    [90m  3|[39m [35mimport[39m { [33mQUERY_KEYS[39m } [35mfrom[39m [32m'@/config/constants'[39m[33m;[39m
    [90m  4|[39m import type { AttendanceSavedView } from '@/lib/domain/attendance-view…
    [90m  5|[39m [35mimport[39m { createEdgeFunctionCaller } [35mfrom[39m [32m'@/lib/infrastructure'[39m[33m;[39m
    [90m   |[39m [31m^[39m
    [90m  6|[39m
    [90m  7|[39m type [33mUpsertSavedViewPayload[39m [33m=[39m {

[31m[1mCaused by: Error[22m: Missing environment variable: one of VITE_SUPABASE_URL, NEXT_PUBLIC_SUPABASE_URL[39m
[36m [2m❯[22m requiredAny src/config/env.ts:[2m9:9[22m[39m
[90m [2m❯[22m src/config/env.ts:[2m13:16[22m[39m

[31m[2m⎯⎯⎯⎯⎯⎯⎯⎯⎯⎯⎯⎯⎯⎯⎯⎯⎯⎯⎯⎯⎯[20/151]⎯[22m[39m

[41m[1m FAIL [22m[49m src/hooks/domain/attendance/queries/__tests__/useAttendanceSavedViewQuery.test.ts[2m [ src/hooks/domain/attendance/queries/__tests__/useAttendanceSavedViewQuery.test.ts ][22m
[31m[1mError[22m: [vitest] There was an error when mocking a module. If you are using "vi.mock" factory, make sure there are no top level variables inside, since this call is hoisted to top of the file. Read more: https://vitest.dev/api/vi.html#vi-mock[39m
[36m [2m❯[22m src/hooks/domain/attendance/queries/useAttendanceSavedViewQuery.ts:[2m5:1[22m[39m
    [90m  3|[39m [35mimport[39m { [33mQUERY_KEYS[39m } [35mfrom[39m [32m'@/config/constants/queryKeys'[39m[33m;[39m
    [90m  4|[39m import type { AttendanceSavedView } from '@/lib/domain/attendance-view…
    [90m  5|[39m [35mimport[39m { supabase } [35mfrom[39m [32m'@/lib/infrastructure/supabase'[39m[33m;[39m
    [90m   |[39m [31m^[39m
    [90m  6|[39m
    [90m  7|[39m [90m/**

[31m[1mCaused by: Error[22m: Missing environment variable: one of VITE_SUPABASE_URL, NEXT_PUBLIC_SUPABASE_URL[39m
[36m [2m❯[22m requiredAny src/config/env.ts:[2m9:9[22m[39m
[90m [2m❯[22m src/config/env.ts:[2m13:16[22m[39m

[31m[2m⎯⎯⎯⎯⎯⎯⎯⎯⎯⎯⎯⎯⎯⎯⎯⎯⎯⎯⎯⎯⎯[21/151]⎯[22m[39m

[41m[1m FAIL [22m[49m src/hooks/domain/attendance/queries/__tests__/useAttendanceSavedViewsQuery.test.ts[2m [ src/hooks/domain/attendance/queries/__tests__/useAttendanceSavedViewsQuery.test.ts ][22m
[31m[1mError[22m: [vitest] There was an error when mocking a module. If you are using "vi.mock" factory, make sure there are no top level variables inside, since this call is hoisted to top of the file. Read more: https://vitest.dev/api/vi.html#vi-mock[39m
[36m [2m❯[22m src/hooks/domain/attendance/queries/useAttendanceSavedViewsQuery.ts:[2m5:1[22m[39m
    [90m  3|[39m [35mimport[39m { [33mQUERY_KEYS[39m } [35mfrom[39m [32m'@/config/constants/queryKeys'[39m[33m;[39m
    [90m  4|[39m import type { AttendanceSavedView } from '@/lib/domain/attendance-view…
    [90m  5|[39m [35mimport[39m { supabase } [35mfrom[39m [32m'@/lib/infrastructure/supabase'[39m[33m;[39m
    [90m   |[39m [31m^[39m
    [90m  6|[39m
    [90m  7|[39m [90m/**

[31m[1mCaused by: Error[22m: Missing environment variable: one of VITE_SUPABASE_URL, NEXT_PUBLIC_SUPABASE_URL[39m
[36m [2m❯[22m requiredAny src/config/env.ts:[2m9:9[22m[39m
[90m [2m❯[22m src/config/env.ts:[2m13:16[22m[39m

[31m[2m⎯⎯⎯⎯⎯⎯⎯⎯⎯⎯⎯⎯⎯⎯⎯⎯⎯⎯⎯⎯⎯[22/151]⎯[22m[39m

[41m[1m FAIL [22m[49m src/hooks/domain/attendance/queries/__tests__/useAttendanceSlotSummariesQuery.test.ts[2m [ src/hooks/domain/attendance/queries/__tests__/useAttendanceSlotSummariesQuery.test.ts ][22m
[31m[1mError[22m: [vitest] There was an error when mocking a module. If you are using "vi.mock" factory, make sure there are no top level variables inside, since this call is hoisted to top of the file. Read more: https://vitest.dev/api/vi.html#vi-mock[39m
[36m [2m❯[22m src/hooks/domain/attendance/queries/useAttendanceSlotSummariesQuery.ts:[2m6:1[22m[39m
    [90m  4|[39m [35mimport[39m { [33mQUERY_KEYS[39m } [35mfrom[39m [32m'@/config/constants'[39m[33m;[39m
    [90m  5|[39m import type { AttendanceSlotAttendee, AttendanceSlotSummary } from '@/…
    [90m  6|[39m [35mimport[39m { supabase } [35mfrom[39m [32m'@/lib/infrastructure'[39m[33m;[39m
    [90m   |[39m [31m^[39m
    [90m  7|[39m
    [90m  8|[39m type [33mSlotRecordRow[39m [33m=[39m {

[31m[1mCaused by: Error[22m: Missing environment variable: one of VITE_SUPABASE_URL, NEXT_PUBLIC_SUPABASE_URL[39m
[36m [2m❯[22m requiredAny src/config/env.ts:[2m9:9[22m[39m
[90m [2m❯[22m src/config/env.ts:[2m13:16[22m[39m

[31m[2m⎯⎯⎯⎯⎯⎯⎯⎯⎯⎯⎯⎯⎯⎯⎯⎯⎯⎯⎯⎯⎯[23/151]⎯[22m[39m

[41m[1m FAIL [22m[49m src/hooks/domain/attendance/queries/__tests__/useAttendanceUnregisteredMembersQuery.test.ts[2m [ src/hooks/domain/attendance/queries/__tests__/useAttendanceUnregisteredMembersQuery.test.ts ][22m
[31m[1mError[22m: [vitest] There was an error when mocking a module. If you are using "vi.mock" factory, make sure there are no top level variables inside, since this call is hoisted to top of the file. Read more: https://vitest.dev/api/vi.html#vi-mock[39m
[36m [2m❯[22m src/hooks/domain/attendance/queries/useAttendanceUnregisteredMembersQuery.ts:[2m5:1[22m[39m
    [90m  3|[39m [35mimport[39m { [33mPAGINATION_DEFAULTS[39m[33m,[39m [33mQUERY_KEYS[39m } [35mfrom[39m [32m'@/config/constants'[39m[33m;[39m
    [90m  4|[39m import type { UnregisteredMember, UnregisteredMembersReportInput } fro…
    [90m  5|[39m import { createEdgeFunctionCaller, decodeOffsetCursor, getTotalPages }…
    [90m   |[39m [31m^[39m
    [90m  6|[39m
    [90m  7|[39m type [33mUnregisteredMembersSuccess[39m [33m=[39m {

[31m[1mCaused by: Error[22m: Missing environment variable: one of VITE_SUPABASE_URL, NEXT_PUBLIC_SUPABASE_URL[39m
[36m [2m❯[22m requiredAny src/config/env.ts:[2m9:9[22m[39m
[90m [2m❯[22m src/config/env.ts:[2m13:16[22m[39m

[31m[2m⎯⎯⎯⎯⎯⎯⎯⎯⎯⎯⎯⎯⎯⎯⎯⎯⎯⎯⎯⎯⎯[24/151]⎯[22m[39m

[41m[1m FAIL [22m[49m src/hooks/domain/attendance/queries/__tests__/useSearchAttendeesQuery.test.ts[2m [ src/hooks/domain/attendance/queries/__tests__/useSearchAttendeesQuery.test.ts ][22m
[31m[1mError[22m: [vitest] There was an error when mocking a module. If you are using "vi.mock" factory, make sure there are no top level variables inside, since this call is hoisted to top of the file. Read more: https://vitest.dev/api/vi.html#vi-mock[39m
[36m [2m❯[22m src/hooks/domain/attendance/queries/useSearchAttendeesQuery.ts:[2m6:1[22m[39m
    [90m  4|[39m [35mimport[39m { [33mQUERY_KEYS[39m } [35mfrom[39m [32m'@/config/constants'[39m[33m;[39m
    [90m  5|[39m import type { AttendeeSearchResult, SearchAttendeesInput } from '@/lib…
    [90m  6|[39m [35mimport[39m { createEdgeFunctionCaller } [35mfrom[39m [32m'@/lib/infrastructure'[39m[33m;[39m
    [90m   |[39m [31m^[39m
    [90m  7|[39m
    [90m  8|[39m type [33mSearchAttendeesSuccess[39m [33m=[39m {

[31m[1mCaused by: Error[22m: Missing environment variable: one of VITE_SUPABASE_URL, NEXT_PUBLIC_SUPABASE_URL[39m
[36m [2m❯[22m requiredAny src/config/env.ts:[2m9:9[22m[39m
[90m [2m❯[22m src/config/env.ts:[2m13:16[22m[39m

[31m[2m⎯⎯⎯⎯⎯⎯⎯⎯⎯⎯⎯⎯⎯⎯⎯⎯⎯⎯⎯⎯⎯[25/151]⎯[22m[39m

[41m[1m FAIL [22m[49m src/hooks/domain/attendance/state/__tests__/useAttendanceCheckInRealtime.test.ts[2m [ src/hooks/domain/attendance/state/__tests__/useAttendanceCheckInRealtime.test.ts ][22m
[31m[1mError[22m: [vitest] There was an error when mocking a module. If you are using "vi.mock" factory, make sure there are no top level variables inside, since this call is hoisted to top of the file. Read more: https://vitest.dev/api/vi.html#vi-mock[39m
[36m [2m❯[22m src/hooks/domain/attendance/state/useAttendanceCheckInRealtime.ts:[2m6:1[22m[39m
    [90m  4|[39m
    [90m  5|[39m import type { AttendanceCheckInRealtimeEvent, AttendeeKind } from '@/l…
    [90m  6|[39m [35mimport[39m { supabase } [35mfrom[39m [32m'@/lib/infrastructure'[39m[33m;[39m
    [90m   |[39m [31m^[39m
    [90m  7|[39m
    [90m  8|[39m type [33mAttendanceCheckInRow[39m [33m=[39m {

[31m[1mCaused by: Error[22m: Missing environment variable: one of VITE_SUPABASE_URL, NEXT_PUBLIC_SUPABASE_URL[39m
[36m [2m❯[22m requiredAny src/config/env.ts:[2m9:9[22m[39m
[90m [2m❯[22m src/config/env.ts:[2m13:16[22m[39m

[31m[2m⎯⎯⎯⎯⎯⎯⎯⎯⎯⎯⎯⎯⎯⎯⎯⎯⎯⎯⎯⎯⎯[26/151]⎯[22m[39m

[41m[1m FAIL [22m[49m src/hooks/domain/attendance/state/__tests__/useAttendanceSlotRecordRealtime.test.ts[2m [ src/hooks/domain/attendance/state/__tests__/useAttendanceSlotRecordRealtime.test.ts ][22m
[31m[1mError[22m: [vitest] There was an error when mocking a module. If you are using "vi.mock" factory, make sure there are no top level variables inside, since this call is hoisted to top of the file. Read more: https://vitest.dev/api/vi.html#vi-mock[39m
[36m [2m❯[22m src/hooks/domain/attendance/state/useAttendanceSlotRecordRealtime.ts:[2m6:1[22m[39m
    [90m  4|[39m
    [90m  5|[39m import type { AttendanceSlotRecordInsertEvent } from '@/lib/domain/att…
    [90m  6|[39m [35mimport[39m { supabase } [35mfrom[39m [32m'@/lib/infrastructure'[39m[33m;[39m
    [90m   |[39m [31m^[39m
    [90m  7|[39m
    [90m  8|[39m type [33mAttendanceSlotRecordRow[39m [33m=[39m {

[31m[1mCaused by: Error[22m: Missing environment variable: one of VITE_SUPABASE_URL, NEXT_PUBLIC_SUPABASE_URL[39m
[36m [2m❯[22m requiredAny src/config/env.ts:[2m9:9[22m[39m
[90m [2m❯[22m src/config/env.ts:[2m13:16[22m[39m

[31m[2m⎯⎯⎯⎯⎯⎯⎯⎯⎯⎯⎯⎯⎯⎯⎯⎯⎯⎯⎯⎯⎯[27/151]⎯[22m[39m

[41m[1m FAIL [22m[49m src/hooks/domain/attendance-fields/mutations/__tests__/useCreateAttendanceFieldMutation.test.ts[2m [ src/hooks/domain/attendance-fields/mutations/__tests__/useCreateAttendanceFieldMutation.test.ts ][22m
[31m[1mError[22m: [vitest] There was an error when mocking a module. If you are using "vi.mock" factory, make sure there are no top level variables inside, since this call is hoisted to top of the file. Read more: https://vitest.dev/api/vi.html#vi-mock[39m
[36m [2m❯[22m src/hooks/domain/attendance-fields/mutations/useCreateAttendanceFieldMutation.ts:[2m5:1[22m[39m
    [90m  3|[39m [35mimport[39m { [33mQUERY_KEYS[39m } [35mfrom[39m [32m'@/config/constants'[39m[33m;[39m
    [90m  4|[39m import type { AttendanceField, CreateAttendanceFieldInput } from '@/li…
    [90m  5|[39m [35mimport[39m { supabase } [35mfrom[39m [32m'@/lib/infrastructure'[39m[33m;[39m
    [90m   |[39m [31m^[39m
    [90m  6|[39m
    [90m  7|[39m /** Creates a new attendance field via PostgREST. Automatically sets d…

[31m[1mCaused by: Error[22m: Missing environment variable: one of VITE_SUPABASE_URL, NEXT_PUBLIC_SUPABASE_URL[39m
[36m [2m❯[22m requiredAny src/config/env.ts:[2m9:9[22m[39m
[90m [2m❯[22m src/config/env.ts:[2m13:16[22m[39m

[31m[2m⎯⎯⎯⎯⎯⎯⎯⎯⎯⎯⎯⎯⎯⎯⎯⎯⎯⎯⎯⎯⎯[28/151]⎯[22m[39m

[41m[1m FAIL [22m[49m src/hooks/domain/attendance-fields/mutations/__tests__/useDeleteAttendanceFieldMutation.test.ts[2m [ src/hooks/domain/attendance-fields/mutations/__tests__/useDeleteAttendanceFieldMutation.test.ts ][22m
[31m[1mError[22m: [vitest] There was an error when mocking a module. If you are using "vi.mock" factory, make sure there are no top level variables inside, since this call is hoisted to top of the file. Read more: https://vitest.dev/api/vi.html#vi-mock[39m
[36m [2m❯[22m src/hooks/domain/attendance-fields/mutations/useDeleteAttendanceFieldMutation.ts:[2m5:1[22m[39m
    [90m  3|[39m [35mimport[39m { [33mQUERY_KEYS[39m } [35mfrom[39m [32m'@/config/constants'[39m[33m;[39m
    [90m  4|[39m import type { DeleteAttendanceFieldInput } from '@/lib/domain/attendan…
    [90m  5|[39m [35mimport[39m { supabase } [35mfrom[39m [32m'@/lib/infrastructure'[39m[33m;[39m
    [90m   |[39m [31m^[39m
    [90m  6|[39m
    [90m  7|[39m /** Deletes an attendance field (cascade removes its answers) via Post…

[31m[1mCaused by: Error[22m: Missing environment variable: one of VITE_SUPABASE_URL, NEXT_PUBLIC_SUPABASE_URL[39m
[36m [2m❯[22m requiredAny src/config/env.ts:[2m9:9[22m[39m
[90m [2m❯[22m src/config/env.ts:[2m13:16[22m[39m

[31m[2m⎯⎯⎯⎯⎯⎯⎯⎯⎯⎯⎯⎯⎯⎯⎯⎯⎯⎯⎯⎯⎯[29/151]⎯[22m[39m

[41m[1m FAIL [22m[49m src/hooks/domain/attendance-fields/mutations/__tests__/useReorderAttendanceFieldsMutation.test.ts[2m [ src/hooks/domain/attendance-fields/mutations/__tests__/useReorderAttendanceFieldsMutation.test.ts ][22m
[31m[1mError[22m: [vitest] There was an error when mocking a module. If you are using "vi.mock" factory, make sure there are no top level variables inside, since this call is hoisted to top of the file. Read more: https://vitest.dev/api/vi.html#vi-mock[39m
[36m [2m❯[22m src/hooks/domain/attendance-fields/mutations/useReorderAttendanceFieldsMutation.ts:[2m5:1[22m[39m
    [90m  3|[39m [35mimport[39m { [33mQUERY_KEYS[39m } [35mfrom[39m [32m'@/config/constants'[39m[33m;[39m
    [90m  4|[39m import type { ReorderAttendanceFieldsInput } from '@/lib/domain/attend…
    [90m  5|[39m [35mimport[39m { supabase } [35mfrom[39m [32m'@/lib/infrastructure'[39m[33m;[39m
    [90m   |[39m [31m^[39m
    [90m  6|[39m
    [90m  7|[39m /** Reorders attendance fields by updating display_order for each fiel…

[31m[1mCaused by: Error[22m: Missing environment variable: one of VITE_SUPABASE_URL, NEXT_PUBLIC_SUPABASE_URL[39m
[36m [2m❯[22m requiredAny src/config/env.ts:[2m9:9[22m[39m
[90m [2m❯[22m src/config/env.ts:[2m13:16[22m[39m

[31m[2m⎯⎯⎯⎯⎯⎯⎯⎯⎯⎯⎯⎯⎯⎯⎯⎯⎯⎯⎯⎯⎯[30/151]⎯[22m[39m

[41m[1m FAIL [22m[49m src/hooks/domain/attendance-fields/mutations/__tests__/useUpdateAttendanceFieldMutation.test.ts[2m [ src/hooks/domain/attendance-fields/mutations/__tests__/useUpdateAttendanceFieldMutation.test.ts ][22m
[31m[1mError[22m: [vitest] There was an error when mocking a module. If you are using "vi.mock" factory, make sure there are no top level variables inside, since this call is hoisted to top of the file. Read more: https://vitest.dev/api/vi.html#vi-mock[39m
[36m [2m❯[22m src/hooks/domain/attendance-fields/mutations/useUpdateAttendanceFieldMutation.ts:[2m5:1[22m[39m
    [90m  3|[39m [35mimport[39m { [33mQUERY_KEYS[39m } [35mfrom[39m [32m'@/config/constants'[39m[33m;[39m
    [90m  4|[39m import type { AttendanceField, UpdateAttendanceFieldInput } from '@/li…
    [90m  5|[39m [35mimport[39m { supabase } [35mfrom[39m [32m'@/lib/infrastructure'[39m[33m;[39m
    [90m   |[39m [31m^[39m
    [90m  6|[39m
    [90m  7|[39m [90m/** Updates an existing attendance field via PostgREST. */[39m

[31m[1mCaused by: Error[22m: Missing environment variable: one of VITE_SUPABASE_URL, NEXT_PUBLIC_SUPABASE_URL[39m
[36m [2m❯[22m requiredAny src/config/env.ts:[2m9:9[22m[39m
[90m [2m❯[22m src/config/env.ts:[2m13:16[22m[39m

[31m[2m⎯⎯⎯⎯⎯⎯⎯⎯⎯⎯⎯⎯⎯⎯⎯⎯⎯⎯⎯⎯⎯[31/151]⎯[22m[39m

[41m[1m FAIL [22m[49m src/hooks/domain/attendance-fields/queries/__tests__/useAttendanceFieldsQuery.test.ts[2m [ src/hooks/domain/attendance-fields/queries/__tests__/useAttendanceFieldsQuery.test.ts ][22m
[31m[1mError[22m: [vitest] There was an error when mocking a module. If you are using "vi.mock" factory, make sure there are no top level variables inside, since this call is hoisted to top of the file. Read more: https://vitest.dev/api/vi.html#vi-mock[39m
[36m [2m❯[22m src/hooks/domain/attendance-fields/queries/useAttendanceFieldsQuery.ts:[2m5:1[22m[39m
    [90m  3|[39m [35mimport[39m { [33mQUERY_KEYS[39m } [35mfrom[39m [32m'@/config/constants'[39m[33m;[39m
    [90m  4|[39m [35mimport[39m type { [33mAttendanceField[39m } [35mfrom[39m [32m'@/lib/domain/attendance-fields'[39m[33m;[39m
    [90m  5|[39m [35mimport[39m { supabase } [35mfrom[39m [32m'@/lib/infrastructure'[39m[33m;[39m
    [90m   |[39m [31m^[39m
    [90m  6|[39m
    [90m  7|[39m type [33mUseAttendanceFieldsQueryOptions[39m [33m=[39m {

[31m[1mCaused by: Error[22m: Missing environment variable: one of VITE_SUPABASE_URL, NEXT_PUBLIC_SUPABASE_URL[39m
[36m [2m❯[22m requiredAny src/config/env.ts:[2m9:9[22m[39m
[90m [2m❯[22m src/config/env.ts:[2m13:16[22m[39m

[31m[2m⎯⎯⎯⎯⎯⎯⎯⎯⎯⎯⎯⎯⎯⎯⎯⎯⎯⎯⎯⎯⎯[32/151]⎯[22m[39m

[41m[1m FAIL [22m[49m src/hooks/domain/event-fields/mutations/__tests__/useCreateEventFieldMutation.test.ts[2m [ src/hooks/domain/event-fields/mutations/__tests__/useCreateEventFieldMutation.test.ts ][22m
[31m[1mError[22m: [vitest] There was an error when mocking a module. If you are using "vi.mock" factory, make sure there are no top level variables inside, since this call is hoisted to top of the file. Read more: https://vitest.dev/api/vi.html#vi-mock[39m
[36m [2m❯[22m src/hooks/domain/event-fields/mutations/useCreateEventFieldMutation.ts:[2m4:1[22m[39m
    [90m  2|[39m
    [90m  3|[39m import type { AdminEventField, CreateEventFieldInput } from '@/lib/dom…
    [90m  4|[39m [35mimport[39m { supabase } [35mfrom[39m [32m'@/lib/infrastructure'[39m[33m;[39m
    [90m   |[39m [31m^[39m
    [90m  5|[39m
    [90m  6|[39m import { adminEventFieldsQueryKey } from '../queries/useAdminEventFiel…

[31m[1mCaused by: Error[22m: Missing environment variable: one of VITE_SUPABASE_URL, NEXT_PUBLIC_SUPABASE_URL[39m
[36m [2m❯[22m requiredAny src/config/env.ts:[2m9:9[22m[39m
[90m [2m❯[22m src/config/env.ts:[2m13:16[22m[39m

[31m[2m⎯⎯⎯⎯⎯⎯⎯⎯⎯⎯⎯⎯⎯⎯⎯⎯⎯⎯⎯⎯⎯[33/151]⎯[22m[39m

[41m[1m FAIL [22m[49m src/hooks/domain/event-fields/mutations/__tests__/useDeleteEventFieldMutation.test.ts[2m [ src/hooks/domain/event-fields/mutations/__tests__/useDeleteEventFieldMutation.test.ts ][22m
[31m[1mError[22m: [vitest] There was an error when mocking a module. If you are using "vi.mock" factory, make sure there are no top level variables inside, since this call is hoisted to top of the file. Read more: https://vitest.dev/api/vi.html#vi-mock[39m
[36m [2m❯[22m src/hooks/domain/event-fields/mutations/useDeleteEventFieldMutation.ts:[2m3:1[22m[39m
    [90m  1|[39m [35mimport[39m { useMutation[33m,[39m useQueryClient } [35mfrom[39m [32m'@tanstack/react-query'[39m[33m;[39m
    [90m  2|[39m
    [90m  3|[39m [35mimport[39m { supabase } [35mfrom[39m [32m'@/lib/infrastructure'[39m[33m;[39m
    [90m   |[39m [31m^[39m
    [90m  4|[39m
    [90m  5|[39m import { adminEventFieldsQueryKey } from '../queries/useAdminEventFiel…

[31m[1mCaused by: Error[22m: Missing environment variable: one of VITE_SUPABASE_URL, NEXT_PUBLIC_SUPABASE_URL[39m
[36m [2m❯[22m requiredAny src/config/env.ts:[2m9:9[22m[39m
[90m [2m❯[22m src/config/env.ts:[2m13:16[22m[39m

[31m[2m⎯⎯⎯⎯⎯⎯⎯⎯⎯⎯⎯⎯⎯⎯⎯⎯⎯⎯⎯⎯⎯[34/151]⎯[22m[39m

[41m[1m FAIL [22m[49m src/hooks/domain/event-fields/mutations/__tests__/useReorderEventFieldsMutation.test.ts[2m [ src/hooks/domain/event-fields/mutations/__tests__/useReorderEventFieldsMutation.test.ts ][22m
[31m[1mError[22m: [vitest] There was an error when mocking a module. If you are using "vi.mock" factory, make sure there are no top level variables inside, since this call is hoisted to top of the file. Read more: https://vitest.dev/api/vi.html#vi-mock[39m
[36m [2m❯[22m src/hooks/domain/event-fields/mutations/useReorderEventFieldsMutation.ts:[2m4:1[22m[39m
    [90m  2|[39m
    [90m  3|[39m import type { ReorderEventFieldsInput } from '@/lib/domain/event-field…
    [90m  4|[39m [35mimport[39m { supabase } [35mfrom[39m [32m'@/lib/infrastructure'[39m[33m;[39m
    [90m   |[39m [31m^[39m
    [90m  5|[39m
    [90m  6|[39m import { adminEventFieldsQueryKey } from '../queries/useAdminEventFiel…

[31m[1mCaused by: Error[22m: Missing environment variable: one of VITE_SUPABASE_URL, NEXT_PUBLIC_SUPABASE_URL[39m
[36m [2m❯[22m requiredAny src/config/env.ts:[2m9:9[22m[39m
[90m [2m❯[22m src/config/env.ts:[2m13:16[22m[39m

[31m[2m⎯⎯⎯⎯⎯⎯⎯⎯⎯⎯⎯⎯⎯⎯⎯⎯⎯⎯⎯⎯⎯[35/151]⎯[22m[39m

[41m[1m FAIL [22m[49m src/hooks/domain/event-fields/mutations/__tests__/useUpdateEventFieldMutation.test.ts[2m [ src/hooks/domain/event-fields/mutations/__tests__/useUpdateEventFieldMutation.test.ts ][22m
[31m[1mError[22m: [vitest] There was an error when mocking a module. If you are using "vi.mock" factory, make sure there are no top level variables inside, since this call is hoisted to top of the file. Read more: https://vitest.dev/api/vi.html#vi-mock[39m
[36m [2m❯[22m src/hooks/domain/event-fields/mutations/useUpdateEventFieldMutation.ts:[2m4:1[22m[39m
    [90m  2|[39m
    [90m  3|[39m import type { AdminEventField, UpdateEventFieldInput } from '@/lib/dom…
    [90m  4|[39m [35mimport[39m { supabase } [35mfrom[39m [32m'@/lib/infrastructure'[39m[33m;[39m
    [90m   |[39m [31m^[39m
    [90m  5|[39m
    [90m  6|[39m import { adminEventFieldsQueryKey } from '../queries/useAdminEventFiel…

[31m[1mCaused by: Error[22m: Missing environment variable: one of VITE_SUPABASE_URL, NEXT_PUBLIC_SUPABASE_URL[39m
[36m [2m❯[22m requiredAny src/config/env.ts:[2m9:9[22m[39m
[90m [2m❯[22m src/config/env.ts:[2m13:16[22m[39m

[31m[2m⎯⎯⎯⎯⎯⎯⎯⎯⎯⎯⎯⎯⎯⎯⎯⎯⎯⎯⎯⎯⎯[36/151]⎯[22m[39m

[41m[1m FAIL [22m[49m src/hooks/domain/event-fields/queries/__tests__/useAdminEventFieldsQuery.test.ts[2m [ src/hooks/domain/event-fields/queries/__tests__/useAdminEventFieldsQuery.test.ts ][22m
[31m[1mError[22m: [vitest] There was an error when mocking a module. If you are using "vi.mock" factory, make sure there are no top level variables inside, since this call is hoisted to top of the file. Read more: https://vitest.dev/api/vi.html#vi-mock[39m
[36m [2m❯[22m src/hooks/domain/event-fields/queries/useAdminEventFieldsQuery.ts:[2m4:1[22m[39m
    [90m  2|[39m
    [90m  3|[39m [35mimport[39m type { [33mAdminEventField[39m } [35mfrom[39m [32m'@/lib/domain/event-fields'[39m[33m;[39m
    [90m  4|[39m [35mimport[39m { supabase } [35mfrom[39m [32m'@/lib/infrastructure'[39m[33m;[39m
    [90m   |[39m [31m^[39m
    [90m  5|[39m
    [90m  6|[39m [35mexport[39m [35mconst[39m adminEventFieldsQueryKey [33m=[39m (eventId[33m:[39m string) [33m=>[39m

[31m[1mCaused by: Error[22m: Missing environment variable: one of VITE_SUPABASE_URL, NEXT_PUBLIC_SUPABASE_URL[39m
[36m [2m❯[22m requiredAny src/config/env.ts:[2m9:9[22m[39m
[90m [2m❯[22m src/config/env.ts:[2m13:16[22m[39m

[31m[2m⎯⎯⎯⎯⎯⎯⎯⎯⎯⎯⎯⎯⎯⎯⎯⎯⎯⎯⎯⎯⎯[37/151]⎯[22m[39m

[41m[1m FAIL [22m[49m src/hooks/domain/event-fields/queries/__tests__/useEventSlotAvailabilityQuery.test.ts[2m [ src/hooks/domain/event-fields/queries/__tests__/useEventSlotAvailabilityQuery.test.ts ][22m
[31m[1mError[22m: [vitest] There was an error when mocking a module. If you are using "vi.mock" factory, make sure there are no top level variables inside, since this call is hoisted to top of the file. Read more: https://vitest.dev/api/vi.html#vi-mock[39m
[36m [2m❯[22m src/hooks/domain/event-fields/queries/useEventSlotAvailabilityQuery.ts:[2m5:1[22m[39m
    [90m  3|[39m [35mimport[39m { [33mQUERY_KEYS[39m[33m,[39m [33mQUERY_STALE_TIME_MS[39m } [35mfrom[39m [32m'@/config/constants'[39m[33m;[39m
    [90m  4|[39m import type { EventSlotAvailabilityResponse } from '@/lib/domain/event…
    [90m  5|[39m [35mimport[39m { createEdgeFunctionCaller } [35mfrom[39m [32m'@/lib/infrastructure'[39m[33m;[39m
    [90m   |[39m [31m^[39m
    [90m  6|[39m
    [90m  7|[39m [35minterface[39m [33mEventSlotAvailabilityRequest[39m {

[31m[1mCaused by: Error[22m: Missing environment variable: one of VITE_SUPABASE_URL, NEXT_PUBLIC_SUPABASE_URL[39m
[36m [2m❯[22m requiredAny src/config/env.ts:[2m9:9[22m[39m
[90m [2m❯[22m src/config/env.ts:[2m13:16[22m[39m

[31m[2m⎯⎯⎯⎯⎯⎯⎯⎯⎯⎯⎯⎯⎯⎯⎯⎯⎯⎯⎯⎯⎯[38/151]⎯[22m[39m

[41m[1m FAIL [22m[49m src/hooks/domain/event-fields/queries/__tests__/usePublicEventFieldsQuery.test.ts[2m [ src/hooks/domain/event-fields/queries/__tests__/usePublicEventFieldsQuery.test.ts ][22m
[31m[1mError[22m: [vitest] There was an error when mocking a module. If you are using "vi.mock" factory, make sure there are no top level variables inside, since this call is hoisted to top of the file. Read more: https://vitest.dev/api/vi.html#vi-mock[39m
[36m [2m❯[22m src/hooks/domain/event-fields/queries/usePublicEventFieldsQuery.ts:[2m10:1[22m[39m
    [90m  8|[39m   [33mPublicEventFieldRow[39m[33m,[39m
    [90m  9|[39m } [35mfrom[39m [32m'@/lib/domain/event-fields'[39m[33m;[39m
    [90m 10|[39m [35mimport[39m { createEdgeFunctionCaller } [35mfrom[39m [32m'@/lib/infrastructure'[39m[33m;[39m
    [90m   |[39m [31m^[39m
    [90m 11|[39m
    [90m 12|[39m [35minterface[39m [33mGetPublicEventFieldsRequest[39m {

[31m[1mCaused by: Error[22m: Missing environment variable: one of VITE_SUPABASE_URL, NEXT_PUBLIC_SUPABASE_URL[39m
[36m [2m❯[22m requiredAny src/config/env.ts:[2m9:9[22m[39m
[90m [2m❯[22m src/config/env.ts:[2m13:16[22m[39m

[31m[2m⎯⎯⎯⎯⎯⎯⎯⎯⎯⎯⎯⎯⎯⎯⎯⎯⎯⎯⎯⎯⎯[39/151]⎯[22m[39m

[41m[1m FAIL [22m[49m src/hooks/domain/events/mutations/__tests__/useArchiveEventMutation.test.ts[2m [ src/hooks/domain/events/mutations/__tests__/useArchiveEventMutation.test.ts ][22m
[31m[1mError[22m: [vitest] There was an error when mocking a module. If you are using "vi.mock" factory, make sure there are no top level variables inside, since this call is hoisted to top of the file. Read more: https://vitest.dev/api/vi.html#vi-mock[39m
[36m [2m❯[22m src/hooks/domain/events/mutations/useArchiveEventMutation.ts:[2m3:1[22m[39m
    [90m  1|[39m [35mimport[39m { useMutation[33m,[39m useQueryClient } [35mfrom[39m [32m'@tanstack/react-query'[39m[33m;[39m
    [90m  2|[39m
    [90m  3|[39m [35mimport[39m { writeAdminAuditLogSafely } [35mfrom[39m [32m'@/lib/domain/admin-audit'[39m[33m;[39m
    [90m   |[39m [31m^[39m
    [90m  4|[39m [35mimport[39m { supabase } [35mfrom[39m [32m'@/lib/infrastructure'[39m[33m;[39m
    [90m  5|[39m

[31m[1mCaused by: Error[22m: [vitest] There was an error when mocking a module. If you are using "vi.mock" factory, make sure there are no top level variables inside, since this call is hoisted to top of the file. Read more: https://vitest.dev/api/vi.html#vi-mock[39m
[36m [2m❯[22m src/lib/domain/admin-audit/mutations.ts:[2m1:1[22m[39m

[31m[1mCaused by: Error[22m: Missing environment variable: one of VITE_SUPABASE_URL, NEXT_PUBLIC_SUPABASE_URL[39m
[36m [2m❯[22m requiredAny src/config/env.ts:[2m9:9[22m[39m
[90m [2m❯[22m src/config/env.ts:[2m13:16[22m[39m

[31m[2m⎯⎯⎯⎯⎯⎯⎯⎯⎯⎯⎯⎯⎯⎯⎯⎯⎯⎯⎯⎯⎯[40/151]⎯[22m[39m

[41m[1m FAIL [22m[49m src/hooks/domain/events/mutations/__tests__/useCreateEventMutation.test.ts[2m [ src/hooks/domain/events/mutations/__tests__/useCreateEventMutation.test.ts ][22m
[31m[1mError[22m: [vitest] There was an error when mocking a module. If you are using "vi.mock" factory, make sure there are no top level variables inside, since this call is hoisted to top of the file. Read more: https://vitest.dev/api/vi.html#vi-mock[39m
[36m [2m❯[22m src/hooks/domain/events/mutations/useCreateEventMutation.ts:[2m3:1[22m[39m
    [90m  1|[39m [35mimport[39m { useMutation[33m,[39m useQueryClient } [35mfrom[39m [32m'@tanstack/react-query'[39m[33m;[39m
    [90m  2|[39m
    [90m  3|[39m [35mimport[39m { writeAdminAuditLogSafely } [35mfrom[39m [32m'@/lib/domain/admin-audit'[39m[33m;[39m
    [90m   |[39m [31m^[39m
    [90m  4|[39m [35mimport[39m type { [33mCreateEventInput[39m } [35mfrom[39m [32m'@/lib/domain/events'[39m[33m;[39m
    [90m  5|[39m import { mapPublicRegistrationAccessToEventFlags } from '@/lib/domain/…

[31m[1mCaused by: Error[22m: [vitest] There was an error when mocking a module. If you are using "vi.mock" factory, make sure there are no top level variables inside, since this call is hoisted to top of the file. Read more: https://vitest.dev/api/vi.html#vi-mock[39m
[36m [2m❯[22m src/lib/domain/admin-audit/mutations.ts:[2m1:1[22m[39m

[31m[1mCaused by: Error[22m: Missing environment variable: one of VITE_SUPABASE_URL, NEXT_PUBLIC_SUPABASE_URL[39m
[36m [2m❯[22m requiredAny src/config/env.ts:[2m9:9[22m[39m
[90m [2m❯[22m src/config/env.ts:[2m13:16[22m[39m

[31m[2m⎯⎯⎯⎯⎯⎯⎯⎯⎯⎯⎯⎯⎯⎯⎯⎯⎯⎯⎯⎯⎯[41/151]⎯[22m[39m

[41m[1m FAIL [22m[49m src/hooks/domain/events/mutations/__tests__/usePublishEventMutation.test.ts[2m [ src/hooks/domain/events/mutations/__tests__/usePublishEventMutation.test.ts ][22m
[31m[1mError[22m: [vitest] There was an error when mocking a module. If you are using "vi.mock" factory, make sure there are no top level variables inside, since this call is hoisted to top of the file. Read more: https://vitest.dev/api/vi.html#vi-mock[39m
[36m [2m❯[22m src/hooks/domain/events/mutations/usePublishEventMutation.ts:[2m3:1[22m[39m
    [90m  1|[39m [35mimport[39m { useMutation[33m,[39m useQueryClient } [35mfrom[39m [32m'@tanstack/react-query'[39m[33m;[39m
    [90m  2|[39m
    [90m  3|[39m [35mimport[39m { writeAdminAuditLogSafely } [35mfrom[39m [32m'@/lib/domain/admin-audit'[39m[33m;[39m
    [90m   |[39m [31m^[39m
    [90m  4|[39m [35mimport[39m { publishEventSchema } [35mfrom[39m [32m'@/lib/domain/events'[39m[33m;[39m
    [90m  5|[39m [35mimport[39m { supabase } [35mfrom[39m [32m'@/lib/infrastructure'[39m[33m;[39m

[31m[1mCaused by: Error[22m: [vitest] There was an error when mocking a module. If you are using "vi.mock" factory, make sure there are no top level variables inside, since this call is hoisted to top of the file. Read more: https://vitest.dev/api/vi.html#vi-mock[39m
[36m [2m❯[22m src/lib/domain/admin-audit/mutations.ts:[2m1:1[22m[39m

[31m[1mCaused by: Error[22m: Missing environment variable: one of VITE_SUPABASE_URL, NEXT_PUBLIC_SUPABASE_URL[39m
[36m [2m❯[22m requiredAny src/config/env.ts:[2m9:9[22m[39m
[90m [2m❯[22m src/config/env.ts:[2m13:16[22m[39m

[31m[2m⎯⎯⎯⎯⎯⎯⎯⎯⎯⎯⎯⎯⎯⎯⎯⎯⎯⎯⎯⎯⎯[42/151]⎯[22m[39m

[41m[1m FAIL [22m[49m src/hooks/domain/events/mutations/__tests__/useRestoreEventToDraftMutation.test.ts[2m [ src/hooks/domain/events/mutations/__tests__/useRestoreEventToDraftMutation.test.ts ][22m
[31m[1mError[22m: [vitest] There was an error when mocking a module. If you are using "vi.mock" factory, make sure there are no top level variables inside, since this call is hoisted to top of the file. Read more: https://vitest.dev/api/vi.html#vi-mock[39m
[36m [2m❯[22m src/hooks/domain/events/mutations/useRestoreEventToDraftMutation.ts:[2m3:1[22m[39m
    [90m  1|[39m [35mimport[39m { useMutation[33m,[39m useQueryClient } [35mfrom[39m [32m'@tanstack/react-query'[39m[33m;[39m
    [90m  2|[39m
    [90m  3|[39m [35mimport[39m { writeAdminAuditLogSafely } [35mfrom[39m [32m'@/lib/domain/admin-audit'[39m[33m;[39m
    [90m   |[39m [31m^[39m
    [90m  4|[39m [35mimport[39m { supabase } [35mfrom[39m [32m'@/lib/infrastructure'[39m[33m;[39m
    [90m  5|[39m

[31m[1mCaused by: Error[22m: [vitest] There was an error when mocking a module. If you are using "vi.mock" factory, make sure there are no top level variables inside, since this call is hoisted to top of the file. Read more: https://vitest.dev/api/vi.html#vi-mock[39m
[36m [2m❯[22m src/lib/domain/admin-audit/mutations.ts:[2m1:1[22m[39m

[31m[1mCaused by: Error[22m: Missing environment variable: one of VITE_SUPABASE_URL, NEXT_PUBLIC_SUPABASE_URL[39m
[36m [2m❯[22m requiredAny src/config/env.ts:[2m9:9[22m[39m
[90m [2m❯[22m src/config/env.ts:[2m13:16[22m[39m

[31m[2m⎯⎯⎯⎯⎯⎯⎯⎯⎯⎯⎯⎯⎯⎯⎯⎯⎯⎯⎯⎯⎯[43/151]⎯[22m[39m

[41m[1m FAIL [22m[49m src/hooks/domain/events/mutations/__tests__/useUpdateEventMutation.test.ts[2m [ src/hooks/domain/events/mutations/__tests__/useUpdateEventMutation.test.ts ][22m
[31m[1mError[22m: [vitest] There was an error when mocking a module. If you are using "vi.mock" factory, make sure there are no top level variables inside, since this call is hoisted to top of the file. Read more: https://vitest.dev/api/vi.html#vi-mock[39m
[36m [2m❯[22m src/hooks/domain/events/mutations/useUpdateEventMutation.ts:[2m3:1[22m[39m
    [90m  1|[39m [35mimport[39m { useMutation[33m,[39m useQueryClient } [35mfrom[39m [32m'@tanstack/react-query'[39m[33m;[39m
    [90m  2|[39m
    [90m  3|[39m [35mimport[39m { writeAdminAuditLogSafely } [35mfrom[39m [32m'@/lib/domain/admin-audit'[39m[33m;[39m
    [90m   |[39m [31m^[39m
    [90m  4|[39m [35mimport[39m type { [33mUpdateEventInput[39m } [35mfrom[39m [32m'@/lib/domain/events'[39m[33m;[39m
    [90m  5|[39m import { mapPublicRegistrationAccessToEventFlags } from '@/lib/domain/…

[31m[1mCaused by: Error[22m: [vitest] There was an error when mocking a module. If you are using "vi.mock" factory, make sure there are no top level variables inside, since this call is hoisted to top of the file. Read more: https://vitest.dev/api/vi.html#vi-mock[39m
[36m [2m❯[22m src/lib/domain/admin-audit/mutations.ts:[2m1:1[22m[39m

[31m[1mCaused by: Error[22m: Missing environment variable: one of VITE_SUPABASE_URL, NEXT_PUBLIC_SUPABASE_URL[39m
[36m [2m❯[22m requiredAny src/config/env.ts:[2m9:9[22m[39m
[90m [2m❯[22m src/config/env.ts:[2m13:16[22m[39m

[31m[2m⎯⎯⎯⎯⎯⎯⎯⎯⎯⎯⎯⎯⎯⎯⎯⎯⎯⎯⎯⎯⎯[44/151]⎯[22m[39m

[41m[1m FAIL [22m[49m src/hooks/domain/events/queries/__tests__/useAdminEventQuery.test.ts[2m [ src/hooks/domain/events/queries/__tests__/useAdminEventQuery.test.ts ][22m
[31m[1mError[22m: [vitest] There was an error when mocking a module. If you are using "vi.mock" factory, make sure there are no top level variables inside, since this call is hoisted to top of the file. Read more: https://vitest.dev/api/vi.html#vi-mock[39m
[36m [2m❯[22m src/hooks/domain/events/queries/useAdminEventQuery.ts:[2m4:1[22m[39m
    [90m  2|[39m
    [90m  3|[39m [35mimport[39m type { [33mAdminEvent[39m } [35mfrom[39m [32m'@/lib/domain/events'[39m[33m;[39m
    [90m  4|[39m [35mimport[39m { supabase } [35mfrom[39m [32m'@/lib/infrastructure'[39m[33m;[39m
    [90m   |[39m [31m^[39m
    [90m  5|[39m
    [90m  6|[39m export const adminEventQueryKey = (id: string) => ['admin-event', id] …

[31m[1mCaused by: Error[22m: Missing environment variable: one of VITE_SUPABASE_URL, NEXT_PUBLIC_SUPABASE_URL[39m
[36m [2m❯[22m requiredAny src/config/env.ts:[2m9:9[22m[39m
[90m [2m❯[22m src/config/env.ts:[2m13:16[22m[39m

[31m[2m⎯⎯⎯⎯⎯⎯⎯⎯⎯⎯⎯⎯⎯⎯⎯⎯⎯⎯⎯⎯⎯[45/151]⎯[22m[39m

[41m[1m FAIL [22m[49m src/hooks/domain/events/queries/__tests__/useAdminEventsQuery.test.ts[2m [ src/hooks/domain/events/queries/__tests__/useAdminEventsQuery.test.ts ][22m
[31m[1mError[22m: [vitest] There was an error when mocking a module. If you are using "vi.mock" factory, make sure there are no top level variables inside, since this call is hoisted to top of the file. Read more: https://vitest.dev/api/vi.html#vi-mock[39m
[36m [2m❯[22m src/hooks/domain/events/queries/useAdminEventsQuery.ts:[2m5:1[22m[39m
    [90m  3|[39m import { PAGINATION_DEFAULTS, QUERY_STALE_TIME_MS } from '@/config/con…
    [90m  4|[39m [35mimport[39m type { [33mAdminEvent[39m } [35mfrom[39m [32m'@/lib/domain/events'[39m[33m;[39m
    [90m  5|[39m import { decodeOffsetCursor, getTotalPages, supabase } from '@/lib/inf…
    [90m   |[39m [31m^[39m
    [90m  6|[39m
    [90m  7|[39m [35mexport[39m [35mconst[39m [33mADMIN_EVENTS_QUERY_KEY[39m [33m=[39m [[32m'admin-events'[39m] [35mas[39m [35mconst[39m[33m;[39m

[31m[1mCaused by: Error[22m: Missing environment variable: one of VITE_SUPABASE_URL, NEXT_PUBLIC_SUPABASE_URL[39m
[36m [2m❯[22m requiredAny src/config/env.ts:[2m9:9[22m[39m
[90m [2m❯[22m src/config/env.ts:[2m13:16[22m[39m

[31m[2m⎯⎯⎯⎯⎯⎯⎯⎯⎯⎯⎯⎯⎯⎯⎯⎯⎯⎯⎯⎯⎯[46/151]⎯[22m[39m

[41m[1m FAIL [22m[49m src/hooks/domain/events/queries/__tests__/usePublicEventListingQuery.test.ts[2m [ src/hooks/domain/events/queries/__tests__/usePublicEventListingQuery.test.ts ][22m
[31m[1mError[22m: [vitest] There was an error when mocking a module. If you are using "vi.mock" factory, make sure there are no top level variables inside, since this call is hoisted to top of the file. Read more: https://vitest.dev/api/vi.html#vi-mock[39m
[36m [2m❯[22m src/hooks/domain/events/queries/usePublicEventListingQuery.ts:[2m5:1[22m[39m
    [90m  3|[39m [35mimport[39m { [33mQUERY_KEYS[39m[33m,[39m [33mQUERY_STALE_TIME_MS[39m } [35mfrom[39m [32m'@/config/constants'[39m[33m;[39m
    [90m  4|[39m [35mimport[39m type { [33mPublicEventListingItem[39m } [35mfrom[39m [32m'@/lib/domain/events'[39m[33m;[39m
    [90m  5|[39m [35mimport[39m { createEdgeFunctionCaller } [35mfrom[39m [32m'@/lib/infrastructure'[39m[33m;[39m
    [90m   |[39m [31m^[39m
    [90m  6|[39m
    [90m  7|[39m [35minterface[39m [33mGetPublicEventListingResponse[39m {

[31m[1mCaused by: Error[22m: Missing environment variable: one of VITE_SUPABASE_URL, NEXT_PUBLIC_SUPABASE_URL[39m
[36m [2m❯[22m requiredAny src/config/env.ts:[2m9:9[22m[39m
[90m [2m❯[22m src/config/env.ts:[2m13:16[22m[39m

[31m[2m⎯⎯⎯⎯⎯⎯⎯⎯⎯⎯⎯⎯⎯⎯⎯⎯⎯⎯⎯⎯⎯[47/151]⎯[22m[39m

[41m[1m FAIL [22m[49m src/hooks/domain/events/queries/__tests__/usePublicEventQuery.test.ts[2m [ src/hooks/domain/events/queries/__tests__/usePublicEventQuery.test.ts ][22m
[31m[1mError[22m: [vitest] There was an error when mocking a module. If you are using "vi.mock" factory, make sure there are no top level variables inside, since this call is hoisted to top of the file. Read more: https://vitest.dev/api/vi.html#vi-mock[39m
[36m [2m❯[22m src/hooks/domain/events/queries/usePublicEventQuery.ts:[2m5:1[22m[39m
    [90m  3|[39m [35mimport[39m { [33mQUERY_KEYS[39m[33m,[39m [33mQUERY_STALE_TIME_MS[39m } [35mfrom[39m [32m'@/config/constants'[39m[33m;[39m
    [90m  4|[39m import type { AdminEvent, EventAvailability } from '@/lib/domain/event…
    [90m  5|[39m [35mimport[39m { createEdgeFunctionCaller } [35mfrom[39m [32m'@/lib/infrastructure'[39m[33m;[39m
    [90m   |[39m [31m^[39m
    [90m  6|[39m
    [90m  7|[39m [35minterface[39m [33mGetPublicEventRequest[39m {

[31m[1mCaused by: Error[22m: Missing environment variable: one of VITE_SUPABASE_URL, NEXT_PUBLIC_SUPABASE_URL[39m
[36m [2m❯[22m requiredAny src/config/env.ts:[2m9:9[22m[39m
[90m [2m❯[22m src/config/env.ts:[2m13:16[22m[39m

[31m[2m⎯⎯⎯⎯⎯⎯⎯⎯⎯⎯⎯⎯⎯⎯⎯⎯⎯⎯⎯⎯⎯[48/151]⎯[22m[39m

[41m[1m FAIL [22m[49m src/hooks/domain/forms/mutations/__tests__/useFormMutations.test.ts[2m [ src/hooks/domain/forms/mutations/__tests__/useFormMutations.test.ts ][22m
[31m[1mError[22m: [vitest] There was an error when mocking a module. If you are using "vi.mock" factory, make sure there are no top level variables inside, since this call is hoisted to top of the file. Read more: https://vitest.dev/api/vi.html#vi-mock[39m
[36m [2m❯[22m src/hooks/domain/forms/mutations/useFormMutations.ts:[2m4:1[22m[39m
    [90m  2|[39m
    [90m  3|[39m import type { AdminFormInput, FormFieldInput } from '@/lib/domain/form…
    [90m  4|[39m [35mimport[39m { supabase } [35mfrom[39m [32m'@/lib/infrastructure'[39m[33m;[39m
    [90m   |[39m [31m^[39m
    [90m  5|[39m
    [90m  6|[39m [35mimport[39m { adminFormQueryKey } [35mfrom[39m [32m'../queries/useAdminFormQuery'[39m[33m;[39m

[31m[1mCaused by: Error[22m: Missing environment variable: one of VITE_SUPABASE_URL, NEXT_PUBLIC_SUPABASE_URL[39m
[36m [2m❯[22m requiredAny src/config/env.ts:[2m9:9[22m[39m
[90m [2m❯[22m src/config/env.ts:[2m13:16[22m[39m

[31m[2m⎯⎯⎯⎯⎯⎯⎯⎯⎯⎯⎯⎯⎯⎯⎯⎯⎯⎯⎯⎯⎯[49/151]⎯[22m[39m

[41m[1m FAIL [22m[49m src/hooks/domain/forms/queries/__tests__/useAdminFormQuery.test.ts[2m [ src/hooks/domain/forms/queries/__tests__/useAdminFormQuery.test.ts ][22m
[31m[1mError[22m: [vitest] There was an error when mocking a module. If you are using "vi.mock" factory, make sure there are no top level variables inside, since this call is hoisted to top of the file. Read more: https://vitest.dev/api/vi.html#vi-mock[39m
[36m [2m❯[22m src/hooks/domain/forms/queries/useAdminFormQuery.ts:[2m5:1[22m[39m
    [90m  3|[39m [35mimport[39m { [33mQUERY_STALE_TIME_MS[39m } [35mfrom[39m [32m'@/config/constants'[39m[33m;[39m
    [90m  4|[39m [35mimport[39m type { [33mAdminForm[39m } [35mfrom[39m [32m'@/lib/domain/forms'[39m[33m;[39m
    [90m  5|[39m [35mimport[39m { supabase } [35mfrom[39m [32m'@/lib/infrastructure'[39m[33m;[39m
    [90m   |[39m [31m^[39m
    [90m  6|[39m
    [90m  7|[39m [35mexport[39m [35mfunction[39m [34madminFormQueryKey[39m(formId[33m:[39m string) {

[31m[1mCaused by: Error[22m: Missing environment variable: one of VITE_SUPABASE_URL, NEXT_PUBLIC_SUPABASE_URL[39m
[36m [2m❯[22m requiredAny src/config/env.ts:[2m9:9[22m[39m
[90m [2m❯[22m src/config/env.ts:[2m13:16[22m[39m

[31m[2m⎯⎯⎯⎯⎯⎯⎯⎯⎯⎯⎯⎯⎯⎯⎯⎯⎯⎯⎯⎯⎯[50/151]⎯[22m[39m

[41m[1m FAIL [22m[49m src/hooks/domain/forms/queries/__tests__/useAdminFormsQuery.test.ts[2m [ src/hooks/domain/forms/queries/__tests__/useAdminFormsQuery.test.ts ][22m
[31m[1mError[22m: [vitest] There was an error when mocking a module. If you are using "vi.mock" factory, make sure there are no top level variables inside, since this call is hoisted to top of the file. Read more: https://vitest.dev/api/vi.html#vi-mock[39m
[36m [2m❯[22m src/hooks/domain/forms/queries/useAdminFormsQuery.ts:[2m5:1[22m[39m
    [90m  3|[39m import { PAGINATION_DEFAULTS, QUERY_STALE_TIME_MS } from '@/config/con…
    [90m  4|[39m [35mimport[39m type { [33mAdminForm[39m } [35mfrom[39m [32m'@/lib/domain/forms'[39m[33m;[39m
    [90m  5|[39m import { decodeOffsetCursor, getTotalPages, supabase } from '@/lib/inf…
    [90m   |[39m [31m^[39m
    [90m  6|[39m
    [90m  7|[39m [35mexport[39m [35mconst[39m [33mADMIN_FORMS_QUERY_KEY[39m [33m=[39m [[32m'admin-forms'[39m] [35mas[39m [35mconst[39m[33m;[39m

[31m[1mCaused by: Error[22m: Missing environment variable: one of VITE_SUPABASE_URL, NEXT_PUBLIC_SUPABASE_URL[39m
[36m [2m❯[22m requiredAny src/config/env.ts:[2m9:9[22m[39m
[90m [2m❯[22m src/config/env.ts:[2m13:16[22m[39m

[31m[2m⎯⎯⎯⎯⎯⎯⎯⎯⎯⎯⎯⎯⎯⎯⎯⎯⎯⎯⎯⎯⎯[51/151]⎯[22m[39m

[41m[1m FAIL [22m[49m src/hooks/domain/forms/queries/__tests__/useFormBySlugQuery.test.ts[2m [ src/hooks/domain/forms/queries/__tests__/useFormBySlugQuery.test.ts ][22m
[31m[1mError[22m: [vitest] There was an error when mocking a module. If you are using "vi.mock" factory, make sure there are no top level variables inside, since this call is hoisted to top of the file. Read more: https://vitest.dev/api/vi.html#vi-mock[39m
[36m [2m❯[22m src/hooks/domain/forms/queries/useFormBySlugQuery.ts:[2m5:1[22m[39m
    [90m  3|[39m [35mimport[39m { [33mQUERY_STALE_TIME_MS[39m } [35mfrom[39m [32m'@/config/constants'[39m[33m;[39m
    [90m  4|[39m [35mimport[39m type { [33mAdminForm[39m } [35mfrom[39m [32m'@/lib/domain/forms'[39m[33m;[39m
    [90m  5|[39m [35mimport[39m { createEdgeFunctionCaller } [35mfrom[39m [32m'@/lib/infrastructure'[39m[33m;[39m
    [90m   |[39m [31m^[39m
    [90m  6|[39m
    [90m  7|[39m [35mexport[39m [35mfunction[39m [34mformBySlugQueryKey[39m(slug[33m:[39m string) {

[31m[1mCaused by: Error[22m: Missing environment variable: one of VITE_SUPABASE_URL, NEXT_PUBLIC_SUPABASE_URL[39m
[36m [2m❯[22m requiredAny src/config/env.ts:[2m9:9[22m[39m
[90m [2m❯[22m src/config/env.ts:[2m13:16[22m[39m

[31m[2m⎯⎯⎯⎯⎯⎯⎯⎯⎯⎯⎯⎯⎯⎯⎯⎯⎯⎯⎯⎯⎯[52/151]⎯[22m[39m

[41m[1m FAIL [22m[49m src/hooks/domain/forms/queries/__tests__/useFormFieldsQuery.test.ts[2m [ src/hooks/domain/forms/queries/__tests__/useFormFieldsQuery.test.ts ][22m
[31m[1mError[22m: [vitest] There was an error when mocking a module. If you are using "vi.mock" factory, make sure there are no top level variables inside, since this call is hoisted to top of the file. Read more: https://vitest.dev/api/vi.html#vi-mock[39m
[36m [2m❯[22m src/hooks/domain/forms/queries/useFormFieldsQuery.ts:[2m5:1[22m[39m
    [90m  3|[39m [35mimport[39m { [33mQUERY_STALE_TIME_MS[39m } [35mfrom[39m [32m'@/config/constants'[39m[33m;[39m
    [90m  4|[39m [35mimport[39m type { [33mFormField[39m } [35mfrom[39m [32m'@/lib/domain/forms'[39m[33m;[39m
    [90m  5|[39m [35mimport[39m { supabase } [35mfrom[39m [32m'@/lib/infrastructure'[39m[33m;[39m
    [90m   |[39m [31m^[39m
    [90m  6|[39m
    [90m  7|[39m export function formFieldsQueryKey(formId: string, includeInactive = f…

[31m[1mCaused by: Error[22m: Missing environment variable: one of VITE_SUPABASE_URL, NEXT_PUBLIC_SUPABASE_URL[39m
[36m [2m❯[22m requiredAny src/config/env.ts:[2m9:9[22m[39m
[90m [2m❯[22m src/config/env.ts:[2m13:16[22m[39m

[31m[2m⎯⎯⎯⎯⎯⎯⎯⎯⎯⎯⎯⎯⎯⎯⎯⎯⎯⎯⎯⎯⎯[53/151]⎯[22m[39m

[41m[1m FAIL [22m[49m src/hooks/domain/forms/queries/__tests__/useFormSubmissionsQuery.test.ts[2m [ src/hooks/domain/forms/queries/__tests__/useFormSubmissionsQuery.test.ts ][22m
[31m[1mError[22m: [vitest] There was an error when mocking a module. If you are using "vi.mock" factory, make sure there are no top level variables inside, since this call is hoisted to top of the file. Read more: https://vitest.dev/api/vi.html#vi-mock[39m
[36m [2m❯[22m src/hooks/domain/forms/queries/useFormSubmissionsQuery.ts:[2m5:1[22m[39m
    [90m  3|[39m [35mimport[39m { [33mQUERY_STALE_TIME_MS[39m } [35mfrom[39m [32m'@/config/constants'[39m[33m;[39m
    [90m  4|[39m [35mimport[39m type { [33mFormSubmission[39m } [35mfrom[39m [32m'@/lib/domain/forms'[39m[33m;[39m
    [90m  5|[39m [35mimport[39m { supabase } [35mfrom[39m [32m'@/lib/infrastructure'[39m[33m;[39m
    [90m   |[39m [31m^[39m
    [90m  6|[39m
    [90m  7|[39m [35mexport[39m [35mfunction[39m [34mformSubmissionsQueryKey[39m(formId[33m:[39m string) {

[31m[1mCaused by: Error[22m: Missing environment variable: one of VITE_SUPABASE_URL, NEXT_PUBLIC_SUPABASE_URL[39m
[36m [2m❯[22m requiredAny src/config/env.ts:[2m9:9[22m[39m
[90m [2m❯[22m src/config/env.ts:[2m13:16[22m[39m

[31m[2m⎯⎯⎯⎯⎯⎯⎯⎯⎯⎯⎯⎯⎯⎯⎯⎯⎯⎯⎯⎯⎯[54/151]⎯[22m[39m

[41m[1m FAIL [22m[49m src/hooks/domain/forms/queries/__tests__/usePublicFormFieldsQuery.test.ts[2m [ src/hooks/domain/forms/queries/__tests__/usePublicFormFieldsQuery.test.ts ][22m
[31m[1mError[22m: [vitest] There was an error when mocking a module. If you are using "vi.mock" factory, make sure there are no top level variables inside, since this call is hoisted to top of the file. Read more: https://vitest.dev/api/vi.html#vi-mock[39m
[36m [2m❯[22m src/hooks/domain/forms/queries/usePublicFormFieldsQuery.ts:[2m5:1[22m[39m
    [90m  3|[39m [35mimport[39m { [33mQUERY_STALE_TIME_MS[39m } [35mfrom[39m [32m'@/config/constants'[39m[33m;[39m
    [90m  4|[39m [35mimport[39m type { [33mFormField[39m } [35mfrom[39m [32m'@/lib/domain/forms'[39m[33m;[39m
    [90m  5|[39m [35mimport[39m { createEdgeFunctionCaller } [35mfrom[39m [32m'@/lib/infrastructure'[39m[33m;[39m
    [90m   |[39m [31m^[39m
    [90m  6|[39m
    [90m  7|[39m [35minterface[39m [33mGetPublicFormFieldsRequest[39m {

[31m[1mCaused by: Error[22m: Missing environment variable: one of VITE_SUPABASE_URL, NEXT_PUBLIC_SUPABASE_URL[39m
[36m [2m❯[22m requiredAny src/config/env.ts:[2m9:9[22m[39m
[90m [2m❯[22m src/config/env.ts:[2m13:16[22m[39m

[31m[2m⎯⎯⎯⎯⎯⎯⎯⎯⎯⎯⎯⎯⎯⎯⎯⎯⎯⎯⎯⎯⎯[55/151]⎯[22m[39m

[41m[1m FAIL [22m[49m src/hooks/domain/forms/queries/__tests__/usePublicFormsQuery.test.ts[2m [ src/hooks/domain/forms/queries/__tests__/usePublicFormsQuery.test.ts ][22m
[31m[1mError[22m: [vitest] There was an error when mocking a module. If you are using "vi.mock" factory, make sure there are no top level variables inside, since this call is hoisted to top of the file. Read more: https://vitest.dev/api/vi.html#vi-mock[39m
[36m [2m❯[22m src/hooks/domain/forms/queries/usePublicFormsQuery.ts:[2m5:1[22m[39m
    [90m  3|[39m [35mimport[39m { [33mQUERY_STALE_TIME_MS[39m } [35mfrom[39m [32m'@/config/constants'[39m[33m;[39m
    [90m  4|[39m [35mimport[39m type { [33mAdminForm[39m } [35mfrom[39m [32m'@/lib/domain/forms'[39m[33m;[39m
    [90m  5|[39m [35mimport[39m { createEdgeFunctionCaller } [35mfrom[39m [32m'@/lib/infrastructure'[39m[33m;[39m
    [90m   |[39m [31m^[39m
    [90m  6|[39m
    [90m  7|[39m [35mexport[39m [35mconst[39m [33mPUBLIC_FORMS_QUERY_KEY[39m [33m=[39m [[32m'public-forms'[39m] [35mas[39m [35mconst[39m[33m;[39m

[31m[1mCaused by: Error[22m: Missing environment variable: one of VITE_SUPABASE_URL, NEXT_PUBLIC_SUPABASE_URL[39m
[36m [2m❯[22m requiredAny src/config/env.ts:[2m9:9[22m[39m
[90m [2m❯[22m src/config/env.ts:[2m13:16[22m[39m

[31m[2m⎯⎯⎯⎯⎯⎯⎯⎯⎯⎯⎯⎯⎯⎯⎯⎯⎯⎯⎯⎯⎯[56/151]⎯[22m[39m

[41m[1m FAIL [22m[49m src/hooks/domain/members/mutations/__tests__/useBulkUpsertMembersMutation.test.ts[2m [ src/hooks/domain/members/mutations/__tests__/useBulkUpsertMembersMutation.test.ts ][22m
[31m[1mError[22m: [vitest] There was an error when mocking a module. If you are using "vi.mock" factory, make sure there are no top level variables inside, since this call is hoisted to top of the file. Read more: https://vitest.dev/api/vi.html#vi-mock[39m
[36m [2m❯[22m src/hooks/domain/members/mutations/useBulkUpsertMembersMutation.ts:[2m4:1[22m[39m
    [90m  2|[39m
    [90m  3|[39m [35mimport[39m { type [33mMemberCsvPreparedRowInput[39m } [35mfrom[39m [32m'@/lib/domain/members'[39m[33m;[39m
    [90m  4|[39m [35mimport[39m { createEdgeFunctionCaller } [35mfrom[39m [32m'@/lib/infrastructure'[39m[33m;[39m
    [90m   |[39m [31m^[39m
    [90m  5|[39m
    [90m  6|[39m import { ADMIN_MEMBERS_IMPORT_SNAPSHOT_QUERY_KEY } from '../queries/us…

[31m[1mCaused by: Error[22m: Missing environment variable: one of VITE_SUPABASE_URL, NEXT_PUBLIC_SUPABASE_URL[39m
[36m [2m❯[22m requiredAny src/config/env.ts:[2m9:9[22m[39m
[90m [2m❯[22m src/config/env.ts:[2m13:16[22m[39m

[31m[2m⎯⎯⎯⎯⎯⎯⎯⎯⎯⎯⎯⎯⎯⎯⎯⎯⎯⎯⎯⎯⎯[57/151]⎯[22m[39m

[41m[1m FAIL [22m[49m src/hooks/domain/members/mutations/__tests__/useCreateMemberMutation.test.ts[2m [ src/hooks/domain/members/mutations/__tests__/useCreateMemberMutation.test.ts ][22m
[31m[1mError[22m: [vitest] There was an error when mocking a module. If you are using "vi.mock" factory, make sure there are no top level variables inside, since this call is hoisted to top of the file. Read more: https://vitest.dev/api/vi.html#vi-mock[39m
[36m [2m❯[22m src/hooks/domain/members/mutations/useCreateMemberMutation.ts:[2m4:1[22m[39m
    [90m  2|[39m
    [90m  3|[39m [35mimport[39m type { [33mCreateMemberInput[39m } [35mfrom[39m [32m'@/lib/domain/members'[39m[33m;[39m
    [90m  4|[39m [35mimport[39m { createEdgeFunctionCaller } [35mfrom[39m [32m'@/lib/infrastructure'[39m[33m;[39m
    [90m   |[39m [31m^[39m
    [90m  5|[39m
    [90m  6|[39m import { ADMIN_MEMBERS_QUERY_KEY } from '../queries/useAdminMembersQue…

[31m[1mCaused by: Error[22m: Missing environment variable: one of VITE_SUPABASE_URL, NEXT_PUBLIC_SUPABASE_URL[39m
[36m [2m❯[22m requiredAny src/config/env.ts:[2m9:9[22m[39m
[90m [2m❯[22m src/config/env.ts:[2m13:16[22m[39m

[31m[2m⎯⎯⎯⎯⎯⎯⎯⎯⎯⎯⎯⎯⎯⎯⎯⎯⎯⎯⎯⎯⎯[58/151]⎯[22m[39m

[41m[1m FAIL [22m[49m src/hooks/domain/members/mutations/__tests__/useRestoreMemberMutation.test.ts[2m [ src/hooks/domain/members/mutations/__tests__/useRestoreMemberMutation.test.ts ][22m
[31m[1mError[22m: [vitest] There was an error when mocking a module. If you are using "vi.mock" factory, make sure there are no top level variables inside, since this call is hoisted to top of the file. Read more: https://vitest.dev/api/vi.html#vi-mock[39m
[36m [2m❯[22m src/hooks/domain/members/mutations/useRestoreMemberMutation.ts:[2m3:1[22m[39m
    [90m  1|[39m [35mimport[39m { useMutation[33m,[39m useQueryClient } [35mfrom[39m [32m'@tanstack/react-query'[39m[33m;[39m
    [90m  2|[39m
    [90m  3|[39m [35mimport[39m { supabase } [35mfrom[39m [32m'@/lib/infrastructure'[39m[33m;[39m
    [90m   |[39m [31m^[39m
    [90m  4|[39m
    [90m  5|[39m import { ADMIN_MEMBER_QUERY_KEY } from '../queries/useAdminMemberQuery…

[31m[1mCaused by: Error[22m: Missing environment variable: one of VITE_SUPABASE_URL, NEXT_PUBLIC_SUPABASE_URL[39m
[36m [2m❯[22m requiredAny src/config/env.ts:[2m9:9[22m[39m
[90m [2m❯[22m src/config/env.ts:[2m13:16[22m[39m

[31m[2m⎯⎯⎯⎯⎯⎯⎯⎯⎯⎯⎯⎯⎯⎯⎯⎯⎯⎯⎯⎯⎯[59/151]⎯[22m[39m

[41m[1m FAIL [22m[49m src/hooks/domain/members/mutations/__tests__/useSoftDeleteMemberMutation.test.ts[2m [ src/hooks/domain/members/mutations/__tests__/useSoftDeleteMemberMutation.test.ts ][22m
[31m[1mError[22m: [vitest] There was an error when mocking a module. If you are using "vi.mock" factory, make sure there are no top level variables inside, since this call is hoisted to top of the file. Read more: https://vitest.dev/api/vi.html#vi-mock[39m
[36m [2m❯[22m src/hooks/domain/members/mutations/useSoftDeleteMemberMutation.ts:[2m3:1[22m[39m
    [90m  1|[39m [35mimport[39m { useMutation[33m,[39m useQueryClient } [35mfrom[39m [32m'@tanstack/react-query'[39m[33m;[39m
    [90m  2|[39m
    [90m  3|[39m [35mimport[39m { supabase } [35mfrom[39m [32m'@/lib/infrastructure'[39m[33m;[39m
    [90m   |[39m [31m^[39m
    [90m  4|[39m
    [90m  5|[39m import { ADMIN_MEMBER_QUERY_KEY } from '../queries/useAdminMemberQuery…

[31m[1mCaused by: Error[22m: Missing environment variable: one of VITE_SUPABASE_URL, NEXT_PUBLIC_SUPABASE_URL[39m
[36m [2m❯[22m requiredAny src/config/env.ts:[2m9:9[22m[39m
[90m [2m❯[22m src/config/env.ts:[2m13:16[22m[39m

[31m[2m⎯⎯⎯⎯⎯⎯⎯⎯⎯⎯⎯⎯⎯⎯⎯⎯⎯⎯⎯⎯⎯[60/151]⎯[22m[39m

[41m[1m FAIL [22m[49m src/hooks/domain/members/mutations/__tests__/useUpdateMemberIdMutation.test.ts[2m [ src/hooks/domain/members/mutations/__tests__/useUpdateMemberIdMutation.test.ts ][22m
[31m[1mError[22m: [vitest] There was an error when mocking a module. If you are using "vi.mock" factory, make sure there are no top level variables inside, since this call is hoisted to top of the file. Read more: https://vitest.dev/api/vi.html#vi-mock[39m
[36m [2m❯[22m src/hooks/domain/members/mutations/useUpdateMemberIdMutation.ts:[2m3:1[22m[39m
    [90m  1|[39m [35mimport[39m { useMutation[33m,[39m useQueryClient } [35mfrom[39m [32m'@tanstack/react-query'[39m[33m;[39m
    [90m  2|[39m
    [90m  3|[39m [35mimport[39m { createEdgeFunctionCaller } [35mfrom[39m [32m'@/lib/infrastructure'[39m[33m;[39m
    [90m   |[39m [31m^[39m
    [90m  4|[39m
    [90m  5|[39m import { ADMIN_MEMBER_QUERY_KEY } from '../queries/useAdminMemberQuery…

[31m[1mCaused by: Error[22m: Missing environment variable: one of VITE_SUPABASE_URL, NEXT_PUBLIC_SUPABASE_URL[39m
[36m [2m❯[22m requiredAny src/config/env.ts:[2m9:9[22m[39m
[90m [2m❯[22m src/config/env.ts:[2m13:16[22m[39m

[31m[2m⎯⎯⎯⎯⎯⎯⎯⎯⎯⎯⎯⎯⎯⎯⎯⎯⎯⎯⎯⎯⎯[61/151]⎯[22m[39m

[41m[1m FAIL [22m[49m src/hooks/domain/members/mutations/__tests__/useUpdateMemberMutation.test.ts[2m [ src/hooks/domain/members/mutations/__tests__/useUpdateMemberMutation.test.ts ][22m
[31m[1mError[22m: [vitest] There was an error when mocking a module. If you are using "vi.mock" factory, make sure there are no top level variables inside, since this call is hoisted to top of the file. Read more: https://vitest.dev/api/vi.html#vi-mock[39m
[36m [2m❯[22m src/hooks/domain/members/mutations/useUpdateMemberMutation.ts:[2m4:1[22m[39m
    [90m  2|[39m
    [90m  3|[39m [35mimport[39m type { [33mUpdateMemberInput[39m } [35mfrom[39m [32m'@/lib/domain/members'[39m[33m;[39m
    [90m  4|[39m [35mimport[39m { supabase } [35mfrom[39m [32m'@/lib/infrastructure'[39m[33m;[39m
    [90m   |[39m [31m^[39m
    [90m  5|[39m
    [90m  6|[39m import { ADMIN_MEMBER_QUERY_KEY } from '../queries/useAdminMemberQuery…

[31m[1mCaused by: Error[22m: Missing environment variable: one of VITE_SUPABASE_URL, NEXT_PUBLIC_SUPABASE_URL[39m
[36m [2m❯[22m requiredAny src/config/env.ts:[2m9:9[22m[39m
[90m [2m❯[22m src/config/env.ts:[2m13:16[22m[39m

[31m[2m⎯⎯⎯⎯⎯⎯⎯⎯⎯⎯⎯⎯⎯⎯⎯⎯⎯⎯⎯⎯⎯[62/151]⎯[22m[39m

[41m[1m FAIL [22m[49m src/hooks/domain/members/queries/__tests__/useAdminMemberQuery.test.ts[2m [ src/hooks/domain/members/queries/__tests__/useAdminMemberQuery.test.ts ][22m
[31m[1mError[22m: [vitest] There was an error when mocking a module. If you are using "vi.mock" factory, make sure there are no top level variables inside, since this call is hoisted to top of the file. Read more: https://vitest.dev/api/vi.html#vi-mock[39m
[36m [2m❯[22m src/hooks/domain/members/queries/useAdminMemberQuery.ts:[2m4:1[22m[39m
    [90m  2|[39m
    [90m  3|[39m [35mimport[39m type { [33mAdminMember[39m } [35mfrom[39m [32m'@/lib/domain/members'[39m[33m;[39m
    [90m  4|[39m [35mimport[39m { supabase } [35mfrom[39m [32m'@/lib/infrastructure'[39m[33m;[39m
    [90m   |[39m [31m^[39m
    [90m  5|[39m
    [90m  6|[39m [35mfunction[39m [34mreadMetadataString[39m(value[33m:[39m unknown)[33m:[39m string {

[31m[1mCaused by: Error[22m: Missing environment variable: one of VITE_SUPABASE_URL, NEXT_PUBLIC_SUPABASE_URL[39m
[36m [2m❯[22m requiredAny src/config/env.ts:[2m9:9[22m[39m
[90m [2m❯[22m src/config/env.ts:[2m13:16[22m[39m

[31m[2m⎯⎯⎯⎯⎯⎯⎯⎯⎯⎯⎯⎯⎯⎯⎯⎯⎯⎯⎯⎯⎯[63/151]⎯[22m[39m

[41m[1m FAIL [22m[49m src/hooks/domain/members/queries/__tests__/useAdminMembersImportSnapshotQuery.test.ts[2m [ src/hooks/domain/members/queries/__tests__/useAdminMembersImportSnapshotQuery.test.ts ][22m
[31m[1mError[22m: [vitest] There was an error when mocking a module. If you are using "vi.mock" factory, make sure there are no top level variables inside, since this call is hoisted to top of the file. Read more: https://vitest.dev/api/vi.html#vi-mock[39m
[36m [2m❯[22m src/hooks/domain/members/queries/useAdminMembersImportSnapshotQuery.ts:[2m4:1[22m[39m
    [90m  2|[39m
    [90m  3|[39m [35mimport[39m { [33mQUERY_STALE_TIME_MS[39m } [35mfrom[39m [32m'@/config/constants'[39m[33m;[39m
    [90m  4|[39m [35mimport[39m { supabase } [35mfrom[39m [32m'@/lib/infrastructure'[39m[33m;[39m
    [90m   |[39m [31m^[39m
    [90m  5|[39m
    [90m  6|[39m [35mexport[39m [35minterface[39m [33mAdminMembersImportSnapshotMember[39m {

[31m[1mCaused by: Error[22m: Missing environment variable: one of VITE_SUPABASE_URL, NEXT_PUBLIC_SUPABASE_URL[39m
[36m [2m❯[22m requiredAny src/config/env.ts:[2m9:9[22m[39m
[90m [2m❯[22m src/config/env.ts:[2m13:16[22m[39m

[31m[2m⎯⎯⎯⎯⎯⎯⎯⎯⎯⎯⎯⎯⎯⎯⎯⎯⎯⎯⎯⎯⎯[64/151]⎯[22m[39m

[41m[1m FAIL [22m[49m src/hooks/domain/members/queries/__tests__/useAdminMembersMilestonesQuery.test.ts[2m [ src/hooks/domain/members/queries/__tests__/useAdminMembersMilestonesQuery.test.ts ][22m
[31m[1mError[22m: [vitest] There was an error when mocking a module. If you are using "vi.mock" factory, make sure there are no top level variables inside, since this call is hoisted to top of the file. Read more: https://vitest.dev/api/vi.html#vi-mock[39m
[36m [2m❯[22m src/hooks/domain/members/queries/useAdminMembersMilestonesQuery.ts:[2m5:1[22m[39m
    [90m  3|[39m [35mimport[39m { [33mQUERY_STALE_TIME_MS[39m } [35mfrom[39m [32m'@/config/constants'[39m[33m;[39m
    [90m  4|[39m [35mimport[39m type { [33mAdminMember[39m } [35mfrom[39m [32m'@/lib/domain/members'[39m[33m;[39m
    [90m  5|[39m [35mimport[39m { supabase } [35mfrom[39m [32m'@/lib/infrastructure'[39m[33m;[39m
    [90m   |[39m [31m^[39m
    [90m  6|[39m
    [90m  7|[39m [35mfunction[39m [34mreadMetadataString[39m(value[33m:[39m unknown)[33m:[39m string {

[31m[1mCaused by: Error[22m: Missing environment variable: one of VITE_SUPABASE_URL, NEXT_PUBLIC_SUPABASE_URL[39m
[36m [2m❯[22m requiredAny src/config/env.ts:[2m9:9[22m[39m
[90m [2m❯[22m src/config/env.ts:[2m13:16[22m[39m

[31m[2m⎯⎯⎯⎯⎯⎯⎯⎯⎯⎯⎯⎯⎯⎯⎯⎯⎯⎯⎯⎯⎯[65/151]⎯[22m[39m

[41m[1m FAIL [22m[49m src/hooks/domain/members/queries/__tests__/useAdminMembersQuery.test.ts[2m [ src/hooks/domain/members/queries/__tests__/useAdminMembersQuery.test.ts ][22m
[31m[1mError[22m: [vitest] There was an error when mocking a module. If you are using "vi.mock" factory, make sure there are no top level variables inside, since this call is hoisted to top of the file. Read more: https://vitest.dev/api/vi.html#vi-mock[39m
[36m [2m❯[22m src/hooks/domain/members/queries/useAdminMembersQuery.ts:[2m5:1[22m[39m
    [90m  3|[39m import { PAGINATION_DEFAULTS, QUERY_STALE_TIME_MS } from '@/config/con…
    [90m  4|[39m [35mimport[39m type { [33mAdminMember[39m } [35mfrom[39m [32m'@/lib/domain/members'[39m[33m;[39m
    [90m  5|[39m import { decodeOffsetCursor, getTotalPages, supabase } from '@/lib/inf…
    [90m   |[39m [31m^[39m
    [90m  6|[39m
    [90m  7|[39m [35mfunction[39m [34mreadMetadataString[39m(value[33m:[39m unknown)[33m:[39m string {

[31m[1mCaused by: Error[22m: Missing environment variable: one of VITE_SUPABASE_URL, NEXT_PUBLIC_SUPABASE_URL[39m
[36m [2m❯[22m requiredAny src/config/env.ts:[2m9:9[22m[39m
[90m [2m❯[22m src/config/env.ts:[2m13:16[22m[39m

[31m[2m⎯⎯⎯⎯⎯⎯⎯⎯⎯⎯⎯⎯⎯⎯⎯⎯⎯⎯⎯⎯⎯[66/151]⎯[22m[39m

[41m[1m FAIL [22m[49m src/hooks/domain/members/queries/__tests__/useMemberAvatarQuery.test.ts[2m [ src/hooks/domain/members/queries/__tests__/useMemberAvatarQuery.test.ts ][22m
[31m[1mError[22m: [vitest] There was an error when mocking a module. If you are using "vi.mock" factory, make sure there are no top level variables inside, since this call is hoisted to top of the file. Read more: https://vitest.dev/api/vi.html#vi-mock[39m
[36m [2m❯[22m src/hooks/domain/members/queries/useMemberAvatarQuery.ts:[2m3:1[22m[39m
    [90m  1|[39m [35mimport[39m { useQuery } [35mfrom[39m [32m'@tanstack/react-query'[39m[33m;[39m
    [90m  2|[39m
    [90m  3|[39m [35mimport[39m { supabase } [35mfrom[39m [32m'@/lib/infrastructure'[39m[33m;[39m
    [90m   |[39m [31m^[39m
    [90m  4|[39m
    [90m  5|[39m [35mconst[39m [33mBUCKET[39m [33m=[39m [32m'member_avatars'[39m[33m;[39m

[31m[1mCaused by: Error[22m: Missing environment variable: one of VITE_SUPABASE_URL, NEXT_PUBLIC_SUPABASE_URL[39m
[36m [2m❯[22m requiredAny src/config/env.ts:[2m9:9[22m[39m
[90m [2m❯[22m src/config/env.ts:[2m13:16[22m[39m

[31m[2m⎯⎯⎯⎯⎯⎯⎯⎯⎯⎯⎯⎯⎯⎯⎯⎯⎯⎯⎯⎯⎯[67/151]⎯[22m[39m

[41m[1m FAIL [22m[49m src/hooks/domain/members/queries/__tests__/useMemberEventHistoryQuery.test.ts[2m [ src/hooks/domain/members/queries/__tests__/useMemberEventHistoryQuery.test.ts ][22m
[31m[1mError[22m: [vitest] There was an error when mocking a module. If you are using "vi.mock" factory, make sure there are no top level variables inside, since this call is hoisted to top of the file. Read more: https://vitest.dev/api/vi.html#vi-mock[39m
[36m [2m❯[22m src/hooks/domain/members/queries/useMemberEventHistoryQuery.ts:[2m5:1[22m[39m
    [90m  3|[39m
    [90m  4|[39m [35mimport[39m type { [33mMemberEventHistoryItem[39m } [35mfrom[39m [32m'@/lib/domain/members'[39m[33m;[39m
    [90m  5|[39m [35mimport[39m { supabase } [35mfrom[39m [32m'@/lib/infrastructure'[39m[33m;[39m
    [90m   |[39m [31m^[39m
    [90m  6|[39m
    [90m  7|[39m [35mexport[39m [35mconst[39m [33mMEMBER_EVENT_HISTORY_QUERY_KEY[39m [33m=[39m (userId[33m:[39m string) [33m=>[39m

[31m[1mCaused by: Error[22m: Missing environment variable: one of VITE_SUPABASE_URL, NEXT_PUBLIC_SUPABASE_URL[39m
[36m [2m❯[22m requiredAny src/config/env.ts:[2m9:9[22m[39m
[90m [2m❯[22m src/config/env.ts:[2m13:16[22m[39m

[31m[2m⎯⎯⎯⎯⎯⎯⎯⎯⎯⎯⎯⎯⎯⎯⎯⎯⎯⎯⎯⎯⎯[68/151]⎯[22m[39m

[41m[1m FAIL [22m[49m src/hooks/domain/members/queries/__tests__/useMemberLookupQuery.test.ts[2m [ src/hooks/domain/members/queries/__tests__/useMemberLookupQuery.test.ts ][22m
[31m[1mError[22m: [vitest] There was an error when mocking a module. If you are using "vi.mock" factory, make sure there are no top level variables inside, since this call is hoisted to top of the file. Read more: https://vitest.dev/api/vi.html#vi-mock[39m
[36m [2m❯[22m src/hooks/domain/members/queries/useMemberLookupQuery.ts:[2m9:1[22m[39m
    [90m  7|[39m   [33mMemberLookupResult[39m[33m,[39m
    [90m  8|[39m } [35mfrom[39m [32m'@/lib/domain/members'[39m[33m;[39m
    [90m  9|[39m import { createEdgeFunctionCaller, logger } from '@/lib/infrastructure…
    [90m   |[39m [31m^[39m
    [90m 10|[39m
    [90m 11|[39m [35mexport[39m type {

[31m[1mCaused by: Error[22m: Missing environment variable: one of VITE_SUPABASE_URL, NEXT_PUBLIC_SUPABASE_URL[39m
[36m [2m❯[22m requiredAny src/config/env.ts:[2m9:9[22m[39m
[90m [2m❯[22m src/config/env.ts:[2m13:16[22m[39m

[31m[2m⎯⎯⎯⎯⎯⎯⎯⎯⎯⎯⎯⎯⎯⎯⎯⎯⎯⎯⎯⎯⎯[69/151]⎯[22m[39m

[41m[1m FAIL [22m[49m src/hooks/domain/public-registrations/mutations/__tests__/useCancelPublicRegistrationMutation.test.ts[2m [ src/hooks/domain/public-registrations/mutations/__tests__/useCancelPublicRegistrationMutation.test.ts ][22m
[31m[1mError[22m: [vitest] There was an error when mocking a module. If you are using "vi.mock" factory, make sure there are no top level variables inside, since this call is hoisted to top of the file. Read more: https://vitest.dev/api/vi.html#vi-mock[39m
[36m [2m❯[22m src/hooks/domain/public-registrations/mutations/useCancelPublicRegistrationMutation.ts:[2m3:1[22m[39m
    [90m  1|[39m [35mimport[39m { useMutation[33m,[39m useQueryClient } [35mfrom[39m [32m'@tanstack/react-query'[39m[33m;[39m
    [90m  2|[39m
    [90m  3|[39m [35mimport[39m { createEdgeFunctionCaller } [35mfrom[39m [32m'@/lib/infrastructure'[39m[33m;[39m
    [90m   |[39m [31m^[39m
    [90m  4|[39m
    [90m  5|[39m [35minterface[39m [33mCancelPublicRegistrationRequest[39m {

[31m[1mCaused by: Error[22m: Missing environment variable: one of VITE_SUPABASE_URL, NEXT_PUBLIC_SUPABASE_URL[39m
[36m [2m❯[22m requiredAny src/config/env.ts:[2m9:9[22m[39m
[90m [2m❯[22m src/config/env.ts:[2m13:16[22m[39m

[31m[2m⎯⎯⎯⎯⎯⎯⎯⎯⎯⎯⎯⎯⎯⎯⎯⎯⎯⎯⎯⎯⎯[70/151]⎯[22m[39m

[41m[1m FAIL [22m[49m src/hooks/domain/public-registrations/mutations/__tests__/useDownloadPublicRegistrationsTemplateMutation.test.ts[2m [ src/hooks/domain/public-registrations/mutations/__tests__/useDownloadPublicRegistrationsTemplateMutation.test.ts ][22m
[31m[1mError[22m: [vitest] There was an error when mocking a module. If you are using "vi.mock" factory, make sure there are no top level variables inside, since this call is hoisted to top of the file. Read more: https://vitest.dev/api/vi.html#vi-mock[39m
[36m [2m❯[22m src/hooks/domain/public-registrations/mutations/useDownloadPublicRegistrationsTemplateMutation.ts:[2m3:1[22m[39m
    [90m  1|[39m [35mimport[39m { useMutation } [35mfrom[39m [32m'@tanstack/react-query'[39m[33m;[39m
    [90m  2|[39m
    [90m  3|[39m [35mimport[39m { createEdgeFunctionTextCaller } [35mfrom[39m [32m'@/lib/infrastructure'[39m[33m;[39m
    [90m   |[39m [31m^[39m
    [90m  4|[39m
    [90m  5|[39m type [33mDownloadPublicRegistrationsTemplateRequest[39m [33m=[39m {

[31m[1mCaused by: Error[22m: Missing environment variable: one of VITE_SUPABASE_URL, NEXT_PUBLIC_SUPABASE_URL[39m
[36m [2m❯[22m requiredAny src/config/env.ts:[2m9:9[22m[39m
[90m [2m❯[22m src/config/env.ts:[2m13:16[22m[39m

[31m[2m⎯⎯⎯⎯⎯⎯⎯⎯⎯⎯⎯⎯⎯⎯⎯⎯⎯⎯⎯⎯⎯[71/151]⎯[22m[39m

[41m[1m FAIL [22m[49m src/hooks/domain/public-registrations/mutations/__tests__/useReactivatePublicRegistrationMutation.test.ts[2m [ src/hooks/domain/public-registrations/mutations/__tests__/useReactivatePublicRegistrationMutation.test.ts ][22m
[31m[1mError[22m: [vitest] There was an error when mocking a module. If you are using "vi.mock" factory, make sure there are no top level variables inside, since this call is hoisted to top of the file. Read more: https://vitest.dev/api/vi.html#vi-mock[39m
[36m [2m❯[22m src/hooks/domain/public-registrations/mutations/useReactivatePublicRegistrationMutation.ts:[2m3:1[22m[39m
    [90m  1|[39m [35mimport[39m { useMutation[33m,[39m useQueryClient } [35mfrom[39m [32m'@tanstack/react-query'[39m[33m;[39m
    [90m  2|[39m
    [90m  3|[39m [35mimport[39m { createEdgeFunctionCaller } [35mfrom[39m [32m'@/lib/infrastructure'[39m[33m;[39m
    [90m   |[39m [31m^[39m
    [90m  4|[39m
    [90m  5|[39m [35minterface[39m [33mReactivatePublicRegistrationRequest[39m {

[31m[1mCaused by: Error[22m: Missing environment variable: one of VITE_SUPABASE_URL, NEXT_PUBLIC_SUPABASE_URL[39m
[36m [2m❯[22m requiredAny src/config/env.ts:[2m9:9[22m[39m
[90m [2m❯[22m src/config/env.ts:[2m13:16[22m[39m

[31m[2m⎯⎯⎯⎯⎯⎯⎯⎯⎯⎯⎯⎯⎯⎯⎯⎯⎯⎯⎯⎯⎯[72/151]⎯[22m[39m

[41m[1m FAIL [22m[49m src/hooks/domain/members/state/__tests__/useMemberLookupState.test.tsx[2m [ src/hooks/domain/members/state/__tests__/useMemberLookupState.test.tsx ][22m
[31m[1mError[22m: [vitest] There was an error when mocking a module. If you are using "vi.mock" factory, make sure there are no top level variables inside, since this call is hoisted to top of the file. Read more: https://vitest.dev/api/vi.html#vi-mock[39m
[36m [2m❯[22m src/hooks/domain/members/state/useMemberLookupState.ts:[2m8:1[22m[39m
    [90m  6|[39m
    [90m  7|[39m [35mimport[39m type { [33mMemberLookupProfile[39m } [35mfrom[39m [32m'@/lib/domain/members'[39m[33m;[39m
    [90m  8|[39m [35mimport[39m { logger } [35mfrom[39m [32m'@/lib/infrastructure'[39m[33m;[39m
    [90m   |[39m [31m^[39m
    [90m  9|[39m
    [90m 10|[39m [35mimport[39m { useMemberLookupQuery } [35mfrom[39m [32m'../queries/useMemberLookupQuery'[39m[33m;[39m

[31m[1mCaused by: Error[22m: Missing environment variable: one of VITE_SUPABASE_URL, NEXT_PUBLIC_SUPABASE_URL[39m
[36m [2m❯[22m requiredAny src/config/env.ts:[2m9:9[22m[39m
[90m [2m❯[22m src/config/env.ts:[2m13:16[22m[39m

[31m[2m⎯⎯⎯⎯⎯⎯⎯⎯⎯⎯⎯⎯⎯⎯⎯⎯⎯⎯⎯⎯⎯[73/151]⎯[22m[39m

[41m[1m FAIL [22m[49m src/hooks/domain/public-registrations/queries/__tests__/useAdminPublicRegistrationsQuery.test.ts[2m [ src/hooks/domain/public-registrations/queries/__tests__/useAdminPublicRegistrationsQuery.test.ts ][22m
[31m[1mError[22m: [vitest] There was an error when mocking a module. If you are using "vi.mock" factory, make sure there are no top level variables inside, since this call is hoisted to top of the file. Read more: https://vitest.dev/api/vi.html#vi-mock[39m
[36m [2m❯[22m src/hooks/domain/public-registrations/queries/useAdminPublicRegistrationsQuery.ts:[2m5:1[22m[39m
    [90m  3|[39m import { PAGINATION_DEFAULTS, QUERY_STALE_TIME_MS } from '@/config/con…
    [90m  4|[39m import type { PublicRegistrationSummary } from '@/lib/domain/public-re…
    [90m  5|[39m import { decodeOffsetCursor, getTotalPages, supabase } from '@/lib/inf…
    [90m   |[39m [31m^[39m
    [90m  6|[39m
    [90m  7|[39m [35mfunction[39m [34mescapeOrFilterValue[39m(value[33m:[39m string)[33m:[39m string {

[31m[1mCaused by: Error[22m: Missing environment variable: one of VITE_SUPABASE_URL, NEXT_PUBLIC_SUPABASE_URL[39m
[36m [2m❯[22m requiredAny src/config/env.ts:[2m9:9[22m[39m
[90m [2m❯[22m src/config/env.ts:[2m13:16[22m[39m

[31m[2m⎯⎯⎯⎯⎯⎯⎯⎯⎯⎯⎯⎯⎯⎯⎯⎯⎯⎯⎯⎯⎯[74/151]⎯[22m[39m

[41m[1m FAIL [22m[49m src/hooks/domain/public-registrations/queries/__tests__/usePublicAttendeeCheckQuery.test.ts[2m [ src/hooks/domain/public-registrations/queries/__tests__/usePublicAttendeeCheckQuery.test.ts ][22m
[31m[1mError[22m: [vitest] There was an error when mocking a module. If you are using "vi.mock" factory, make sure there are no top level variables inside, since this call is hoisted to top of the file. Read more: https://vitest.dev/api/vi.html#vi-mock[39m
[36m [2m❯[22m src/hooks/domain/public-registrations/queries/usePublicAttendeeCheckQuery.ts:[2m4:1[22m[39m
    [90m  2|[39m
    [90m  3|[39m import type { PublicRegistrationCheckResult } from '@/lib/domain/publi…
    [90m  4|[39m [35mimport[39m { createEdgeFunctionCaller } [35mfrom[39m [32m'@/lib/infrastructure'[39m[33m;[39m
    [90m   |[39m [31m^[39m
    [90m  5|[39m
    [90m  6|[39m [35minterface[39m [33mPublicAttendeeCheckRequest[39m {

[31m[1mCaused by: Error[22m: Missing environment variable: one of VITE_SUPABASE_URL, NEXT_PUBLIC_SUPABASE_URL[39m
[36m [2m❯[22m requiredAny src/config/env.ts:[2m9:9[22m[39m
[90m [2m❯[22m src/config/env.ts:[2m13:16[22m[39m

[31m[2m⎯⎯⎯⎯⎯⎯⎯⎯⎯⎯⎯⎯⎯⎯⎯⎯⎯⎯⎯⎯⎯[75/151]⎯[22m[39m

[41m[1m FAIL [22m[49m src/hooks/domain/public-registrations/queries/__tests__/usePublicRegistrationDetailQuery.test.ts[2m [ src/hooks/domain/public-registrations/queries/__tests__/usePublicRegistrationDetailQuery.test.ts ][22m
[31m[1mError[22m: [vitest] There was an error when mocking a module. If you are using "vi.mock" factory, make sure there are no top level variables inside, since this call is hoisted to top of the file. Read more: https://vitest.dev/api/vi.html#vi-mock[39m
[36m [2m❯[22m src/hooks/domain/public-registrations/queries/usePublicRegistrationDetailQuery.ts:[2m4:1[22m[39m
    [90m  2|[39m
    [90m  3|[39m [35mimport[39m type { [33mEventFieldType[39m } [35mfrom[39m [32m'@/lib/domain/event-fields'[39m[33m;[39m
    [90m  4|[39m [35mimport[39m { supabase } [35mfrom[39m [32m'@/lib/infrastructure'[39m[33m;[39m
    [90m   |[39m [31m^[39m
    [90m  5|[39m
    [90m  6|[39m [35mexport[39m type [33mPublicRegistrationFieldResponse[39m [33m=[39m {

[31m[1mCaused by: Error[22m: Missing environment variable: one of VITE_SUPABASE_URL, NEXT_PUBLIC_SUPABASE_URL[39m
[36m [2m❯[22m requiredAny src/config/env.ts:[2m9:9[22m[39m
[90m [2m❯[22m src/config/env.ts:[2m13:16[22m[39m

[31m[2m⎯⎯⎯⎯⎯⎯⎯⎯⎯⎯⎯⎯⎯⎯⎯⎯⎯⎯⎯⎯⎯[76/151]⎯[22m[39m

[41m[1m FAIL [22m[49m src/hooks/domain/public-registrations/queries/__tests__/useSubmitPublicRegistrationMutation.test.ts[2m [ src/hooks/domain/public-registrations/queries/__tests__/useSubmitPublicRegistrationMutation.test.ts ][22m
[31m[1mError[22m: [vitest] There was an error when mocking a module. If you are using "vi.mock" factory, make sure there are no top level variables inside, since this call is hoisted to top of the file. Read more: https://vitest.dev/api/vi.html#vi-mock[39m
[36m [2m❯[22m src/hooks/domain/public-registrations/queries/useSubmitPublicRegistrationMutation.ts:[2m8:1[22m[39m
    [90m  6|[39m   [33mSubmitPublicRegistrationResult[39m[33m,[39m
    [90m  7|[39m } [35mfrom[39m [32m'@/lib/domain/public-registrations'[39m[33m;[39m
    [90m  8|[39m [35mimport[39m { createEdgeFunctionCaller } [35mfrom[39m [32m'@/lib/infrastructure'[39m[33m;[39m
    [90m   |[39m [31m^[39m
    [90m  9|[39m
    [90m 10|[39m [90m/**

[31m[1mCaused by: Error[22m: Missing environment variable: one of VITE_SUPABASE_URL, NEXT_PUBLIC_SUPABASE_URL[39m
[36m [2m❯[22m requiredAny src/config/env.ts:[2m9:9[22m[39m
[90m [2m❯[22m src/config/env.ts:[2m13:16[22m[39m

[31m[2m⎯⎯⎯⎯⎯⎯⎯⎯⎯⎯⎯⎯⎯⎯⎯⎯⎯⎯⎯⎯⎯[77/151]⎯[22m[39m

[41m[1m FAIL [22m[49m src/hooks/domain/registrations/mutations/__tests__/useDownloadRegistrationsTemplateMutation.test.ts[2m [ src/hooks/domain/registrations/mutations/__tests__/useDownloadRegistrationsTemplateMutation.test.ts ][22m
[31m[1mError[22m: [vitest] There was an error when mocking a module. If you are using "vi.mock" factory, make sure there are no top level variables inside, since this call is hoisted to top of the file. Read more: https://vitest.dev/api/vi.html#vi-mock[39m
[36m [2m❯[22m src/hooks/domain/registrations/mutations/useDownloadRegistrationsTemplateMutation.ts:[2m3:1[22m[39m
    [90m  1|[39m [35mimport[39m { useMutation } [35mfrom[39m [32m'@tanstack/react-query'[39m[33m;[39m
    [90m  2|[39m
    [90m  3|[39m [35mimport[39m { createEdgeFunctionTextCaller } [35mfrom[39m [32m'@/lib/infrastructure'[39m[33m;[39m
    [90m   |[39m [31m^[39m
    [90m  4|[39m
    [90m  5|[39m type [33mDownloadRegistrationsTemplateRequest[39m [33m=[39m {

[31m[1mCaused by: Error[22m: Missing environment variable: one of VITE_SUPABASE_URL, NEXT_PUBLIC_SUPABASE_URL[39m
[36m [2m❯[22m requiredAny src/config/env.ts:[2m9:9[22m[39m
[90m [2m❯[22m src/config/env.ts:[2m13:16[22m[39m

[31m[2m⎯⎯⎯⎯⎯⎯⎯⎯⎯⎯⎯⎯⎯⎯⎯⎯⎯⎯⎯⎯⎯[78/151]⎯[22m[39m

[41m[1m FAIL [22m[49m src/hooks/domain/registrations/mutations/__tests__/useExportRegistrationsCSVMutation.test.ts[2m [ src/hooks/domain/registrations/mutations/__tests__/useExportRegistrationsCSVMutation.test.ts ][22m
[31m[1mError[22m: [vitest] There was an error when mocking a module. If you are using "vi.mock" factory, make sure there are no top level variables inside, since this call is hoisted to top of the file. Read more: https://vitest.dev/api/vi.html#vi-mock[39m
[36m [2m❯[22m src/hooks/domain/registrations/mutations/useExportRegistrationsCSVMutation.ts:[2m3:1[22m[39m
    [90m  1|[39m [35mimport[39m { useMutation } [35mfrom[39m [32m'@tanstack/react-query'[39m[33m;[39m
    [90m  2|[39m
    [90m  3|[39m [35mimport[39m { createEdgeFunctionTextCaller } [35mfrom[39m [32m'@/lib/infrastructure'[39m[33m;[39m
    [90m   |[39m [31m^[39m
    [90m  4|[39m
    [90m  5|[39m [35minterface[39m [33mExportRegistrationsCSVRequest[39m {

[31m[1mCaused by: Error[22m: Missing environment variable: one of VITE_SUPABASE_URL, NEXT_PUBLIC_SUPABASE_URL[39m
[36m [2m❯[22m requiredAny src/config/env.ts:[2m9:9[22m[39m
[90m [2m❯[22m src/config/env.ts:[2m13:16[22m[39m

[31m[2m⎯⎯⎯⎯⎯⎯⎯⎯⎯⎯⎯⎯⎯⎯⎯⎯⎯⎯⎯⎯⎯[79/151]⎯[22m[39m

[41m[1m FAIL [22m[49m src/hooks/domain/registrations/queries/__tests__/useAdminRegistrationsQuery.test.ts[2m [ src/hooks/domain/registrations/queries/__tests__/useAdminRegistrationsQuery.test.ts ][22m
[31m[1mError[22m: [vitest] There was an error when mocking a module. If you are using "vi.mock" factory, make sure there are no top level variables inside, since this call is hoisted to top of the file. Read more: https://vitest.dev/api/vi.html#vi-mock[39m
[36m [2m❯[22m src/hooks/domain/registrations/queries/useAdminRegistrationsQuery.ts:[2m5:1[22m[39m
    [90m  3|[39m import { PAGINATION_DEFAULTS, QUERY_STALE_TIME_MS } from '@/config/con…
    [90m  4|[39m import type { AdminRegistrationWithMember, RegistrationStatus } from '…
    [90m  5|[39m import { decodeOffsetCursor, getTotalPages, supabase } from '@/lib/inf…
    [90m   |[39m [31m^[39m
    [90m  6|[39m
    [90m  7|[39m [35mfunction[39m [34mescapeOrFilterValue[39m(value[33m:[39m string)[33m:[39m string {

[31m[1mCaused by: Error[22m: Missing environment variable: one of VITE_SUPABASE_URL, NEXT_PUBLIC_SUPABASE_URL[39m
[36m [2m❯[22m requiredAny src/config/env.ts:[2m9:9[22m[39m
[90m [2m❯[22m src/config/env.ts:[2m13:16[22m[39m

[31m[2m⎯⎯⎯⎯⎯⎯⎯⎯⎯⎯⎯⎯⎯⎯⎯⎯⎯⎯⎯⎯⎯[80/151]⎯[22m[39m

[41m[1m FAIL [22m[49m src/hooks/domain/registrations/queries/__tests__/useRegistrationDetailQuery.test.ts[2m [ src/hooks/domain/registrations/queries/__tests__/useRegistrationDetailQuery.test.ts ][22m
[31m[1mError[22m: [vitest] There was an error when mocking a module. If you are using "vi.mock" factory, make sure there are no top level variables inside, since this call is hoisted to top of the file. Read more: https://vitest.dev/api/vi.html#vi-mock[39m
[36m [2m❯[22m src/hooks/domain/registrations/queries/useRegistrationDetailQuery.ts:[2m8:1[22m[39m
    [90m  6|[39m   [33mRegistrationFieldResponse[39m[33m,[39m
    [90m  7|[39m } [35mfrom[39m [32m'@/lib/domain/registrations'[39m[33m;[39m
    [90m  8|[39m [35mimport[39m { supabase } [35mfrom[39m [32m'@/lib/infrastructure'[39m[33m;[39m
    [90m   |[39m [31m^[39m
    [90m  9|[39m
    [90m 10|[39m [35mfunction[39m [34mreadMetadataString[39m(value[33m:[39m unknown)[33m:[39m string {

[31m[1mCaused by: Error[22m: Missing environment variable: one of VITE_SUPABASE_URL, NEXT_PUBLIC_SUPABASE_URL[39m
[36m [2m❯[22m requiredAny src/config/env.ts:[2m9:9[22m[39m
[90m [2m❯[22m src/config/env.ts:[2m13:16[22m[39m

[31m[2m⎯⎯⎯⎯⎯⎯⎯⎯⎯⎯⎯⎯⎯⎯⎯⎯⎯⎯⎯⎯⎯[81/151]⎯[22m[39m

[41m[1m FAIL [22m[49m src/hooks/domain/registrations/queries/__tests__/useRegistrationNamesQuery.test.ts[2m [ src/hooks/domain/registrations/queries/__tests__/useRegistrationNamesQuery.test.ts ][22m
[31m[1mError[22m: [vitest] There was an error when mocking a module. If you are using "vi.mock" factory, make sure there are no top level variables inside, since this call is hoisted to top of the file. Read more: https://vitest.dev/api/vi.html#vi-mock[39m
[36m [2m❯[22m src/hooks/domain/registrations/queries/useRegistrationNamesQuery.ts:[2m4:1[22m[39m
    [90m  2|[39m
    [90m  3|[39m import { exportRegistrationNamesResponseSchema } from '@/lib/domain/re…
    [90m  4|[39m [35mimport[39m { createEdgeFunctionCaller } [35mfrom[39m [32m'@/lib/infrastructure'[39m[33m;[39m
    [90m   |[39m [31m^[39m
    [90m  5|[39m
    [90m  6|[39m [35minterface[39m [33mRegistrationNamesRequest[39m {

[31m[1mCaused by: Error[22m: Missing environment variable: one of VITE_SUPABASE_URL, NEXT_PUBLIC_SUPABASE_URL[39m
[36m [2m❯[22m requiredAny src/config/env.ts:[2m9:9[22m[39m
[90m [2m❯[22m src/config/env.ts:[2m13:16[22m[39m

[31m[2m⎯⎯⎯⎯⎯⎯⎯⎯⎯⎯⎯⎯⎯⎯⎯⎯⎯⎯⎯⎯⎯[82/151]⎯[22m[39m

[41m[1m FAIL [22m[49m src/pages/admin/events/[id]/registrations/components/__tests__/ViewNamesButton.test.tsx[2m [ src/pages/admin/events/[id]/registrations/components/__tests__/ViewNamesButton.test.tsx ][22m
[31m[1mError[22m: [vitest] There was an error when mocking a module. If you are using "vi.mock" factory, make sure there are no top level variables inside, since this call is hoisted to top of the file. Read more: https://vitest.dev/api/vi.html#vi-mock[39m
[36m [2m❯[22m src/pages/admin/events/[id]/registrations/components/ViewNamesButton.tsx:[2m6:1[22m[39m
    [90m  4|[39m [35mimport[39m { [33mConfirmDialog[39m } [35mfrom[39m [32m'@/components/ui/ConfirmDialog'[39m[33m;[39m
    [90m  5|[39m [35mimport[39m { [33mTOAST_MESSAGES[39m[33m,[39m toRouteWithQuery } [35mfrom[39m [32m'@/config/constants'[39m[33m;[39m
    [90m  6|[39m import { useRegistrationNamesQuery } from '@/hooks/domain/registration…
    [90m   |[39m [31m^[39m
    [90m  7|[39m [35mimport[39m { useErrorWithFadeout } [35mfrom[39m [32m'@/hooks/utils'[39m[33m;[39m
    [90m  8|[39m import { type RegistrationShareField } from '@/lib/domain/registration…

[31m[1mCaused by: Error[22m: Missing environment variable: one of VITE_SUPABASE_URL, NEXT_PUBLIC_SUPABASE_URL[39m
[36m [2m❯[22m requiredAny src/config/env.ts:[2m9:9[22m[39m
[90m [2m❯[22m src/config/env.ts:[2m13:16[22m[39m

[31m[2m⎯⎯⎯⎯⎯⎯⎯⎯⎯⎯⎯⎯⎯⎯⎯⎯⎯⎯⎯⎯⎯[83/151]⎯[22m[39m

[41m[1m FAIL [22m[49m src/pages/admin/events/[id]/registrations/names/__tests__/AdminRegistrationNamesPage.test.tsx[2m [ src/pages/admin/events/[id]/registrations/names/__tests__/AdminRegistrationNamesPage.test.tsx ][22m
[31m[1mError[22m: [vitest] There was an error when mocking a module. If you are using "vi.mock" factory, make sure there are no top level variables inside, since this call is hoisted to top of the file. Read more: https://vitest.dev/api/vi.html#vi-mock[39m
[36m [2m❯[22m src/pages/admin/events/[id]/registrations/names/index.tsx:[2m4:1[22m[39m
    [90m  2|[39m
    [90m  3|[39m [35mimport[39m { [33mROUTE_PATHS[39m[33m,[39m toRoute } [35mfrom[39m [32m'@/config/constants'[39m[33m;[39m
    [90m  4|[39m import { useRegistrationNamesQuery } from '@/hooks/domain/registration…
    [90m   |[39m [31m^[39m
    [90m  5|[39m [35mimport[39m {
    [90m  6|[39m   [33mREGISTRATION_SHARE_FIELDS[39m[33m,[39m

[31m[1mCaused by: Error[22m: Missing environment variable: one of VITE_SUPABASE_URL, NEXT_PUBLIC_SUPABASE_URL[39m
[36m [2m❯[22m requiredAny src/config/env.ts:[2m9:9[22m[39m
[90m [2m❯[22m src/config/env.ts:[2m13:16[22m[39m

[31m[2m⎯⎯⎯⎯⎯⎯⎯⎯⎯⎯⎯⎯⎯⎯⎯⎯⎯⎯⎯⎯⎯[84/151]⎯[22m[39m

[41m[1m FAIL [22m[49m src/pages/admin/events/[id]/attendance/check-in/components/__tests__/AttendeeConfirmStep.test.tsx[2m [ src/pages/admin/events/[id]/attendance/check-in/components/__tests__/AttendeeConfirmStep.test.tsx ][22m
[31m[1mError[22m: [vitest] There was an error when mocking a module. If you are using "vi.mock" factory, make sure there are no top level variables inside, since this call is hoisted to top of the file. Read more: https://vitest.dev/api/vi.html#vi-mock[39m
[36m [2m❯[22m src/components/ui/FormSelectField.tsx:[2m7:1[22m[39m
    [90m  5|[39m [35mimport[39m type { [33mUseFormRegisterReturn[39m } [35mfrom[39m [32m'react-hook-form'[39m[33m;[39m
    [90m  6|[39m
    [90m  7|[39m [35mimport[39m { useDropdownPlacement } [35mfrom[39m [32m'@/hooks/utils'[39m[33m;[39m
    [90m   |[39m [31m^[39m
    [90m  8|[39m
    [90m  9|[39m [35mexport[39m type [33mSelectOption[39m [33m=[39m {

[31m[1mCaused by: Error[22m: [vitest] There was an error when mocking a module. If you are using "vi.mock" factory, make sure there are no top level variables inside, since this call is hoisted to top of the file. Read more: https://vitest.dev/api/vi.html#vi-mock[39m
[36m [2m❯[22m src/hooks/utils/useEdgeFunctionStream.ts:[2m4:1[22m[39m

[31m[1mCaused by: Error[22m: Missing environment variable: one of VITE_SUPABASE_URL, NEXT_PUBLIC_SUPABASE_URL[39m
[36m [2m❯[22m requiredAny src/config/env.ts:[2m9:9[22m[39m
[90m [2m❯[22m src/config/env.ts:[2m13:16[22m[39m

[31m[2m⎯⎯⎯⎯⎯⎯⎯⎯⎯⎯⎯⎯⎯⎯⎯⎯⎯⎯⎯⎯⎯[85/151]⎯[22m[39m


[2m Test Files [22m [1m[31m151 failed[39m[22m[2m | [22m[1m[32m103 passed[39m[22m[90m (254)[39m
[2m      Tests [22m [1m[32m800 passed[39m[22m[90m (800)[39m
[2m   Start at [22m 09:35:15
[2m   Duration [22m 111.70s[2m (transform 9.41s, setup 36.54s, import 21.76s, tests 8.55s, environment 113.47s)[22m


[31m⎯⎯⎯⎯⎯[39m[1m[41m Failed Suites 151 [49m[22m[31m⎯⎯⎯⎯⎯⎯[39m

[41m[1m FAIL [22m[49m src/components/layout/__tests__/AdminNavigationDrawer.test.tsx[2m [ src/components/layout/__tests__/AdminNavigationDrawer.test.tsx ][22m
[41m[1m FAIL [22m[49m src/components/layout/__tests__/AppDrawerNavigation.test.tsx[2m [ src/components/layout/__tests__/AppDrawerNavigation.test.tsx ][22m
[41m[1m FAIL [22m[49m src/components/layout/__tests__/AppMobileShell.test.tsx[2m [ src/components/layout/__tests__/AppMobileShell.test.tsx ][22m
[41m[1m FAIL [22m[49m src/components/layout/__tests__/AppShell.test.tsx[2m [ src/components/layout/__tests__/AppShell.test.tsx ][22m
[41m[1m FAIL [22m[49m src/components/layout/__tests__/AppShellHeader.test.tsx[2m [ src/components/layout/__tests__/AppShellHeader.test.tsx ][22m
[41m[1m FAIL [22m[49m src/components/ui/__tests__/AdminPaginationControls.test.tsx[2m [ src/components/ui/__tests__/AdminPaginationControls.test.tsx ][22m
[41m[1m FAIL [22m[49m src/components/ui/__tests__/FormSelectField.test.tsx[2m [ src/components/ui/__tests__/FormSelectField.test.tsx ][22m
[41m[1m FAIL [22m[49m src/components/ui/__tests__/WizardStep.test.tsx[2m [ src/components/ui/__tests__/WizardStep.test.tsx ][22m
[41m[1m FAIL [22m[49m src/pages/home/__tests__/HomePage.test.tsx[2m [ src/pages/home/__tests__/HomePage.test.tsx ][22m
[41m[1m FAIL [22m[49m src/pages/profile/__tests__/ProfilePage.test.tsx[2m [ src/pages/profile/__tests__/ProfilePage.test.tsx ][22m
[41m[1m FAIL [22m[49m src/pages/home/components/__tests__/EventCard.test.tsx[2m [ src/pages/home/components/__tests__/EventCard.test.tsx ][22m
[41m[1m FAIL [22m[49m src/pages/home/components/__tests__/FormCard.test.tsx[2m [ src/pages/home/components/__tests__/FormCard.test.tsx ][22m
[41m[1m FAIL [22m[49m src/pages/home/components/__tests__/HubSection.test.tsx[2m [ src/pages/home/components/__tests__/HubSection.test.tsx ][22m
[41m[1m FAIL [22m[49m src/pages/home/components/__tests__/PastEventList.test.tsx[2m [ src/pages/home/components/__tests__/PastEventList.test.tsx ][22m
[41m[1m FAIL [22m[49m src/pages/member/[id]/__tests__/MemberProfilePage.test.tsx[2m [ src/pages/member/[id]/__tests__/MemberProfilePage.test.tsx ][22m
[41m[1m FAIL [22m[49m src/hooks/domain/attendance/queries/__tests__/useAttendeesLocalCacheQuery.test.ts[2m [ src/hooks/domain/attendance/queries/__tests__/useAttendeesLocalCacheQuery.test.ts ][22m
[41m[1m FAIL [22m[49m src/hooks/domain/attendance/state/__tests__/useOfflineAttendanceDataSnapshot.test.ts[2m [ src/hooks/domain/attendance/state/__tests__/useOfflineAttendanceDataSnapshot.test.ts ][22m
[41m[1m FAIL [22m[49m src/hooks/domain/attendance/state/__tests__/useOfflineCheckInEventSettings.test.ts[2m [ src/hooks/domain/attendance/state/__tests__/useOfflineCheckInEventSettings.test.ts ][22m
[41m[1m FAIL [22m[49m src/pages/admin/events/components/__tests__/MobileEventCard.test.tsx[2m [ src/pages/admin/events/components/__tests__/MobileEventCard.test.tsx ][22m
[41m[1m FAIL [22m[49m src/pages/admin/forms/_form-editor/__tests__/FormEditorPage.test.tsx[2m [ src/pages/admin/forms/_form-editor/__tests__/FormEditorPage.test.tsx ][22m
[41m[1m FAIL [22m[49m src/pages/admin/forms/components/__tests__/AdminFormsTable.test.tsx[2m [ src/pages/admin/forms/components/__tests__/AdminFormsTable.test.tsx ][22m
[41m[1m FAIL [22m[49m src/pages/admin/forms/components/__tests__/FormStatusBadge.test.tsx[2m [ src/pages/admin/forms/components/__tests__/FormStatusBadge.test.tsx ][22m
[41m[1m FAIL [22m[49m src/pages/admin/forms/components/__tests__/MobileFormCard.test.tsx[2m [ src/pages/admin/forms/components/__tests__/MobileFormCard.test.tsx ][22m
[41m[1m FAIL [22m[49m src/pages/admin/members/[id]/__tests__/AdminMemberDetailPage.test.tsx[2m [ src/pages/admin/members/[id]/__tests__/AdminMemberDetailPage.test.tsx ][22m
[41m[1m FAIL [22m[49m src/pages/admin/members/milestones/__tests__/AdminMemberMilestonesPage.test.tsx[2m [ src/pages/admin/members/milestones/__tests__/AdminMemberMilestonesPage.test.tsx ][22m
[41m[1m FAIL [22m[49m src/pages/forms/[slug]/submit/__tests__/FormSubmissionPage.test.tsx[2m [ src/pages/forms/[slug]/submit/__tests__/FormSubmissionPage.test.tsx ][22m
[41m[1m FAIL [22m[49m src/pages/admin/forms/[id]/submissions/__tests__/AdminFormSubmissionsPage.test.tsx[2m [ src/pages/admin/forms/[id]/submissions/__tests__/AdminFormSubmissionsPage.test.tsx ][22m
[41m[1m FAIL [22m[49m src/pages/events/[slug]/register/components/__tests__/ConditionalVisibilityRegistration.test.tsx[2m [ src/pages/events/[slug]/register/components/__tests__/ConditionalVisibilityRegistration.test.tsx ][22m
[41m[1m FAIL [22m[49m src/pages/events/[slug]/register/components/__tests__/DynamicFieldsStepCard.test.tsx[2m [ src/pages/events/[slug]/register/components/__tests__/DynamicFieldsStepCard.test.tsx ][22m
[41m[1m FAIL [22m[49m src/pages/events/[slug]/register/components/__tests__/MemberLookupErrorAlert.test.tsx[2m [ src/pages/events/[slug]/register/components/__tests__/MemberLookupErrorAlert.test.tsx ][22m
[41m[1m FAIL [22m[49m src/pages/events/[slug]/register/components/__tests__/MemberLookupStepCard.test.tsx[2m [ src/pages/events/[slug]/register/components/__tests__/MemberLookupStepCard.test.tsx ][22m
[41m[1m FAIL [22m[49m src/pages/events/[slug]/register/components/__tests__/ProfileStepCard.test.tsx[2m [ src/pages/events/[slug]/register/components/__tests__/ProfileStepCard.test.tsx ][22m
[41m[1m FAIL [22m[49m src/pages/admin/members/milestones/components/__tests__/ExportMonthMilestonesButton.test.tsx[2m [ src/pages/admin/members/milestones/components/__tests__/ExportMonthMilestonesButton.test.tsx ][22m
[41m[1m FAIL [22m[49m src/pages/forms/[slug]/submit/components/__tests__/FormConfirmationStepCard.test.tsx[2m [ src/pages/forms/[slug]/submit/components/__tests__/FormConfirmationStepCard.test.tsx ][22m
[41m[1m FAIL [22m[49m src/pages/forms/[slug]/submit/components/__tests__/FormFieldsStepCard.test.tsx[2m [ src/pages/forms/[slug]/submit/components/__tests__/FormFieldsStepCard.test.tsx ][22m
[41m[1m FAIL [22m[49m src/pages/forms/[slug]/submit/components/__tests__/GuestInfoStepCard.test.tsx[2m [ src/pages/forms/[slug]/submit/components/__tests__/GuestInfoStepCard.test.tsx ][22m
[41m[1m FAIL [22m[49m src/pages/forms/[slug]/submit/hooks/__tests__/useFormSubmissionPageState.test.ts[2m [ src/pages/forms/[slug]/submit/hooks/__tests__/useFormSubmissionPageState.test.ts ][22m
[41m[1m FAIL [22m[49m src/pages/admin/events/[id]/attendance/components/__tests__/AttendanceTimeslotEditor.test.tsx[2m [ src/pages/admin/events/[id]/attendance/components/__tests__/AttendanceTimeslotEditor.test.tsx ][22m
[41m[1m FAIL [22m[49m src/pages/admin/events/[id]/attendance/data/__tests__/AdminAttendanceDataPage.test.tsx[2m [ src/pages/admin/events/[id]/attendance/data/__tests__/AdminAttendanceDataPage.test.tsx ][22m
[41m[1m FAIL [22m[49m src/pages/admin/events/[id]/registrations/components/__tests__/PublicRegistrationsList.test.tsx[2m [ src/pages/admin/events/[id]/registrations/components/__tests__/PublicRegistrationsList.test.tsx ][22m
[41m[1m FAIL [22m[49m src/pages/admin/forms/[id]/submissions/components/__tests__/SubmissionDetailDialog.test.tsx[2m [ src/pages/admin/forms/[id]/submissions/components/__tests__/SubmissionDetailDialog.test.tsx ][22m
[41m[1m FAIL [22m[49m src/pages/admin/forms/[id]/submissions/components/__tests__/SubmissionsList.test.tsx[2m [ src/pages/admin/forms/[id]/submissions/components/__tests__/SubmissionsList.test.tsx ][22m
[41m[1m FAIL [22m[49m src/pages/events/[slug]/register/components/field-renderers/__tests__/SelectFieldRenderer.test.tsx[2m [ src/pages/events/[slug]/register/components/field-renderers/__tests__/SelectFieldRenderer.test.tsx ][22m
[41m[1m FAIL [22m[49m src/pages/admin/events/[id]/attendance/check-in/components/__tests__/AttendeeTimeslotSelectionPanel.test.tsx[2m [ src/pages/admin/events/[id]/attendance/check-in/components/__tests__/AttendeeTimeslotSelectionPanel.test.tsx ][22m
[41m[1m FAIL [22m[49m src/pages/admin/events/[id]/attendance/data/components/__tests__/AttendanceDataCardView.test.tsx[2m [ src/pages/admin/events/[id]/attendance/data/components/__tests__/AttendanceDataCardView.test.tsx ][22m
[41m[1m FAIL [22m[49m src/pages/admin/events/[id]/attendance/data/components/__tests__/AttendanceDataEntryList.test.tsx[2m [ src/pages/admin/events/[id]/attendance/data/components/__tests__/AttendanceDataEntryList.test.tsx ][22m
[41m[1m FAIL [22m[49m src/pages/admin/events/[id]/attendance/data/components/__tests__/AttendanceDataEntryPanel.test.tsx[2m [ src/pages/admin/events/[id]/attendance/data/components/__tests__/AttendanceDataEntryPanel.test.tsx ][22m
[41m[1m FAIL [22m[49m src/pages/admin/events/[id]/attendance/data/components/__tests__/AttendanceDataMobileView.test.tsx[2m [ src/pages/admin/events/[id]/attendance/data/components/__tests__/AttendanceDataMobileView.test.tsx ][22m
[41m[1m FAIL [22m[49m src/pages/admin/events/[id]/attendance/data/components/__tests__/AttendanceDataTableView.test.tsx[2m [ src/pages/admin/events/[id]/attendance/data/components/__tests__/AttendanceDataTableView.test.tsx ][22m
[41m[1m FAIL [22m[49m src/pages/admin/events/[id]/attendance/data/components/__tests__/AttendanceViewControls.test.tsx[2m [ src/pages/admin/events/[id]/attendance/data/components/__tests__/AttendanceViewControls.test.tsx ][22m
[41m[1m FAIL [22m[49m src/pages/admin/events/[id]/attendance/data/components/__tests__/ConditionalVisibilityAttendance.test.tsx[2m [ src/pages/admin/events/[id]/attendance/data/components/__tests__/ConditionalVisibilityAttendance.test.tsx ][22m
[41m[1m FAIL [22m[49m src/pages/admin/events/[id]/attendance/data/components/__tests__/SavedViewsModal.test.tsx[2m [ src/pages/admin/events/[id]/attendance/data/components/__tests__/SavedViewsModal.test.tsx ][22m
[41m[1m FAIL [22m[49m src/pages/admin/events/[id]/attendance/data/hooks/__tests__/useSelectedAttendanceView.test.ts[2m [ src/pages/admin/events/[id]/attendance/data/hooks/__tests__/useSelectedAttendanceView.test.ts ][22m
[41m[1m FAIL [22m[49m src/pages/admin/events/[id]/attendance/fields/components/__tests__/AttendanceFieldEditPanel.test.tsx[2m [ src/pages/admin/events/[id]/attendance/fields/components/__tests__/AttendanceFieldEditPanel.test.tsx ][22m
[41m[1m FAIL [22m[49m src/pages/admin/events/[id]/attendance/data/bulk-upload/components/__tests__/BulkUploadPanel.test.tsx[2m [ src/pages/admin/events/[id]/attendance/data/bulk-upload/components/__tests__/BulkUploadPanel.test.tsx ][22m
[31m[1mError[22m: Missing environment variable: one of VITE_SUPABASE_URL, NEXT_PUBLIC_SUPABASE_URL[39m
[36m [2m❯[22m requiredAny src/config/env.ts:[2m9:9[22m[39m
    [90m  7|[39m   }
    [90m  8|[39m
    [90m  9|[39m   throw new Error(`Missing environment variable: one of ${names.join('…
    [90m   |[39m         [31m^[39m
    [90m 10|[39m }
    [90m 11|[39m
[90m [2m❯[22m src/config/env.ts:[2m13:16[22m[39m

[31m[2m⎯⎯⎯⎯⎯⎯⎯⎯⎯⎯⎯⎯⎯⎯⎯⎯⎯⎯⎯⎯⎯⎯[1/151]⎯[22m[39m

[41m[1m FAIL [22m[49m src/components/ui/__tests__/EventHeaderCard.test.tsx[2m [ src/components/ui/__tests__/EventHeaderCard.test.tsx ][22m
[31m[1mError[22m: [vitest] There was an error when mocking a module. If you are using "vi.mock" factory, make sure there are no top level variables inside, since this call is hoisted to top of the file. Read more: https://vitest.dev/api/vi.html#vi-mock[39m
[36m [2m❯[22m src/components/ui/EventHeaderCard.tsx:[2m8:1[22m[39m
    [90m  6|[39m [35mimport[39m { [33mSkeleton[39m } [35mfrom[39m [32m'@/components/ui/Skeleton'[39m[33m;[39m
    [90m  7|[39m [35mimport[39m type { [33mEventAvailability[39m } [35mfrom[39m [32m'@/lib/domain/events'[39m[33m;[39m
    [90m  8|[39m [35mimport[39m { formatDateTime } [35mfrom[39m [32m'@/lib/infrastructure'[39m[33m;[39m
    [90m   |[39m [31m^[39m
    [90m  9|[39m
    [90m 10|[39m type [33mEventHeaderCardProps[39m [33m=[39m {

[31m[1mCaused by: Caused by: Error[22m: Missing environment variable: one of VITE_SUPABASE_URL, NEXT_PUBLIC_SUPABASE_URL[39m
[36m [2m❯[22m requiredAny src/config/env.ts:[2m9:9[22m[39m
[90m [2m❯[22m src/config/env.ts:[2m13:16[22m[39m

[31m[2m⎯⎯⎯⎯⎯⎯⎯⎯⎯⎯⎯⎯⎯⎯⎯⎯⎯⎯⎯⎯⎯⎯[2/151]⎯[22m[39m

[41m[1m FAIL [22m[49m src/pages/login/__tests__/LoginPage.test.tsx[2m [ src/pages/login/__tests__/LoginPage.test.tsx ][22m
[31m[1mError[22m: [vitest] There was an error when mocking a module. If you are using "vi.mock" factory, make sure there are no top level variables inside, since this call is hoisted to top of the file. Read more: https://vitest.dev/api/vi.html#vi-mock[39m
[36m [2m❯[22m src/pages/login/index.tsx:[2m12:1[22m[39m
    [90m 10|[39m [35mimport[39m { [33mFormInputField[39m } [35mfrom[39m [32m'@/components/ui/FormInputField'[39m[33m;[39m
    [90m 11|[39m [35mimport[39m { [33mROUTE_PATHS[39m[33m,[39m [33mTOAST_MESSAGES[39m } [35mfrom[39m [32m'@/config/constants'[39m[33m;[39m
    [90m 12|[39m [35mimport[39m {
    [90m   |[39m [31m^[39m
    [90m 13|[39m   useAdminAuthQuery[33m,[39m
    [90m 14|[39m   useAdminLoginMutation[33m,[39m

[31m[1mCaused by: Caused by: Error[22m: [vitest] There was an error when mocking a module. If you are using "vi.mock" factory, make sure there are no top level variables inside, since this call is hoisted to top of the file. Read more: https://vitest.dev/api/vi.html#vi-mock[39m
[36m [2m❯[22m src/lib/domain/auth/queries.ts:[2m1:1[22m[39m

[31m[1mCaused by: Caused by: Error[22m: Missing environment variable: one of VITE_SUPABASE_URL, NEXT_PUBLIC_SUPABASE_URL[39m
[36m [2m❯[22m requiredAny src/config/env.ts:[2m9:9[22m[39m
[90m [2m❯[22m src/config/env.ts:[2m13:16[22m[39m

[31m[2m⎯⎯⎯⎯⎯⎯⎯⎯⎯⎯⎯⎯⎯⎯⎯⎯⎯⎯⎯⎯⎯⎯[3/151]⎯[22m[39m

[41m[1m FAIL [22m[49m src/hooks/domain/auth/__tests__/roleHooks.test.tsx[2m [ src/hooks/domain/auth/__tests__/roleHooks.test.tsx ][22m
[41m[1m FAIL [22m[49m src/lib/domain/auth/__tests__/queries.test.ts[2m [ src/lib/domain/auth/__tests__/queries.test.ts ][22m
[31m[1mError[22m: [vitest] There was an error when mocking a module. If you are using "vi.mock" factory, make sure there are no top level variables inside, since this call is hoisted to top of the file. Read more: https://vitest.dev/api/vi.html#vi-mock[39m
[36m [2m❯[22m src/lib/domain/auth/queries.ts:[2m1:1[22m[39m
    [90m  1|[39m [35mimport[39m { supabase } [35mfrom[39m [32m'@/lib/infrastructure'[39m[33m;[39m
    [90m   |[39m [31m^[39m
    [90m  2|[39m
    [90m  3|[39m [35mimport[39m type { [33mAdminAuthState[39m[33m,[39m [33mAdminRole[39m } [35mfrom[39m [32m'./types'[39m[33m;[39m

[31m[1mCaused by: Caused by: Error[22m: Missing environment variable: one of VITE_SUPABASE_URL, NEXT_PUBLIC_SUPABASE_URL[39m
[36m [2m❯[22m requiredAny src/config/env.ts:[2m9:9[22m[39m
[90m [2m❯[22m src/config/env.ts:[2m13:16[22m[39m

[31m[2m⎯⎯⎯⎯⎯⎯⎯⎯⎯⎯⎯⎯⎯⎯⎯⎯⎯⎯⎯⎯⎯⎯[4/151]⎯[22m[39m

[41m[1m FAIL [22m[49m src/hooks/domain/auth/__tests__/useAdminAuthQuery.test.ts[2m [ src/hooks/domain/auth/__tests__/useAdminAuthQuery.test.ts ][22m
[31m[1mError[22m: [vitest] There was an error when mocking a module. If you are using "vi.mock" factory, make sure there are no top level variables inside, since this call is hoisted to top of the file. Read more: https://vitest.dev/api/vi.html#vi-mock[39m
[36m [2m❯[22m src/hooks/domain/auth/useAdminAuthQuery.ts:[2m3:1[22m[39m
    [90m  1|[39m [35mimport[39m { useQuery } [35mfrom[39m [32m'@tanstack/react-query'[39m[33m;[39m
    [90m  2|[39m
    [90m  3|[39m import { ADMIN_AUTH_QUERY_KEY, type AdminAuthState, fetchAdminAuthStat…
    [90m   |[39m [31m^[39m
    [90m  4|[39m
    [90m  5|[39m [35mexport[39m [35mfunction[39m [34museAdminAuthQuery[39m() {

[31m[1mCaused by: Caused by: Error[22m: Missing environment variable: one of VITE_SUPABASE_URL, NEXT_PUBLIC_SUPABASE_URL[39m
[36m [2m❯[22m requiredAny src/config/env.ts:[2m9:9[22m[39m
[90m [2m❯[22m src/config/env.ts:[2m13:16[22m[39m

[31m[2m⎯⎯⎯⎯⎯⎯⎯⎯⎯⎯⎯⎯⎯⎯⎯⎯⎯⎯⎯⎯⎯⎯[5/151]⎯[22m[39m

[41m[1m FAIL [22m[49m src/hooks/domain/auth/__tests__/useAdminLoginMutation.test.ts[2m [ src/hooks/domain/auth/__tests__/useAdminLoginMutation.test.ts ][22m
[31m[1mError[22m: [vitest] There was an error when mocking a module. If you are using "vi.mock" factory, make sure there are no top level variables inside, since this call is hoisted to top of the file. Read more: https://vitest.dev/api/vi.html#vi-mock[39m
[36m [2m❯[22m src/hooks/domain/auth/useAdminLoginMutation.ts:[2m3:1[22m[39m
    [90m  1|[39m [35mimport[39m { useMutation[33m,[39m useQueryClient } [35mfrom[39m [32m'@tanstack/react-query'[39m[33m;[39m
    [90m  2|[39m
    [90m  3|[39m import { ADMIN_AUTH_QUERY_KEY, fetchAdminAuthState } from '@/lib/domai…
    [90m   |[39m [31m^[39m
    [90m  4|[39m [35mimport[39m { supabase } [35mfrom[39m [32m'@/lib/infrastructure'[39m[33m;[39m
    [90m  5|[39m

[31m[1mCaused by: Caused by: Error[22m: [vitest] There was an error when mocking a module. If you are using "vi.mock" factory, make sure there are no top level variables inside, since this call is hoisted to top of the file. Read more: https://vitest.dev/api/vi.html#vi-mock[39m
[36m [2m❯[22m src/lib/domain/auth/queries.ts:[2m1:1[22m[39m

[31m[1mCaused by: Caused by: Error[22m: Missing environment variable: one of VITE_SUPABASE_URL, NEXT_PUBLIC_SUPABASE_URL[39m
[36m [2m❯[22m requiredAny src/config/env.ts:[2m9:9[22m[39m
[90m [2m❯[22m src/config/env.ts:[2m13:16[22m[39m

[31m[2m⎯⎯⎯⎯⎯⎯⎯⎯⎯⎯⎯⎯⎯⎯⎯⎯⎯⎯⎯⎯⎯⎯[6/151]⎯[22m[39m

[41m[1m FAIL [22m[49m src/hooks/domain/auth/__tests__/useAdminLogoutMutation.test.ts[2m [ src/hooks/domain/auth/__tests__/useAdminLogoutMutation.test.ts ][22m
[41m[1m FAIL [22m[49m src/hooks/domain/members/queries/__tests__/useCurrentProfileQuery.test.ts[2m [ src/hooks/domain/members/queries/__tests__/useCurrentProfileQuery.test.ts ][22m
[31m[1mError[22m: [vitest] There was an error when mocking a module. If you are using "vi.mock" factory, make sure there are no top level variables inside, since this call is hoisted to top of the file. Read more: https://vitest.dev/api/vi.html#vi-mock[39m
[36m [2m❯[22m src/hooks/domain/members/queries/useCurrentProfileQuery.ts:[2m4:1[22m[39m
    [90m  2|[39m
    [90m  3|[39m [35mimport[39m type { [33mAdminMember[39m } [35mfrom[39m [32m'@/lib/domain/members'[39m[33m;[39m
    [90m  4|[39m [35mimport[39m { supabase } [35mfrom[39m [32m'@/lib/infrastructure'[39m[33m;[39m
    [90m   |[39m [31m^[39m
    [90m  5|[39m
    [90m  6|[39m [35mfunction[39m [34mreadMetadataString[39m(value[33m:[39m unknown)[33m:[39m string {

[31m[1mCaused by: Caused by: Error[22m: Missing environment variable: one of VITE_SUPABASE_URL, NEXT_PUBLIC_SUPABASE_URL[39m
[36m [2m❯[22m requiredAny src/config/env.ts:[2m9:9[22m[39m
[90m [2m❯[22m src/config/env.ts:[2m13:16[22m[39m

[31m[2m⎯⎯⎯⎯⎯⎯⎯⎯⎯⎯⎯⎯⎯⎯⎯⎯⎯⎯⎯⎯⎯⎯[7/151]⎯[22m[39m

[41m[1m FAIL [22m[49m src/hooks/domain/auth/__tests__/useGoogleLoginMutation.test.ts[2m [ src/hooks/domain/auth/__tests__/useGoogleLoginMutation.test.ts ][22m
[31m[1mError[22m: [vitest] There was an error when mocking a module. If you are using "vi.mock" factory, make sure there are no top level variables inside, since this call is hoisted to top of the file. Read more: https://vitest.dev/api/vi.html#vi-mock[39m
[36m [2m❯[22m src/hooks/domain/auth/useGoogleLoginMutation.ts:[2m3:1[22m[39m
    [90m  1|[39m [35mimport[39m { useMutation } [35mfrom[39m [32m'@tanstack/react-query'[39m[33m;[39m
    [90m  2|[39m
    [90m  3|[39m [35mimport[39m { supabase } [35mfrom[39m [32m'@/lib/infrastructure'[39m[33m;[39m
    [90m   |[39m [31m^[39m
    [90m  4|[39m
    [90m  5|[39m [35mexport[39m [35minterface[39m [33mGoogleLoginOptions[39m {

[31m[1mCaused by: Caused by: Error[22m: Missing environment variable: one of VITE_SUPABASE_URL, NEXT_PUBLIC_SUPABASE_URL[39m
[36m [2m❯[22m requiredAny src/config/env.ts:[2m9:9[22m[39m
[90m [2m❯[22m src/config/env.ts:[2m13:16[22m[39m

[31m[2m⎯⎯⎯⎯⎯⎯⎯⎯⎯⎯⎯⎯⎯⎯⎯⎯⎯⎯⎯⎯⎯⎯[8/151]⎯[22m[39m

[41m[1m FAIL [22m[49m src/hooks/domain/registrations/__tests__/useCancelRegistrationMutation.test.ts[2m [ src/hooks/domain/registrations/__tests__/useCancelRegistrationMutation.test.ts ][22m
[31m[1mError[22m: [vitest] There was an error when mocking a module. If you are using "vi.mock" factory, make sure there are no top level variables inside, since this call is hoisted to top of the file. Read more: https://vitest.dev/api/vi.html#vi-mock[39m
[36m [2m❯[22m src/hooks/domain/registrations/mutations/useCancelRegistrationMutation.ts:[2m3:1[22m[39m
    [90m  1|[39m [35mimport[39m { useMutation[33m,[39m useQueryClient } [35mfrom[39m [32m'@tanstack/react-query'[39m[33m;[39m
    [90m  2|[39m
    [90m  3|[39m [35mimport[39m { createEdgeFunctionCaller } [35mfrom[39m [32m'@/lib/infrastructure'[39m[33m;[39m
    [90m   |[39m [31m^[39m
    [90m  4|[39m
    [90m  5|[39m import { ADMIN_REGISTRATIONS_QUERY_KEY } from '../queries/useAdminRegi…

[31m[1mCaused by: Caused by: Error[22m: Missing environment variable: one of VITE_SUPABASE_URL, NEXT_PUBLIC_SUPABASE_URL[39m
[36m [2m❯[22m requiredAny src/config/env.ts:[2m9:9[22m[39m
[90m [2m❯[22m src/config/env.ts:[2m13:16[22m[39m

[31m[2m⎯⎯⎯⎯⎯⎯⎯⎯⎯⎯⎯⎯⎯⎯⎯⎯⎯⎯⎯⎯⎯⎯[9/151]⎯[22m[39m

[41m[1m FAIL [22m[49m src/hooks/domain/registrations/__tests__/useReactivateRegistrationMutation.test.ts[2m [ src/hooks/domain/registrations/__tests__/useReactivateRegistrationMutation.test.ts ][22m
[31m[1mError[22m: [vitest] There was an error when mocking a module. If you are using "vi.mock" factory, make sure there are no top level variables inside, since this call is hoisted to top of the file. Read more: https://vitest.dev/api/vi.html#vi-mock[39m
[36m [2m❯[22m src/hooks/domain/registrations/mutations/useReactivateRegistrationMutation.ts:[2m3:1[22m[39m
    [90m  1|[39m [35mimport[39m { useMutation[33m,[39m useQueryClient } [35mfrom[39m [32m'@tanstack/react-query'[39m[33m;[39m
    [90m  2|[39m
    [90m  3|[39m [35mimport[39m { createEdgeFunctionCaller } [35mfrom[39m [32m'@/lib/infrastructure'[39m[33m;[39m
    [90m   |[39m [31m^[39m
    [90m  4|[39m
    [90m  5|[39m import { ADMIN_REGISTRATIONS_QUERY_KEY } from '../queries/useAdminRegi…

[31m[1mCaused by: Caused by: Error[22m: Missing environment variable: one of VITE_SUPABASE_URL, NEXT_PUBLIC_SUPABASE_URL[39m
[36m [2m❯[22m requiredAny src/config/env.ts:[2m9:9[22m[39m
[90m [2m❯[22m src/config/env.ts:[2m13:16[22m[39m

[31m[2m⎯⎯⎯⎯⎯⎯⎯⎯⎯⎯⎯⎯⎯⎯⎯⎯⎯⎯⎯⎯⎯[10/151]⎯[22m[39m

[41m[1m FAIL [22m[49m src/hooks/domain/registrations/__tests__/useSubmitRegistrationMutation.test.ts[2m [ src/hooks/domain/registrations/__tests__/useSubmitRegistrationMutation.test.ts ][22m
[31m[1mError[22m: [vitest] There was an error when mocking a module. If you are using "vi.mock" factory, make sure there are no top level variables inside, since this call is hoisted to top of the file. Read more: https://vitest.dev/api/vi.html#vi-mock[39m
[36m [2m❯[22m src/hooks/domain/registrations/mutations/useSubmitRegistrationMutation.ts:[2m6:1[22m[39m
    [90m  4|[39m [35mimport[39m { [33mQUERY_KEYS[39m } [35mfrom[39m [32m'@/config/constants'[39m[33m;[39m
    [90m  5|[39m import type { DynamicFieldResponseValues } from '@/lib/domain/event-fi…
    [90m  6|[39m import { createEdgeFunctionCaller, logger } from '@/lib/infrastructure…
    [90m   |[39m [31m^[39m
    [90m  7|[39m
    [90m  8|[39m [35mexport[39m [35minterface[39m [33mSubmitRegistrationRequest[39m {

[31m[1mCaused by: Caused by: Error[22m: Missing environment variable: one of VITE_SUPABASE_URL, NEXT_PUBLIC_SUPABASE_URL[39m
[36m [2m❯[22m requiredAny src/config/env.ts:[2m9:9[22m[39m
[90m [2m❯[22m src/config/env.ts:[2m13:16[22m[39m

[31m[2m⎯⎯⎯⎯⎯⎯⎯⎯⎯⎯⎯⎯⎯⎯⎯⎯⎯⎯⎯⎯⎯[11/151]⎯[22m[39m

[41m[1m FAIL [22m[49m src/lib/domain/admin-audit/__tests__/mutations.test.ts[2m [ src/lib/domain/admin-audit/__tests__/mutations.test.ts ][22m
[31m[1mError[22m: [vitest] There was an error when mocking a module. If you are using "vi.mock" factory, make sure there are no top level variables inside, since this call is hoisted to top of the file. Read more: https://vitest.dev/api/vi.html#vi-mock[39m
[36m [2m❯[22m src/lib/domain/admin-audit/mutations.ts:[2m1:1[22m[39m
    [90m  1|[39m [35mimport[39m { supabase } [35mfrom[39m [32m'@/lib/infrastructure'[39m[33m;[39m
    [90m   |[39m [31m^[39m
    [90m  2|[39m
    [90m  3|[39m [35mimport[39m type { [33mAdminAuditPayload[39m } [35mfrom[39m [32m'./types'[39m[33m;[39m

[31m[1mCaused by: Caused by: Error[22m: Missing environment variable: one of VITE_SUPABASE_URL, NEXT_PUBLIC_SUPABASE_URL[39m
[36m [2m❯[22m requiredAny src/config/env.ts:[2m9:9[22m[39m
[90m [2m❯[22m src/config/env.ts:[2m13:16[22m[39m

[31m[2m⎯⎯⎯⎯⎯⎯⎯⎯⎯⎯⎯⎯⎯⎯⎯⎯⎯⎯⎯⎯⎯[12/151]⎯[22m[39m

[41m[1m FAIL [22m[49m src/pages/admin/events/__tests__/AdminEventsPage.test.tsx[2m [ src/pages/admin/events/__tests__/AdminEventsPage.test.tsx ][22m
[41m[1m FAIL [22m[49m src/pages/admin/members/__tests__/AdminMembersPage.test.tsx[2m [ src/pages/admin/members/__tests__/AdminMembersPage.test.tsx ][22m
[41m[1m FAIL [22m[49m src/pages/admin/events/_event-form/__tests__/AdminEventFormPage.test.tsx[2m [ src/pages/admin/events/_event-form/__tests__/AdminEventFormPage.test.tsx ][22m
[41m[1m FAIL [22m[49m src/pages/admin/events/components/__tests__/EventNavigationLinks.test.tsx[2m [ src/pages/admin/events/components/__tests__/EventNavigationLinks.test.tsx ][22m
[41m[1m FAIL [22m[49m src/pages/admin/users/roles/__tests__/AdminUserRolesPage.test.tsx[2m [ src/pages/admin/users/roles/__tests__/AdminUserRolesPage.test.tsx ][22m
[41m[1m FAIL [22m[49m src/pages/admin/events/[id]/fields/__tests__/AdminEventFieldsPage.test.tsx[2m [ src/pages/admin/events/[id]/fields/__tests__/AdminEventFieldsPage.test.tsx ][22m
[41m[1m FAIL [22m[49m src/pages/admin/events/[id]/public-registrations/__tests__/AdminPublicRegistrationsPage.test.tsx[2m [ src/pages/admin/events/[id]/public-registrations/__tests__/AdminPublicRegistrationsPage.test.tsx ][22m
[41m[1m FAIL [22m[49m src/pages/admin/events/[id]/registrations/__tests__/AdminRegistrationsPage.test.tsx[2m [ src/pages/admin/events/[id]/registrations/__tests__/AdminRegistrationsPage.test.tsx ][22m
[41m[1m FAIL [22m[49m src/pages/admin/events/[id]/public-registrations/[registration_id]/__tests__/AdminPublicRegistrationDetailPage.test.tsx[2m [ src/pages/admin/events/[id]/public-registrations/[registration_id]/__tests__/AdminPublicRegistrationDetailPage.test.tsx ][22m
[41m[1m FAIL [22m[49m src/pages/admin/events/[id]/registrations/[registration_id]/__tests__/AdminRegistrationDetailPage.test.tsx[2m [ src/pages/admin/events/[id]/registrations/[registration_id]/__tests__/AdminRegistrationDetailPage.test.tsx ][22m
[31m[1mError[22m: [vitest] There was an error when mocking a module. If you are using "vi.mock" factory, make sure there are no top level variables inside, since this call is hoisted to top of the file. Read more: https://vitest.dev/api/vi.html#vi-mock[39m
[36m [2m❯[22m src/components/layout/AdminBaseNavigation.tsx:[2m2:1[22m[39m
    [90m  1|[39m [35mimport[39m { [33mROUTE_PATHS[39m } [35mfrom[39m [32m'@/config/constants'[39m[33m;[39m
    [90m  2|[39m [35mimport[39m { useAdminAuthQuery } [35mfrom[39m [32m'@/hooks/domain/auth'[39m[33m;[39m
    [90m   |[39m [31m^[39m
    [90m  3|[39m [35mimport[39m { canAdminPerform } [35mfrom[39m [32m'@/lib/domain/auth'[39m[33m;[39m
    [90m  4|[39m

[31m[1mCaused by: Caused by: Error[22m: [vitest] There was an error when mocking a module. If you are using "vi.mock" factory, make sure there are no top level variables inside, since this call is hoisted to top of the file. Read more: https://vitest.dev/api/vi.html#vi-mock[39m
[36m [2m❯[22m src/lib/domain/auth/queries.ts:[2m1:1[22m[39m

[31m[1mCaused by: Caused by: Error[22m: Missing environment variable: one of VITE_SUPABASE_URL, NEXT_PUBLIC_SUPABASE_URL[39m
[36m [2m❯[22m requiredAny src/config/env.ts:[2m9:9[22m[39m
[90m [2m❯[22m src/config/env.ts:[2m13:16[22m[39m

[31m[2m⎯⎯⎯⎯⎯⎯⎯⎯⎯⎯⎯⎯⎯⎯⎯⎯⎯⎯⎯⎯⎯[13/151]⎯[22m[39m

[41m[1m FAIL [22m[49m src/hooks/domain/attendance/mutations/__tests__/useAttendanceBulkCsvMutations.test.ts[2m [ src/hooks/domain/attendance/mutations/__tests__/useAttendanceBulkCsvMutations.test.ts ][22m
[41m[1m FAIL [22m[49m src/hooks/domain/attendance/queries/__tests__/useAttendanceSettingsQuery.test.ts[2m [ src/hooks/domain/attendance/queries/__tests__/useAttendanceSettingsQuery.test.ts ][22m
[31m[1mError[22m: [vitest] There was an error when mocking a module. If you are using "vi.mock" factory, make sure there are no top level variables inside, since this call is hoisted to top of the file. Read more: https://vitest.dev/api/vi.html#vi-mock[39m
[36m [2m❯[22m src/hooks/domain/attendance/queries/useAttendanceSettingsQuery.ts:[2m6:1[22m[39m
    [90m  4|[39m [35mimport[39m { [33mQUERY_KEYS[39m } [35mfrom[39m [32m'@/config/constants'[39m[33m;[39m
    [90m  5|[39m import { type AttendanceSettings, normalizeAttendanceTimeslots } from …
    [90m  6|[39m [35mimport[39m { supabase } [35mfrom[39m [32m'@/lib/infrastructure'[39m[33m;[39m
    [90m   |[39m [31m^[39m
    [90m  7|[39m
    [90m  8|[39m [35mfunction[39m [34mbuildDefaultSettings[39m(eventId[33m:[39m string)[33m:[39m [33mAttendanceSettings[39m {

[31m[1mCaused by: Caused by: Error[22m: Missing environment variable: one of VITE_SUPABASE_URL, NEXT_PUBLIC_SUPABASE_URL[39m
[36m [2m❯[22m requiredAny src/config/env.ts:[2m9:9[22m[39m
[90m [2m❯[22m src/config/env.ts:[2m13:16[22m[39m

[31m[2m⎯⎯⎯⎯⎯⎯⎯⎯⎯⎯⎯⎯⎯⎯⎯⎯⎯⎯⎯⎯⎯[14/151]⎯[22m[39m

[41m[1m FAIL [22m[49m src/hooks/domain/attendance/mutations/__tests__/useCheckInAttendeeMutation.test.ts[2m [ src/hooks/domain/attendance/mutations/__tests__/useCheckInAttendeeMutation.test.ts ][22m
[31m[1mError[22m: [vitest] There was an error when mocking a module. If you are using "vi.mock" factory, make sure there are no top level variables inside, since this call is hoisted to top of the file. Read more: https://vitest.dev/api/vi.html#vi-mock[39m
[36m [2m❯[22m src/hooks/domain/attendance/mutations/useCheckInAttendeeMutation.ts:[2m5:1[22m[39m
    [90m  3|[39m [35mimport[39m { [33mQUERY_KEYS[39m } [35mfrom[39m [32m'@/config/constants'[39m[33m;[39m
    [90m  4|[39m import type { CheckInAttendeeInput, CheckInResult } from '@/lib/domain…
    [90m  5|[39m [35mimport[39m { createEdgeFunctionCaller } [35mfrom[39m [32m'@/lib/infrastructure'[39m[33m;[39m
    [90m   |[39m [31m^[39m
    [90m  6|[39m
    [90m  7|[39m type [33mCheckInAttendeeSuccess[39m [33m=[39m {

[31m[1mCaused by: Caused by: Error[22m: Missing environment variable: one of VITE_SUPABASE_URL, NEXT_PUBLIC_SUPABASE_URL[39m
[36m [2m❯[22m requiredAny src/config/env.ts:[2m9:9[22m[39m
[90m [2m❯[22m src/config/env.ts:[2m13:16[22m[39m

[31m[2m⎯⎯⎯⎯⎯⎯⎯⎯⎯⎯⎯⎯⎯⎯⎯⎯⎯⎯⎯⎯⎯[15/151]⎯[22m[39m

[41m[1m FAIL [22m[49m src/hooks/domain/attendance/mutations/__tests__/useDeleteAttendanceSavedViewMutation.test.ts[2m [ src/hooks/domain/attendance/mutations/__tests__/useDeleteAttendanceSavedViewMutation.test.ts ][22m
[31m[1mError[22m: [vitest] There was an error when mocking a module. If you are using "vi.mock" factory, make sure there are no top level variables inside, since this call is hoisted to top of the file. Read more: https://vitest.dev/api/vi.html#vi-mock[39m
[36m [2m❯[22m src/hooks/domain/attendance/mutations/useDeleteAttendanceSavedViewMutation.ts:[2m4:1[22m[39m
    [90m  2|[39m
    [90m  3|[39m [35mimport[39m { [33mQUERY_KEYS[39m } [35mfrom[39m [32m'@/config/constants'[39m[33m;[39m
    [90m  4|[39m [35mimport[39m { createEdgeFunctionCaller } [35mfrom[39m [32m'@/lib/infrastructure'[39m[33m;[39m
    [90m   |[39m [31m^[39m
    [90m  5|[39m
    [90m  6|[39m type [33mDeleteSavedViewPayload[39m [33m=[39m {

[31m[1mCaused by: Caused by: Error[22m: Missing environment variable: one of VITE_SUPABASE_URL, NEXT_PUBLIC_SUPABASE_URL[39m
[36m [2m❯[22m requiredAny src/config/env.ts:[2m9:9[22m[39m
[90m [2m❯[22m src/config/env.ts:[2m13:16[22m[39m

[31m[2m⎯⎯⎯⎯⎯⎯⎯⎯⎯⎯⎯⎯⎯⎯⎯⎯⎯⎯⎯⎯⎯[16/151]⎯[22m[39m

[41m[1m FAIL [22m[49m src/hooks/domain/attendance/mutations/__tests__/useQueuedCheckInAttendeeMutation.test.ts[2m [ src/hooks/domain/attendance/mutations/__tests__/useQueuedCheckInAttendeeMutation.test.ts ][22m
[31m[1mError[22m: [vitest] There was an error when mocking a module. If you are using "vi.mock" factory, make sure there are no top level variables inside, since this call is hoisted to top of the file. Read more: https://vitest.dev/api/vi.html#vi-mock[39m
[36m [2m❯[22m src/hooks/utils/useEdgeFunctionStream.ts:[2m4:1[22m[39m
    [90m  2|[39m [35mimport[39m { useCallback[33m,[39m useState } [35mfrom[39m [32m'react'[39m[33m;[39m
    [90m  3|[39m
    [90m  4|[39m [35mimport[39m { supabase } [35mfrom[39m [32m'@/lib/infrastructure'[39m[33m;[39m
    [90m   |[39m [31m^[39m
    [90m  5|[39m
    [90m  6|[39m [35mexport[39m [35mfunction[39m [34museEdgeFunctionStream[39m(functionName[33m:[39m string) {

[31m[1mCaused by: Caused by: Error[22m: Missing environment variable: one of VITE_SUPABASE_URL, NEXT_PUBLIC_SUPABASE_URL[39m
[36m [2m❯[22m requiredAny src/config/env.ts:[2m9:9[22m[39m
[90m [2m❯[22m src/config/env.ts:[2m13:16[22m[39m

[31m[2m⎯⎯⎯⎯⎯⎯⎯⎯⎯⎯⎯⎯⎯⎯⎯⎯⎯⎯⎯⎯⎯[17/151]⎯[22m[39m

[41m[1m FAIL [22m[49m src/hooks/domain/attendance/mutations/__tests__/useUpdateAttendanceSettingsMutation.test.ts[2m [ src/hooks/domain/attendance/mutations/__tests__/useUpdateAttendanceSettingsMutation.test.ts ][22m
[31m[1mError[22m: [vitest] There was an error when mocking a module. If you are using "vi.mock" factory, make sure there are no top level variables inside, since this call is hoisted to top of the file. Read more: https://vitest.dev/api/vi.html#vi-mock[39m
[36m [2m❯[22m src/hooks/domain/attendance/mutations/useUpdateAttendanceSettingsMutation.ts:[2m9:1[22m[39m
    [90m  7|[39m   normalizeAttendanceTimeslots[33m,[39m
    [90m  8|[39m } [35mfrom[39m [32m'@/lib/domain/attendance'[39m[33m;[39m
    [90m  9|[39m [35mimport[39m { createEdgeFunctionCaller } [35mfrom[39m [32m'@/lib/infrastructure'[39m[33m;[39m
    [90m   |[39m [31m^[39m
    [90m 10|[39m
    [90m 11|[39m type [33mUpdateAttendanceSettingsSuccess[39m [33m=[39m {

[31m[1mCaused by: Caused by: Error[22m: Missing environment variable: one of VITE_SUPABASE_URL, NEXT_PUBLIC_SUPABASE_URL[39m
[36m [2m❯[22m requiredAny src/config/env.ts:[2m9:9[22m[39m
[90m [2m❯[22m src/config/env.ts:[2m13:16[22m[39m

[31m[2m⎯⎯⎯⎯⎯⎯⎯⎯⎯⎯⎯⎯⎯⎯⎯⎯⎯⎯⎯⎯⎯[18/151]⎯[22m[39m

[41m[1m FAIL [22m[49m src/hooks/domain/attendance/mutations/__tests__/useUpsertAttendanceAnswersMutation.test.ts[2m [ src/hooks/domain/attendance/mutations/__tests__/useUpsertAttendanceAnswersMutation.test.ts ][22m
[31m[1mError[22m: [vitest] There was an error when mocking a module. If you are using "vi.mock" factory, make sure there are no top level variables inside, since this call is hoisted to top of the file. Read more: https://vitest.dev/api/vi.html#vi-mock[39m
[36m [2m❯[22m src/hooks/domain/attendance/mutations/useUpsertAttendanceAnswersMutation.ts:[2m6:1[22m[39m
    [90m  4|[39m [35mimport[39m { [33mQUERY_KEYS[39m } [35mfrom[39m [32m'@/config/constants'[39m[33m;[39m
    [90m  5|[39m import type { UpsertAttendanceAnswersInput } from '@/lib/domain/attend…
    [90m  6|[39m [35mimport[39m { supabase } [35mfrom[39m [32m'@/lib/infrastructure'[39m[33m;[39m
    [90m   |[39m [31m^[39m
    [90m  7|[39m
    [90m  8|[39m /** Upserts attendance field answers for a single registrant via Postg…

[31m[1mCaused by: Caused by: Error[22m: Missing environment variable: one of VITE_SUPABASE_URL, NEXT_PUBLIC_SUPABASE_URL[39m
[36m [2m❯[22m requiredAny src/config/env.ts:[2m9:9[22m[39m
[90m [2m❯[22m src/config/env.ts:[2m13:16[22m[39m

[31m[2m⎯⎯⎯⎯⎯⎯⎯⎯⎯⎯⎯⎯⎯⎯⎯⎯⎯⎯⎯⎯⎯[19/151]⎯[22m[39m

[41m[1m FAIL [22m[49m src/hooks/domain/attendance/mutations/__tests__/useUpsertAttendanceSavedViewMutation.test.ts[2m [ src/hooks/domain/attendance/mutations/__tests__/useUpsertAttendanceSavedViewMutation.test.ts ][22m
[31m[1mError[22m: [vitest] There was an error when mocking a module. If you are using "vi.mock" factory, make sure there are no top level variables inside, since this call is hoisted to top of the file. Read more: https://vitest.dev/api/vi.html#vi-mock[39m
[36m [2m❯[22m src/hooks/domain/attendance/mutations/useUpsertAttendanceSavedViewMutation.ts:[2m5:1[22m[39m
    [90m  3|[39m [35mimport[39m { [33mQUERY_KEYS[39m } [35mfrom[39m [32m'@/config/constants'[39m[33m;[39m
    [90m  4|[39m import type { AttendanceSavedView } from '@/lib/domain/attendance-view…
    [90m  5|[39m [35mimport[39m { createEdgeFunctionCaller } [35mfrom[39m [32m'@/lib/infrastructure'[39m[33m;[39m
    [90m   |[39m [31m^[39m
    [90m  6|[39m
    [90m  7|[39m type [33mUpsertSavedViewPayload[39m [33m=[39m {

[31m[1mCaused by: Caused by: Error[22m: Missing environment variable: one of VITE_SUPABASE_URL, NEXT_PUBLIC_SUPABASE_URL[39m
[36m [2m❯[22m requiredAny src/config/env.ts:[2m9:9[22m[39m
[90m [2m❯[22m src/config/env.ts:[2m13:16[22m[39m

[31m[2m⎯⎯⎯⎯⎯⎯⎯⎯⎯⎯⎯⎯⎯⎯⎯⎯⎯⎯⎯⎯⎯[20/151]⎯[22m[39m

[41m[1m FAIL [22m[49m src/hooks/domain/attendance/queries/__tests__/useAttendanceSavedViewQuery.test.ts[2m [ src/hooks/domain/attendance/queries/__tests__/useAttendanceSavedViewQuery.test.ts ][22m
[31m[1mError[22m: [vitest] There was an error when mocking a module. If you are using "vi.mock" factory, make sure there are no top level variables inside, since this call is hoisted to top of the file. Read more: https://vitest.dev/api/vi.html#vi-mock[39m
[36m [2m❯[22m src/hooks/domain/attendance/queries/useAttendanceSavedViewQuery.ts:[2m5:1[22m[39m
    [90m  3|[39m [35mimport[39m { [33mQUERY_KEYS[39m } [35mfrom[39m [32m'@/config/constants/queryKeys'[39m[33m;[39m
    [90m  4|[39m import type { AttendanceSavedView } from '@/lib/domain/attendance-view…
    [90m  5|[39m [35mimport[39m { supabase } [35mfrom[39m [32m'@/lib/infrastructure/supabase'[39m[33m;[39m
    [90m   |[39m [31m^[39m
    [90m  6|[39m
    [90m  7|[39m [90m/**

[31m[1mCaused by: Caused by: Error[22m: Missing environment variable: one of VITE_SUPABASE_URL, NEXT_PUBLIC_SUPABASE_URL[39m
[36m [2m❯[22m requiredAny src/config/env.ts:[2m9:9[22m[39m
[90m [2m❯[22m src/config/env.ts:[2m13:16[22m[39m

[31m[2m⎯⎯⎯⎯⎯⎯⎯⎯⎯⎯⎯⎯⎯⎯⎯⎯⎯⎯⎯⎯⎯[21/151]⎯[22m[39m

[41m[1m FAIL [22m[49m src/hooks/domain/attendance/queries/__tests__/useAttendanceSavedViewsQuery.test.ts[2m [ src/hooks/domain/attendance/queries/__tests__/useAttendanceSavedViewsQuery.test.ts ][22m
[31m[1mError[22m: [vitest] There was an error when mocking a module. If you are using "vi.mock" factory, make sure there are no top level variables inside, since this call is hoisted to top of the file. Read more: https://vitest.dev/api/vi.html#vi-mock[39m
[36m [2m❯[22m src/hooks/domain/attendance/queries/useAttendanceSavedViewsQuery.ts:[2m5:1[22m[39m
    [90m  3|[39m [35mimport[39m { [33mQUERY_KEYS[39m } [35mfrom[39m [32m'@/config/constants/queryKeys'[39m[33m;[39m
    [90m  4|[39m import type { AttendanceSavedView } from '@/lib/domain/attendance-view…
    [90m  5|[39m [35mimport[39m { supabase } [35mfrom[39m [32m'@/lib/infrastructure/supabase'[39m[33m;[39m
    [90m   |[39m [31m^[39m
    [90m  6|[39m
    [90m  7|[39m [90m/**

[31m[1mCaused by: Caused by: Error[22m: Missing environment variable: one of VITE_SUPABASE_URL, NEXT_PUBLIC_SUPABASE_URL[39m
[36m [2m❯[22m requiredAny src/config/env.ts:[2m9:9[22m[39m
[90m [2m❯[22m src/config/env.ts:[2m13:16[22m[39m

[31m[2m⎯⎯⎯⎯⎯⎯⎯⎯⎯⎯⎯⎯⎯⎯⎯⎯⎯⎯⎯⎯⎯[22/151]⎯[22m[39m

[41m[1m FAIL [22m[49m src/hooks/domain/attendance/queries/__tests__/useAttendanceSlotSummariesQuery.test.ts[2m [ src/hooks/domain/attendance/queries/__tests__/useAttendanceSlotSummariesQuery.test.ts ][22m
[31m[1mError[22m: [vitest] There was an error when mocking a module. If you are using "vi.mock" factory, make sure there are no top level variables inside, since this call is hoisted to top of the file. Read more: https://vitest.dev/api/vi.html#vi-mock[39m
[36m [2m❯[22m src/hooks/domain/attendance/queries/useAttendanceSlotSummariesQuery.ts:[2m6:1[22m[39m
    [90m  4|[39m [35mimport[39m { [33mQUERY_KEYS[39m } [35mfrom[39m [32m'@/config/constants'[39m[33m;[39m
    [90m  5|[39m import type { AttendanceSlotAttendee, AttendanceSlotSummary } from '@/…
    [90m  6|[39m [35mimport[39m { supabase } [35mfrom[39m [32m'@/lib/infrastructure'[39m[33m;[39m
    [90m   |[39m [31m^[39m
    [90m  7|[39m
    [90m  8|[39m type [33mSlotRecordRow[39m [33m=[39m {

[31m[1mCaused by: Caused by: Error[22m: Missing environment variable: one of VITE_SUPABASE_URL, NEXT_PUBLIC_SUPABASE_URL[39m
[36m [2m❯[22m requiredAny src/config/env.ts:[2m9:9[22m[39m
[90m [2m❯[22m src/config/env.ts:[2m13:16[22m[39m

[31m[2m⎯⎯⎯⎯⎯⎯⎯⎯⎯⎯⎯⎯⎯⎯⎯⎯⎯⎯⎯⎯⎯[23/151]⎯[22m[39m

[41m[1m FAIL [22m[49m src/hooks/domain/attendance/queries/__tests__/useAttendanceUnregisteredMembersQuery.test.ts[2m [ src/hooks/domain/attendance/queries/__tests__/useAttendanceUnregisteredMembersQuery.test.ts ][22m
[31m[1mError[22m: [vitest] There was an error when mocking a module. If you are using "vi.mock" factory, make sure there are no top level variables inside, since this call is hoisted to top of the file. Read more: https://vitest.dev/api/vi.html#vi-mock[39m
[36m [2m❯[22m src/hooks/domain/attendance/queries/useAttendanceUnregisteredMembersQuery.ts:[2m5:1[22m[39m
    [90m  3|[39m [35mimport[39m { [33mPAGINATION_DEFAULTS[39m[33m,[39m [33mQUERY_KEYS[39m } [35mfrom[39m [32m'@/config/constants'[39m[33m;[39m
    [90m  4|[39m import type { UnregisteredMember, UnregisteredMembersReportInput } fro…
    [90m  5|[39m import { createEdgeFunctionCaller, decodeOffsetCursor, getTotalPages }…
    [90m   |[39m [31m^[39m
    [90m  6|[39m
    [90m  7|[39m type [33mUnregisteredMembersSuccess[39m [33m=[39m {

[31m[1mCaused by: Caused by: Error[22m: Missing environment variable: one of VITE_SUPABASE_URL, NEXT_PUBLIC_SUPABASE_URL[39m
[36m [2m❯[22m requiredAny src/config/env.ts:[2m9:9[22m[39m
[90m [2m❯[22m src/config/env.ts:[2m13:16[22m[39m

[31m[2m⎯⎯⎯⎯⎯⎯⎯⎯⎯⎯⎯⎯⎯⎯⎯⎯⎯⎯⎯⎯⎯[24/151]⎯[22m[39m

[41m[1m FAIL [22m[49m src/hooks/domain/attendance/queries/__tests__/useSearchAttendeesQuery.test.ts[2m [ src/hooks/domain/attendance/queries/__tests__/useSearchAttendeesQuery.test.ts ][22m
[31m[1mError[22m: [vitest] There was an error when mocking a module. If you are using "vi.mock" factory, make sure there are no top level variables inside, since this call is hoisted to top of the file. Read more: https://vitest.dev/api/vi.html#vi-mock[39m
[36m [2m❯[22m src/hooks/domain/attendance/queries/useSearchAttendeesQuery.ts:[2m6:1[22m[39m
    [90m  4|[39m [35mimport[39m { [33mQUERY_KEYS[39m } [35mfrom[39m [32m'@/config/constants'[39m[33m;[39m
    [90m  5|[39m import type { AttendeeSearchResult, SearchAttendeesInput } from '@/lib…
    [90m  6|[39m [35mimport[39m { createEdgeFunctionCaller } [35mfrom[39m [32m'@/lib/infrastructure'[39m[33m;[39m
    [90m   |[39m [31m^[39m
    [90m  7|[39m
    [90m  8|[39m type [33mSearchAttendeesSuccess[39m [33m=[39m {

[31m[1mCaused by: Caused by: Error[22m: Missing environment variable: one of VITE_SUPABASE_URL, NEXT_PUBLIC_SUPABASE_URL[39m
[36m [2m❯[22m requiredAny src/config/env.ts:[2m9:9[22m[39m
[90m [2m❯[22m src/config/env.ts:[2m13:16[22m[39m

[31m[2m⎯⎯⎯⎯⎯⎯⎯⎯⎯⎯⎯⎯⎯⎯⎯⎯⎯⎯⎯⎯⎯[25/151]⎯[22m[39m

[41m[1m FAIL [22m[49m src/hooks/domain/attendance/state/__tests__/useAttendanceCheckInRealtime.test.ts[2m [ src/hooks/domain/attendance/state/__tests__/useAttendanceCheckInRealtime.test.ts ][22m
[31m[1mError[22m: [vitest] There was an error when mocking a module. If you are using "vi.mock" factory, make sure there are no top level variables inside, since this call is hoisted to top of the file. Read more: https://vitest.dev/api/vi.html#vi-mock[39m
[36m [2m❯[22m src/hooks/domain/attendance/state/useAttendanceCheckInRealtime.ts:[2m6:1[22m[39m
    [90m  4|[39m
    [90m  5|[39m import type { AttendanceCheckInRealtimeEvent, AttendeeKind } from '@/l…
    [90m  6|[39m [35mimport[39m { supabase } [35mfrom[39m [32m'@/lib/infrastructure'[39m[33m;[39m
    [90m   |[39m [31m^[39m
    [90m  7|[39m
    [90m  8|[39m type [33mAttendanceCheckInRow[39m [33m=[39m {

[31m[1mCaused by: Caused by: Error[22m: Missing environment variable: one of VITE_SUPABASE_URL, NEXT_PUBLIC_SUPABASE_URL[39m
[36m [2m❯[22m requiredAny src/config/env.ts:[2m9:9[22m[39m
[90m [2m❯[22m src/config/env.ts:[2m13:16[22m[39m

[31m[2m⎯⎯⎯⎯⎯⎯⎯⎯⎯⎯⎯⎯⎯⎯⎯⎯⎯⎯⎯⎯⎯[26/151]⎯[22m[39m

[41m[1m FAIL [22m[49m src/hooks/domain/attendance/state/__tests__/useAttendanceSlotRecordRealtime.test.ts[2m [ src/hooks/domain/attendance/state/__tests__/useAttendanceSlotRecordRealtime.test.ts ][22m
[31m[1mError[22m: [vitest] There was an error when mocking a module. If you are using "vi.mock" factory, make sure there are no top level variables inside, since this call is hoisted to top of the file. Read more: https://vitest.dev/api/vi.html#vi-mock[39m
[36m [2m❯[22m src/hooks/domain/attendance/state/useAttendanceSlotRecordRealtime.ts:[2m6:1[22m[39m
    [90m  4|[39m
    [90m  5|[39m import type { AttendanceSlotRecordInsertEvent } from '@/lib/domain/att…
    [90m  6|[39m [35mimport[39m { supabase } [35mfrom[39m [32m'@/lib/infrastructure'[39m[33m;[39m
    [90m   |[39m [31m^[39m
    [90m  7|[39m
    [90m  8|[39m type [33mAttendanceSlotRecordRow[39m [33m=[39m {

[31m[1mCaused by: Caused by: Error[22m: Missing environment variable: one of VITE_SUPABASE_URL, NEXT_PUBLIC_SUPABASE_URL[39m
[36m [2m❯[22m requiredAny src/config/env.ts:[2m9:9[22m[39m
[90m [2m❯[22m src/config/env.ts:[2m13:16[22m[39m

[31m[2m⎯⎯⎯⎯⎯⎯⎯⎯⎯⎯⎯⎯⎯⎯⎯⎯⎯⎯⎯⎯⎯[27/151]⎯[22m[39m

[41m[1m FAIL [22m[49m src/hooks/domain/attendance-fields/mutations/__tests__/useCreateAttendanceFieldMutation.test.ts[2m [ src/hooks/domain/attendance-fields/mutations/__tests__/useCreateAttendanceFieldMutation.test.ts ][22m
[31m[1mError[22m: [vitest] There was an error when mocking a module. If you are using "vi.mock" factory, make sure there are no top level variables inside, since this call is hoisted to top of the file. Read more: https://vitest.dev/api/vi.html#vi-mock[39m
[36m [2m❯[22m src/hooks/domain/attendance-fields/mutations/useCreateAttendanceFieldMutation.ts:[2m5:1[22m[39m
    [90m  3|[39m [35mimport[39m { [33mQUERY_KEYS[39m } [35mfrom[39m [32m'@/config/constants'[39m[33m;[39m
    [90m  4|[39m import type { AttendanceField, CreateAttendanceFieldInput } from '@/li…
    [90m  5|[39m [35mimport[39m { supabase } [35mfrom[39m [32m'@/lib/infrastructure'[39m[33m;[39m
    [90m   |[39m [31m^[39m
    [90m  6|[39m
    [90m  7|[39m /** Creates a new attendance field via PostgREST. Automatically sets d…

[31m[1mCaused by: Caused by: Error[22m: Missing environment variable: one of VITE_SUPABASE_URL, NEXT_PUBLIC_SUPABASE_URL[39m
[36m [2m❯[22m requiredAny src/config/env.ts:[2m9:9[22m[39m
[90m [2m❯[22m src/config/env.ts:[2m13:16[22m[39m

[31m[2m⎯⎯⎯⎯⎯⎯⎯⎯⎯⎯⎯⎯⎯⎯⎯⎯⎯⎯⎯⎯⎯[28/151]⎯[22m[39m

[41m[1m FAIL [22m[49m src/hooks/domain/attendance-fields/mutations/__tests__/useDeleteAttendanceFieldMutation.test.ts[2m [ src/hooks/domain/attendance-fields/mutations/__tests__/useDeleteAttendanceFieldMutation.test.ts ][22m
[31m[1mError[22m: [vitest] There was an error when mocking a module. If you are using "vi.mock" factory, make sure there are no top level variables inside, since this call is hoisted to top of the file. Read more: https://vitest.dev/api/vi.html#vi-mock[39m
[36m [2m❯[22m src/hooks/domain/attendance-fields/mutations/useDeleteAttendanceFieldMutation.ts:[2m5:1[22m[39m
    [90m  3|[39m [35mimport[39m { [33mQUERY_KEYS[39m } [35mfrom[39m [32m'@/config/constants'[39m[33m;[39m
    [90m  4|[39m import type { DeleteAttendanceFieldInput } from '@/lib/domain/attendan…
    [90m  5|[39m [35mimport[39m { supabase } [35mfrom[39m [32m'@/lib/infrastructure'[39m[33m;[39m
    [90m   |[39m [31m^[39m
    [90m  6|[39m
    [90m  7|[39m /** Deletes an attendance field (cascade removes its answers) via Post…

[31m[1mCaused by: Caused by: Error[22m: Missing environment variable: one of VITE_SUPABASE_URL, NEXT_PUBLIC_SUPABASE_URL[39m
[36m [2m❯[22m requiredAny src/config/env.ts:[2m9:9[22m[39m
[90m [2m❯[22m src/config/env.ts:[2m13:16[22m[39m

[31m[2m⎯⎯⎯⎯⎯⎯⎯⎯⎯⎯⎯⎯⎯⎯⎯⎯⎯⎯⎯⎯⎯[29/151]⎯[22m[39m

[41m[1m FAIL [22m[49m src/hooks/domain/attendance-fields/mutations/__tests__/useReorderAttendanceFieldsMutation.test.ts[2m [ src/hooks/domain/attendance-fields/mutations/__tests__/useReorderAttendanceFieldsMutation.test.ts ][22m
[31m[1mError[22m: [vitest] There was an error when mocking a module. If you are using "vi.mock" factory, make sure there are no top level variables inside, since this call is hoisted to top of the file. Read more: https://vitest.dev/api/vi.html#vi-mock[39m
[36m [2m❯[22m src/hooks/domain/attendance-fields/mutations/useReorderAttendanceFieldsMutation.ts:[2m5:1[22m[39m
    [90m  3|[39m [35mimport[39m { [33mQUERY_KEYS[39m } [35mfrom[39m [32m'@/config/constants'[39m[33m;[39m
    [90m  4|[39m import type { ReorderAttendanceFieldsInput } from '@/lib/domain/attend…
    [90m  5|[39m [35mimport[39m { supabase } [35mfrom[39m [32m'@/lib/infrastructure'[39m[33m;[39m
    [90m   |[39m [31m^[39m
    [90m  6|[39m
    [90m  7|[39m /** Reorders attendance fields by updating display_order for each fiel…

[31m[1mCaused by: Caused by: Error[22m: Missing environment variable: one of VITE_SUPABASE_URL, NEXT_PUBLIC_SUPABASE_URL[39m
[36m [2m❯[22m requiredAny src/config/env.ts:[2m9:9[22m[39m
[90m [2m❯[22m src/config/env.ts:[2m13:16[22m[39m

[31m[2m⎯⎯⎯⎯⎯⎯⎯⎯⎯⎯⎯⎯⎯⎯⎯⎯⎯⎯⎯⎯⎯[30/151]⎯[22m[39m

[41m[1m FAIL [22m[49m src/hooks/domain/attendance-fields/mutations/__tests__/useUpdateAttendanceFieldMutation.test.ts[2m [ src/hooks/domain/attendance-fields/mutations/__tests__/useUpdateAttendanceFieldMutation.test.ts ][22m
[31m[1mError[22m: [vitest] There was an error when mocking a module. If you are using "vi.mock" factory, make sure there are no top level variables inside, since this call is hoisted to top of the file. Read more: https://vitest.dev/api/vi.html#vi-mock[39m
[36m [2m❯[22m src/hooks/domain/attendance-fields/mutations/useUpdateAttendanceFieldMutation.ts:[2m5:1[22m[39m
    [90m  3|[39m [35mimport[39m { [33mQUERY_KEYS[39m } [35mfrom[39m [32m'@/config/constants'[39m[33m;[39m
    [90m  4|[39m import type { AttendanceField, UpdateAttendanceFieldInput } from '@/li…
    [90m  5|[39m [35mimport[39m { supabase } [35mfrom[39m [32m'@/lib/infrastructure'[39m[33m;[39m
    [90m   |[39m [31m^[39m
    [90m  6|[39m
    [90m  7|[39m [90m/** Updates an existing attendance field via PostgREST. */[39m

[31m[1mCaused by: Caused by: Error[22m: Missing environment variable: one of VITE_SUPABASE_URL, NEXT_PUBLIC_SUPABASE_URL[39m
[36m [2m❯[22m requiredAny src/config/env.ts:[2m9:9[22m[39m
[90m [2m❯[22m src/config/env.ts:[2m13:16[22m[39m

[31m[2m⎯⎯⎯⎯⎯⎯⎯⎯⎯⎯⎯⎯⎯⎯⎯⎯⎯⎯⎯⎯⎯[31/151]⎯[22m[39m

[41m[1m FAIL [22m[49m src/hooks/domain/attendance-fields/queries/__tests__/useAttendanceFieldsQuery.test.ts[2m [ src/hooks/domain/attendance-fields/queries/__tests__/useAttendanceFieldsQuery.test.ts ][22m
[31m[1mError[22m: [vitest] There was an error when mocking a module. If you are using "vi.mock" factory, make sure there are no top level variables inside, since this call is hoisted to top of the file. Read more: https://vitest.dev/api/vi.html#vi-mock[39m
[36m [2m❯[22m src/hooks/domain/attendance-fields/queries/useAttendanceFieldsQuery.ts:[2m5:1[22m[39m
    [90m  3|[39m [35mimport[39m { [33mQUERY_KEYS[39m } [35mfrom[39m [32m'@/config/constants'[39m[33m;[39m
    [90m  4|[39m [35mimport[39m type { [33mAttendanceField[39m } [35mfrom[39m [32m'@/lib/domain/attendance-fields'[39m[33m;[39m
    [90m  5|[39m [35mimport[39m { supabase } [35mfrom[39m [32m'@/lib/infrastructure'[39m[33m;[39m
    [90m   |[39m [31m^[39m
    [90m  6|[39m
    [90m  7|[39m type [33mUseAttendanceFieldsQueryOptions[39m [33m=[39m {

[31m[1mCaused by: Caused by: Error[22m: Missing environment variable: one of VITE_SUPABASE_URL, NEXT_PUBLIC_SUPABASE_URL[39m
[36m [2m❯[22m requiredAny src/config/env.ts:[2m9:9[22m[39m
[90m [2m❯[22m src/config/env.ts:[2m13:16[22m[39m

[31m[2m⎯⎯⎯⎯⎯⎯⎯⎯⎯⎯⎯⎯⎯⎯⎯⎯⎯⎯⎯⎯⎯[32/151]⎯[22m[39m

[41m[1m FAIL [22m[49m src/hooks/domain/event-fields/mutations/__tests__/useCreateEventFieldMutation.test.ts[2m [ src/hooks/domain/event-fields/mutations/__tests__/useCreateEventFieldMutation.test.ts ][22m
[31m[1mError[22m: [vitest] There was an error when mocking a module. If you are using "vi.mock" factory, make sure there are no top level variables inside, since this call is hoisted to top of the file. Read more: https://vitest.dev/api/vi.html#vi-mock[39m
[36m [2m❯[22m src/hooks/domain/event-fields/mutations/useCreateEventFieldMutation.ts:[2m4:1[22m[39m
    [90m  2|[39m
    [90m  3|[39m import type { AdminEventField, CreateEventFieldInput } from '@/lib/dom…
    [90m  4|[39m [35mimport[39m { supabase } [35mfrom[39m [32m'@/lib/infrastructure'[39m[33m;[39m
    [90m   |[39m [31m^[39m
    [90m  5|[39m
    [90m  6|[39m import { adminEventFieldsQueryKey } from '../queries/useAdminEventFiel…

[31m[1mCaused by: Caused by: Error[22m: Missing environment variable: one of VITE_SUPABASE_URL, NEXT_PUBLIC_SUPABASE_URL[39m
[36m [2m❯[22m requiredAny src/config/env.ts:[2m9:9[22m[39m
[90m [2m❯[22m src/config/env.ts:[2m13:16[22m[39m

[31m[2m⎯⎯⎯⎯⎯⎯⎯⎯⎯⎯⎯⎯⎯⎯⎯⎯⎯⎯⎯⎯⎯[33/151]⎯[22m[39m

[41m[1m FAIL [22m[49m src/hooks/domain/event-fields/mutations/__tests__/useDeleteEventFieldMutation.test.ts[2m [ src/hooks/domain/event-fields/mutations/__tests__/useDeleteEventFieldMutation.test.ts ][22m
[31m[1mError[22m: [vitest] There was an error when mocking a module. If you are using "vi.mock" factory, make sure there are no top level variables inside, since this call is hoisted to top of the file. Read more: https://vitest.dev/api/vi.html#vi-mock[39m
[36m [2m❯[22m src/hooks/domain/event-fields/mutations/useDeleteEventFieldMutation.ts:[2m3:1[22m[39m
    [90m  1|[39m [35mimport[39m { useMutation[33m,[39m useQueryClient } [35mfrom[39m [32m'@tanstack/react-query'[39m[33m;[39m
    [90m  2|[39m
    [90m  3|[39m [35mimport[39m { supabase } [35mfrom[39m [32m'@/lib/infrastructure'[39m[33m;[39m
    [90m   |[39m [31m^[39m
    [90m  4|[39m
    [90m  5|[39m import { adminEventFieldsQueryKey } from '../queries/useAdminEventFiel…

[31m[1mCaused by: Caused by: Error[22m: Missing environment variable: one of VITE_SUPABASE_URL, NEXT_PUBLIC_SUPABASE_URL[39m
[36m [2m❯[22m requiredAny src/config/env.ts:[2m9:9[22m[39m
[90m [2m❯[22m src/config/env.ts:[2m13:16[22m[39m

[31m[2m⎯⎯⎯⎯⎯⎯⎯⎯⎯⎯⎯⎯⎯⎯⎯⎯⎯⎯⎯⎯⎯[34/151]⎯[22m[39m

[41m[1m FAIL [22m[49m src/hooks/domain/event-fields/mutations/__tests__/useReorderEventFieldsMutation.test.ts[2m [ src/hooks/domain/event-fields/mutations/__tests__/useReorderEventFieldsMutation.test.ts ][22m
[31m[1mError[22m: [vitest] There was an error when mocking a module. If you are using "vi.mock" factory, make sure there are no top level variables inside, since this call is hoisted to top of the file. Read more: https://vitest.dev/api/vi.html#vi-mock[39m
[36m [2m❯[22m src/hooks/domain/event-fields/mutations/useReorderEventFieldsMutation.ts:[2m4:1[22m[39m
    [90m  2|[39m
    [90m  3|[39m import type { ReorderEventFieldsInput } from '@/lib/domain/event-field…
    [90m  4|[39m [35mimport[39m { supabase } [35mfrom[39m [32m'@/lib/infrastructure'[39m[33m;[39m
    [90m   |[39m [31m^[39m
    [90m  5|[39m
    [90m  6|[39m import { adminEventFieldsQueryKey } from '../queries/useAdminEventFiel…

[31m[1mCaused by: Caused by: Error[22m: Missing environment variable: one of VITE_SUPABASE_URL, NEXT_PUBLIC_SUPABASE_URL[39m
[36m [2m❯[22m requiredAny src/config/env.ts:[2m9:9[22m[39m
[90m [2m❯[22m src/config/env.ts:[2m13:16[22m[39m

[31m[2m⎯⎯⎯⎯⎯⎯⎯⎯⎯⎯⎯⎯⎯⎯⎯⎯⎯⎯⎯⎯⎯[35/151]⎯[22m[39m

[41m[1m FAIL [22m[49m src/hooks/domain/event-fields/mutations/__tests__/useUpdateEventFieldMutation.test.ts[2m [ src/hooks/domain/event-fields/mutations/__tests__/useUpdateEventFieldMutation.test.ts ][22m
[31m[1mError[22m: [vitest] There was an error when mocking a module. If you are using "vi.mock" factory, make sure there are no top level variables inside, since this call is hoisted to top of the file. Read more: https://vitest.dev/api/vi.html#vi-mock[39m
[36m [2m❯[22m src/hooks/domain/event-fields/mutations/useUpdateEventFieldMutation.ts:[2m4:1[22m[39m
    [90m  2|[39m
    [90m  3|[39m import type { AdminEventField, UpdateEventFieldInput } from '@/lib/dom…
    [90m  4|[39m [35mimport[39m { supabase } [35mfrom[39m [32m'@/lib/infrastructure'[39m[33m;[39m
    [90m   |[39m [31m^[39m
    [90m  5|[39m
    [90m  6|[39m import { adminEventFieldsQueryKey } from '../queries/useAdminEventFiel…

[31m[1mCaused by: Caused by: Error[22m: Missing environment variable: one of VITE_SUPABASE_URL, NEXT_PUBLIC_SUPABASE_URL[39m
[36m [2m❯[22m requiredAny src/config/env.ts:[2m9:9[22m[39m
[90m [2m❯[22m src/config/env.ts:[2m13:16[22m[39m

[31m[2m⎯⎯⎯⎯⎯⎯⎯⎯⎯⎯⎯⎯⎯⎯⎯⎯⎯⎯⎯⎯⎯[36/151]⎯[22m[39m

[41m[1m FAIL [22m[49m src/hooks/domain/event-fields/queries/__tests__/useAdminEventFieldsQuery.test.ts[2m [ src/hooks/domain/event-fields/queries/__tests__/useAdminEventFieldsQuery.test.ts ][22m
[31m[1mError[22m: [vitest] There was an error when mocking a module. If you are using "vi.mock" factory, make sure there are no top level variables inside, since this call is hoisted to top of the file. Read more: https://vitest.dev/api/vi.html#vi-mock[39m
[36m [2m❯[22m src/hooks/domain/event-fields/queries/useAdminEventFieldsQuery.ts:[2m4:1[22m[39m
    [90m  2|[39m
    [90m  3|[39m [35mimport[39m type { [33mAdminEventField[39m } [35mfrom[39m [32m'@/lib/domain/event-fields'[39m[33m;[39m
    [90m  4|[39m [35mimport[39m { supabase } [35mfrom[39m [32m'@/lib/infrastructure'[39m[33m;[39m
    [90m   |[39m [31m^[39m
    [90m  5|[39m
    [90m  6|[39m [35mexport[39m [35mconst[39m adminEventFieldsQueryKey [33m=[39m (eventId[33m:[39m string) [33m=>[39m

[31m[1mCaused by: Caused by: Error[22m: Missing environment variable: one of VITE_SUPABASE_URL, NEXT_PUBLIC_SUPABASE_URL[39m
[36m [2m❯[22m requiredAny src/config/env.ts:[2m9:9[22m[39m
[90m [2m❯[22m src/config/env.ts:[2m13:16[22m[39m

[31m[2m⎯⎯⎯⎯⎯⎯⎯⎯⎯⎯⎯⎯⎯⎯⎯⎯⎯⎯⎯⎯⎯[37/151]⎯[22m[39m

[41m[1m FAIL [22m[49m src/hooks/domain/event-fields/queries/__tests__/useEventSlotAvailabilityQuery.test.ts[2m [ src/hooks/domain/event-fields/queries/__tests__/useEventSlotAvailabilityQuery.test.ts ][22m
[31m[1mError[22m: [vitest] There was an error when mocking a module. If you are using "vi.mock" factory, make sure there are no top level variables inside, since this call is hoisted to top of the file. Read more: https://vitest.dev/api/vi.html#vi-mock[39m
[36m [2m❯[22m src/hooks/domain/event-fields/queries/useEventSlotAvailabilityQuery.ts:[2m5:1[22m[39m
    [90m  3|[39m [35mimport[39m { [33mQUERY_KEYS[39m[33m,[39m [33mQUERY_STALE_TIME_MS[39m } [35mfrom[39m [32m'@/config/constants'[39m[33m;[39m
    [90m  4|[39m import type { EventSlotAvailabilityResponse } from '@/lib/domain/event…
    [90m  5|[39m [35mimport[39m { createEdgeFunctionCaller } [35mfrom[39m [32m'@/lib/infrastructure'[39m[33m;[39m
    [90m   |[39m [31m^[39m
    [90m  6|[39m
    [90m  7|[39m [35minterface[39m [33mEventSlotAvailabilityRequest[39m {

[31m[1mCaused by: Caused by: Error[22m: Missing environment variable: one of VITE_SUPABASE_URL, NEXT_PUBLIC_SUPABASE_URL[39m
[36m [2m❯[22m requiredAny src/config/env.ts:[2m9:9[22m[39m
[90m [2m❯[22m src/config/env.ts:[2m13:16[22m[39m

[31m[2m⎯⎯⎯⎯⎯⎯⎯⎯⎯⎯⎯⎯⎯⎯⎯⎯⎯⎯⎯⎯⎯[38/151]⎯[22m[39m

[41m[1m FAIL [22m[49m src/hooks/domain/event-fields/queries/__tests__/usePublicEventFieldsQuery.test.ts[2m [ src/hooks/domain/event-fields/queries/__tests__/usePublicEventFieldsQuery.test.ts ][22m
[31m[1mError[22m: [vitest] There was an error when mocking a module. If you are using "vi.mock" factory, make sure there are no top level variables inside, since this call is hoisted to top of the file. Read more: https://vitest.dev/api/vi.html#vi-mock[39m
[36m [2m❯[22m src/hooks/domain/event-fields/queries/usePublicEventFieldsQuery.ts:[2m10:1[22m[39m
    [90m  8|[39m   [33mPublicEventFieldRow[39m[33m,[39m
    [90m  9|[39m } [35mfrom[39m [32m'@/lib/domain/event-fields'[39m[33m;[39m
    [90m 10|[39m [35mimport[39m { createEdgeFunctionCaller } [35mfrom[39m [32m'@/lib/infrastructure'[39m[33m;[39m
    [90m   |[39m [31m^[39m
    [90m 11|[39m
    [90m 12|[39m [35minterface[39m [33mGetPublicEventFieldsRequest[39m {

[31m[1mCaused by: Caused by: Error[22m: Missing environment variable: one of VITE_SUPABASE_URL, NEXT_PUBLIC_SUPABASE_URL[39m
[36m [2m❯[22m requiredAny src/config/env.ts:[2m9:9[22m[39m
[90m [2m❯[22m src/config/env.ts:[2m13:16[22m[39m

[31m[2m⎯⎯⎯⎯⎯⎯⎯⎯⎯⎯⎯⎯⎯⎯⎯⎯⎯⎯⎯⎯⎯[39/151]⎯[22m[39m

[41m[1m FAIL [22m[49m src/hooks/domain/events/mutations/__tests__/useArchiveEventMutation.test.ts[2m [ src/hooks/domain/events/mutations/__tests__/useArchiveEventMutation.test.ts ][22m
[31m[1mError[22m: [vitest] There was an error when mocking a module. If you are using "vi.mock" factory, make sure there are no top level variables inside, since this call is hoisted to top of the file. Read more: https://vitest.dev/api/vi.html#vi-mock[39m
[36m [2m❯[22m src/hooks/domain/events/mutations/useArchiveEventMutation.ts:[2m3:1[22m[39m
    [90m  1|[39m [35mimport[39m { useMutation[33m,[39m useQueryClient } [35mfrom[39m [32m'@tanstack/react-query'[39m[33m;[39m
    [90m  2|[39m
    [90m  3|[39m [35mimport[39m { writeAdminAuditLogSafely } [35mfrom[39m [32m'@/lib/domain/admin-audit'[39m[33m;[39m
    [90m   |[39m [31m^[39m
    [90m  4|[39m [35mimport[39m { supabase } [35mfrom[39m [32m'@/lib/infrastructure'[39m[33m;[39m
    [90m  5|[39m

[31m[1mCaused by: Caused by: Error[22m: [vitest] There was an error when mocking a module. If you are using "vi.mock" factory, make sure there are no top level variables inside, since this call is hoisted to top of the file. Read more: https://vitest.dev/api/vi.html#vi-mock[39m
[36m [2m❯[22m src/lib/domain/admin-audit/mutations.ts:[2m1:1[22m[39m

[31m[1mCaused by: Caused by: Error[22m: Missing environment variable: one of VITE_SUPABASE_URL, NEXT_PUBLIC_SUPABASE_URL[39m
[36m [2m❯[22m requiredAny src/config/env.ts:[2m9:9[22m[39m
[90m [2m❯[22m src/config/env.ts:[2m13:16[22m[39m

[31m[2m⎯⎯⎯⎯⎯⎯⎯⎯⎯⎯⎯⎯⎯⎯⎯⎯⎯⎯⎯⎯⎯[40/151]⎯[22m[39m

[41m[1m FAIL [22m[49m src/hooks/domain/events/mutations/__tests__/useCreateEventMutation.test.ts[2m [ src/hooks/domain/events/mutations/__tests__/useCreateEventMutation.test.ts ][22m
[31m[1mError[22m: [vitest] There was an error when mocking a module. If you are using "vi.mock" factory, make sure there are no top level variables inside, since this call is hoisted to top of the file. Read more: https://vitest.dev/api/vi.html#vi-mock[39m
[36m [2m❯[22m src/hooks/domain/events/mutations/useCreateEventMutation.ts:[2m3:1[22m[39m
    [90m  1|[39m [35mimport[39m { useMutation[33m,[39m useQueryClient } [35mfrom[39m [32m'@tanstack/react-query'[39m[33m;[39m
    [90m  2|[39m
    [90m  3|[39m [35mimport[39m { writeAdminAuditLogSafely } [35mfrom[39m [32m'@/lib/domain/admin-audit'[39m[33m;[39m
    [90m   |[39m [31m^[39m
    [90m  4|[39m [35mimport[39m type { [33mCreateEventInput[39m } [35mfrom[39m [32m'@/lib/domain/events'[39m[33m;[39m
    [90m  5|[39m import { mapPublicRegistrationAccessToEventFlags } from '@/lib/domain/…

[31m[1mCaused by: Caused by: Error[22m: [vitest] There was an error when mocking a module. If you are using "vi.mock" factory, make sure there are no top level variables inside, since this call is hoisted to top of the file. Read more: https://vitest.dev/api/vi.html#vi-mock[39m
[36m [2m❯[22m src/lib/domain/admin-audit/mutations.ts:[2m1:1[22m[39m

[31m[1mCaused by: Caused by: Error[22m: Missing environment variable: one of VITE_SUPABASE_URL, NEXT_PUBLIC_SUPABASE_URL[39m
[36m [2m❯[22m requiredAny src/config/env.ts:[2m9:9[22m[39m
[90m [2m❯[22m src/config/env.ts:[2m13:16[22m[39m

[31m[2m⎯⎯⎯⎯⎯⎯⎯⎯⎯⎯⎯⎯⎯⎯⎯⎯⎯⎯⎯⎯⎯[41/151]⎯[22m[39m

[41m[1m FAIL [22m[49m src/hooks/domain/events/mutations/__tests__/usePublishEventMutation.test.ts[2m [ src/hooks/domain/events/mutations/__tests__/usePublishEventMutation.test.ts ][22m
[31m[1mError[22m: [vitest] There was an error when mocking a module. If you are using "vi.mock" factory, make sure there are no top level variables inside, since this call is hoisted to top of the file. Read more: https://vitest.dev/api/vi.html#vi-mock[39m
[36m [2m❯[22m src/hooks/domain/events/mutations/usePublishEventMutation.ts:[2m3:1[22m[39m
    [90m  1|[39m [35mimport[39m { useMutation[33m,[39m useQueryClient } [35mfrom[39m [32m'@tanstack/react-query'[39m[33m;[39m
    [90m  2|[39m
    [90m  3|[39m [35mimport[39m { writeAdminAuditLogSafely } [35mfrom[39m [32m'@/lib/domain/admin-audit'[39m[33m;[39m
    [90m   |[39m [31m^[39m
    [90m  4|[39m [35mimport[39m { publishEventSchema } [35mfrom[39m [32m'@/lib/domain/events'[39m[33m;[39m
    [90m  5|[39m [35mimport[39m { supabase } [35mfrom[39m [32m'@/lib/infrastructure'[39m[33m;[39m

[31m[1mCaused by: Caused by: Error[22m: [vitest] There was an error when mocking a module. If you are using "vi.mock" factory, make sure there are no top level variables inside, since this call is hoisted to top of the file. Read more: https://vitest.dev/api/vi.html#vi-mock[39m
[36m [2m❯[22m src/lib/domain/admin-audit/mutations.ts:[2m1:1[22m[39m

[31m[1mCaused by: Caused by: Error[22m: Missing environment variable: one of VITE_SUPABASE_URL, NEXT_PUBLIC_SUPABASE_URL[39m
[36m [2m❯[22m requiredAny src/config/env.ts:[2m9:9[22m[39m
[90m [2m❯[22m src/config/env.ts:[2m13:16[22m[39m

[31m[2m⎯⎯⎯⎯⎯⎯⎯⎯⎯⎯⎯⎯⎯⎯⎯⎯⎯⎯⎯⎯⎯[42/151]⎯[22m[39m

[41m[1m FAIL [22m[49m src/hooks/domain/events/mutations/__tests__/useRestoreEventToDraftMutation.test.ts[2m [ src/hooks/domain/events/mutations/__tests__/useRestoreEventToDraftMutation.test.ts ][22m
[31m[1mError[22m: [vitest] There was an error when mocking a module. If you are using "vi.mock" factory, make sure there are no top level variables inside, since this call is hoisted to top of the file. Read more: https://vitest.dev/api/vi.html#vi-mock[39m
[36m [2m❯[22m src/hooks/domain/events/mutations/useRestoreEventToDraftMutation.ts:[2m3:1[22m[39m
    [90m  1|[39m [35mimport[39m { useMutation[33m,[39m useQueryClient } [35mfrom[39m [32m'@tanstack/react-query'[39m[33m;[39m
    [90m  2|[39m
    [90m  3|[39m [35mimport[39m { writeAdminAuditLogSafely } [35mfrom[39m [32m'@/lib/domain/admin-audit'[39m[33m;[39m
    [90m   |[39m [31m^[39m
    [90m  4|[39m [35mimport[39m { supabase } [35mfrom[39m [32m'@/lib/infrastructure'[39m[33m;[39m
    [90m  5|[39m

[31m[1mCaused by: Caused by: Error[22m: [vitest] There was an error when mocking a module. If you are using "vi.mock" factory, make sure there are no top level variables inside, since this call is hoisted to top of the file. Read more: https://vitest.dev/api/vi.html#vi-mock[39m
[36m [2m❯[22m src/lib/domain/admin-audit/mutations.ts:[2m1:1[22m[39m

[31m[1mCaused by: Caused by: Error[22m: Missing environment variable: one of VITE_SUPABASE_URL, NEXT_PUBLIC_SUPABASE_URL[39m
[36m [2m❯[22m requiredAny src/config/env.ts:[2m9:9[22m[39m
[90m [2m❯[22m src/config/env.ts:[2m13:16[22m[39m

[31m[2m⎯⎯⎯⎯⎯⎯⎯⎯⎯⎯⎯⎯⎯⎯⎯⎯⎯⎯⎯⎯⎯[43/151]⎯[22m[39m

[41m[1m FAIL [22m[49m src/hooks/domain/events/mutations/__tests__/useUpdateEventMutation.test.ts[2m [ src/hooks/domain/events/mutations/__tests__/useUpdateEventMutation.test.ts ][22m
[31m[1mError[22m: [vitest] There was an error when mocking a module. If you are using "vi.mock" factory, make sure there are no top level variables inside, since this call is hoisted to top of the file. Read more: https://vitest.dev/api/vi.html#vi-mock[39m
[36m [2m❯[22m src/hooks/domain/events/mutations/useUpdateEventMutation.ts:[2m3:1[22m[39m
    [90m  1|[39m [35mimport[39m { useMutation[33m,[39m useQueryClient } [35mfrom[39m [32m'@tanstack/react-query'[39m[33m;[39m
    [90m  2|[39m
    [90m  3|[39m [35mimport[39m { writeAdminAuditLogSafely } [35mfrom[39m [32m'@/lib/domain/admin-audit'[39m[33m;[39m
    [90m   |[39m [31m^[39m
    [90m  4|[39m [35mimport[39m type { [33mUpdateEventInput[39m } [35mfrom[39m [32m'@/lib/domain/events'[39m[33m;[39m
    [90m  5|[39m import { mapPublicRegistrationAccessToEventFlags } from '@/lib/domain/…

[31m[1mCaused by: Caused by: Error[22m: [vitest] There was an error when mocking a module. If you are using "vi.mock" factory, make sure there are no top level variables inside, since this call is hoisted to top of the file. Read more: https://vitest.dev/api/vi.html#vi-mock[39m
[36m [2m❯[22m src/lib/domain/admin-audit/mutations.ts:[2m1:1[22m[39m

[31m[1mCaused by: Caused by: Error[22m: Missing environment variable: one of VITE_SUPABASE_URL, NEXT_PUBLIC_SUPABASE_URL[39m
[36m [2m❯[22m requiredAny src/config/env.ts:[2m9:9[22m[39m
[90m [2m❯[22m src/config/env.ts:[2m13:16[22m[39m

[31m[2m⎯⎯⎯⎯⎯⎯⎯⎯⎯⎯⎯⎯⎯⎯⎯⎯⎯⎯⎯⎯⎯[44/151]⎯[22m[39m

[41m[1m FAIL [22m[49m src/hooks/domain/events/queries/__tests__/useAdminEventQuery.test.ts[2m [ src/hooks/domain/events/queries/__tests__/useAdminEventQuery.test.ts ][22m
[31m[1mError[22m: [vitest] There was an error when mocking a module. If you are using "vi.mock" factory, make sure there are no top level variables inside, since this call is hoisted to top of the file. Read more: https://vitest.dev/api/vi.html#vi-mock[39m
[36m [2m❯[22m src/hooks/domain/events/queries/useAdminEventQuery.ts:[2m4:1[22m[39m
    [90m  2|[39m
    [90m  3|[39m [35mimport[39m type { [33mAdminEvent[39m } [35mfrom[39m [32m'@/lib/domain/events'[39m[33m;[39m
    [90m  4|[39m [35mimport[39m { supabase } [35mfrom[39m [32m'@/lib/infrastructure'[39m[33m;[39m
    [90m   |[39m [31m^[39m
    [90m  5|[39m
    [90m  6|[39m export const adminEventQueryKey = (id: string) => ['admin-event', id] …

[31m[1mCaused by: Caused by: Error[22m: Missing environment variable: one of VITE_SUPABASE_URL, NEXT_PUBLIC_SUPABASE_URL[39m
[36m [2m❯[22m requiredAny src/config/env.ts:[2m9:9[22m[39m
[90m [2m❯[22m src/config/env.ts:[2m13:16[22m[39m

[31m[2m⎯⎯⎯⎯⎯⎯⎯⎯⎯⎯⎯⎯⎯⎯⎯⎯⎯⎯⎯⎯⎯[45/151]⎯[22m[39m

[41m[1m FAIL [22m[49m src/hooks/domain/events/queries/__tests__/useAdminEventsQuery.test.ts[2m [ src/hooks/domain/events/queries/__tests__/useAdminEventsQuery.test.ts ][22m
[31m[1mError[22m: [vitest] There was an error when mocking a module. If you are using "vi.mock" factory, make sure there are no top level variables inside, since this call is hoisted to top of the file. Read more: https://vitest.dev/api/vi.html#vi-mock[39m
[36m [2m❯[22m src/hooks/domain/events/queries/useAdminEventsQuery.ts:[2m5:1[22m[39m
    [90m  3|[39m import { PAGINATION_DEFAULTS, QUERY_STALE_TIME_MS } from '@/config/con…
    [90m  4|[39m [35mimport[39m type { [33mAdminEvent[39m } [35mfrom[39m [32m'@/lib/domain/events'[39m[33m;[39m
    [90m  5|[39m import { decodeOffsetCursor, getTotalPages, supabase } from '@/lib/inf…
    [90m   |[39m [31m^[39m
    [90m  6|[39m
    [90m  7|[39m [35mexport[39m [35mconst[39m [33mADMIN_EVENTS_QUERY_KEY[39m [33m=[39m [[32m'admin-events'[39m] [35mas[39m [35mconst[39m[33m;[39m

[31m[1mCaused by: Caused by: Error[22m: Missing environment variable: one of VITE_SUPABASE_URL, NEXT_PUBLIC_SUPABASE_URL[39m
[36m [2m❯[22m requiredAny src/config/env.ts:[2m9:9[22m[39m
[90m [2m❯[22m src/config/env.ts:[2m13:16[22m[39m

[31m[2m⎯⎯⎯⎯⎯⎯⎯⎯⎯⎯⎯⎯⎯⎯⎯⎯⎯⎯⎯⎯⎯[46/151]⎯[22m[39m

[41m[1m FAIL [22m[49m src/hooks/domain/events/queries/__tests__/usePublicEventListingQuery.test.ts[2m [ src/hooks/domain/events/queries/__tests__/usePublicEventListingQuery.test.ts ][22m
[31m[1mError[22m: [vitest] There was an error when mocking a module. If you are using "vi.mock" factory, make sure there are no top level variables inside, since this call is hoisted to top of the file. Read more: https://vitest.dev/api/vi.html#vi-mock[39m
[36m [2m❯[22m src/hooks/domain/events/queries/usePublicEventListingQuery.ts:[2m5:1[22m[39m
    [90m  3|[39m [35mimport[39m { [33mQUERY_KEYS[39m[33m,[39m [33mQUERY_STALE_TIME_MS[39m } [35mfrom[39m [32m'@/config/constants'[39m[33m;[39m
    [90m  4|[39m [35mimport[39m type { [33mPublicEventListingItem[39m } [35mfrom[39m [32m'@/lib/domain/events'[39m[33m;[39m
    [90m  5|[39m [35mimport[39m { createEdgeFunctionCaller } [35mfrom[39m [32m'@/lib/infrastructure'[39m[33m;[39m
    [90m   |[39m [31m^[39m
    [90m  6|[39m
    [90m  7|[39m [35minterface[39m [33mGetPublicEventListingResponse[39m {

[31m[1mCaused by: Caused by: Error[22m: Missing environment variable: one of VITE_SUPABASE_URL, NEXT_PUBLIC_SUPABASE_URL[39m
[36m [2m❯[22m requiredAny src/config/env.ts:[2m9:9[22m[39m
[90m [2m❯[22m src/config/env.ts:[2m13:16[22m[39m

[31m[2m⎯⎯⎯⎯⎯⎯⎯⎯⎯⎯⎯⎯⎯⎯⎯⎯⎯⎯⎯⎯⎯[47/151]⎯[22m[39m

[41m[1m FAIL [22m[49m src/hooks/domain/events/queries/__tests__/usePublicEventQuery.test.ts[2m [ src/hooks/domain/events/queries/__tests__/usePublicEventQuery.test.ts ][22m
[31m[1mError[22m: [vitest] There was an error when mocking a module. If you are using "vi.mock" factory, make sure there are no top level variables inside, since this call is hoisted to top of the file. Read more: https://vitest.dev/api/vi.html#vi-mock[39m
[36m [2m❯[22m src/hooks/domain/events/queries/usePublicEventQuery.ts:[2m5:1[22m[39m
    [90m  3|[39m [35mimport[39m { [33mQUERY_KEYS[39m[33m,[39m [33mQUERY_STALE_TIME_MS[39m } [35mfrom[39m [32m'@/config/constants'[39m[33m;[39m
    [90m  4|[39m import type { AdminEvent, EventAvailability } from '@/lib/domain/event…
    [90m  5|[39m [35mimport[39m { createEdgeFunctionCaller } [35mfrom[39m [32m'@/lib/infrastructure'[39m[33m;[39m
    [90m   |[39m [31m^[39m
    [90m  6|[39m
    [90m  7|[39m [35minterface[39m [33mGetPublicEventRequest[39m {

[31m[1mCaused by: Caused by: Error[22m: Missing environment variable: one of VITE_SUPABASE_URL, NEXT_PUBLIC_SUPABASE_URL[39m
[36m [2m❯[22m requiredAny src/config/env.ts:[2m9:9[22m[39m
[90m [2m❯[22m src/config/env.ts:[2m13:16[22m[39m

[31m[2m⎯⎯⎯⎯⎯⎯⎯⎯⎯⎯⎯⎯⎯⎯⎯⎯⎯⎯⎯⎯⎯[48/151]⎯[22m[39m

[41m[1m FAIL [22m[49m src/hooks/domain/forms/mutations/__tests__/useFormMutations.test.ts[2m [ src/hooks/domain/forms/mutations/__tests__/useFormMutations.test.ts ][22m
[31m[1mError[22m: [vitest] There was an error when mocking a module. If you are using "vi.mock" factory, make sure there are no top level variables inside, since this call is hoisted to top of the file. Read more: https://vitest.dev/api/vi.html#vi-mock[39m
[36m [2m❯[22m src/hooks/domain/forms/mutations/useFormMutations.ts:[2m4:1[22m[39m
    [90m  2|[39m
    [90m  3|[39m import type { AdminFormInput, FormFieldInput } from '@/lib/domain/form…
    [90m  4|[39m [35mimport[39m { supabase } [35mfrom[39m [32m'@/lib/infrastructure'[39m[33m;[39m
    [90m   |[39m [31m^[39m
    [90m  5|[39m
    [90m  6|[39m [35mimport[39m { adminFormQueryKey } [35mfrom[39m [32m'../queries/useAdminFormQuery'[39m[33m;[39m

[31m[1mCaused by: Caused by: Error[22m: Missing environment variable: one of VITE_SUPABASE_URL, NEXT_PUBLIC_SUPABASE_URL[39m
[36m [2m❯[22m requiredAny src/config/env.ts:[2m9:9[22m[39m
[90m [2m❯[22m src/config/env.ts:[2m13:16[22m[39m

[31m[2m⎯⎯⎯⎯⎯⎯⎯⎯⎯⎯⎯⎯⎯⎯⎯⎯⎯⎯⎯⎯⎯[49/151]⎯[22m[39m

[41m[1m FAIL [22m[49m src/hooks/domain/forms/queries/__tests__/useAdminFormQuery.test.ts[2m [ src/hooks/domain/forms/queries/__tests__/useAdminFormQuery.test.ts ][22m
[31m[1mError[22m: [vitest] There was an error when mocking a module. If you are using "vi.mock" factory, make sure there are no top level variables inside, since this call is hoisted to top of the file. Read more: https://vitest.dev/api/vi.html#vi-mock[39m
[36m [2m❯[22m src/hooks/domain/forms/queries/useAdminFormQuery.ts:[2m5:1[22m[39m
    [90m  3|[39m [35mimport[39m { [33mQUERY_STALE_TIME_MS[39m } [35mfrom[39m [32m'@/config/constants'[39m[33m;[39m
    [90m  4|[39m [35mimport[39m type { [33mAdminForm[39m } [35mfrom[39m [32m'@/lib/domain/forms'[39m[33m;[39m
    [90m  5|[39m [35mimport[39m { supabase } [35mfrom[39m [32m'@/lib/infrastructure'[39m[33m;[39m
    [90m   |[39m [31m^[39m
    [90m  6|[39m
    [90m  7|[39m [35mexport[39m [35mfunction[39m [34madminFormQueryKey[39m(formId[33m:[39m string) {

[31m[1mCaused by: Caused by: Error[22m: Missing environment variable: one of VITE_SUPABASE_URL, NEXT_PUBLIC_SUPABASE_URL[39m
[36m [2m❯[22m requiredAny src/config/env.ts:[2m9:9[22m[39m
[90m [2m❯[22m src/config/env.ts:[2m13:16[22m[39m

[31m[2m⎯⎯⎯⎯⎯⎯⎯⎯⎯⎯⎯⎯⎯⎯⎯⎯⎯⎯⎯⎯⎯[50/151]⎯[22m[39m

[41m[1m FAIL [22m[49m src/hooks/domain/forms/queries/__tests__/useAdminFormsQuery.test.ts[2m [ src/hooks/domain/forms/queries/__tests__/useAdminFormsQuery.test.ts ][22m
[31m[1mError[22m: [vitest] There was an error when mocking a module. If you are using "vi.mock" factory, make sure there are no top level variables inside, since this call is hoisted to top of the file. Read more: https://vitest.dev/api/vi.html#vi-mock[39m
[36m [2m❯[22m src/hooks/domain/forms/queries/useAdminFormsQuery.ts:[2m5:1[22m[39m
    [90m  3|[39m import { PAGINATION_DEFAULTS, QUERY_STALE_TIME_MS } from '@/config/con…
    [90m  4|[39m [35mimport[39m type { [33mAdminForm[39m } [35mfrom[39m [32m'@/lib/domain/forms'[39m[33m;[39m
    [90m  5|[39m import { decodeOffsetCursor, getTotalPages, supabase } from '@/lib/inf…
    [90m   |[39m [31m^[39m
    [90m  6|[39m
    [90m  7|[39m [35mexport[39m [35mconst[39m [33mADMIN_FORMS_QUERY_KEY[39m [33m=[39m [[32m'admin-forms'[39m] [35mas[39m [35mconst[39m[33m;[39m

[31m[1mCaused by: Caused by: Error[22m: Missing environment variable: one of VITE_SUPABASE_URL, NEXT_PUBLIC_SUPABASE_URL[39m
[36m [2m❯[22m requiredAny src/config/env.ts:[2m9:9[22m[39m
[90m [2m❯[22m src/config/env.ts:[2m13:16[22m[39m

[31m[2m⎯⎯⎯⎯⎯⎯⎯⎯⎯⎯⎯⎯⎯⎯⎯⎯⎯⎯⎯⎯⎯[51/151]⎯[22m[39m

[41m[1m FAIL [22m[49m src/hooks/domain/forms/queries/__tests__/useFormBySlugQuery.test.ts[2m [ src/hooks/domain/forms/queries/__tests__/useFormBySlugQuery.test.ts ][22m
[31m[1mError[22m: [vitest] There was an error when mocking a module. If you are using "vi.mock" factory, make sure there are no top level variables inside, since this call is hoisted to top of the file. Read more: https://vitest.dev/api/vi.html#vi-mock[39m
[36m [2m❯[22m src/hooks/domain/forms/queries/useFormBySlugQuery.ts:[2m5:1[22m[39m
    [90m  3|[39m [35mimport[39m { [33mQUERY_STALE_TIME_MS[39m } [35mfrom[39m [32m'@/config/constants'[39m[33m;[39m
    [90m  4|[39m [35mimport[39m type { [33mAdminForm[39m } [35mfrom[39m [32m'@/lib/domain/forms'[39m[33m;[39m
    [90m  5|[39m [35mimport[39m { createEdgeFunctionCaller } [35mfrom[39m [32m'@/lib/infrastructure'[39m[33m;[39m
    [90m   |[39m [31m^[39m
    [90m  6|[39m
    [90m  7|[39m [35mexport[39m [35mfunction[39m [34mformBySlugQueryKey[39m(slug[33m:[39m string) {

[31m[1mCaused by: Caused by: Error[22m: Missing environment variable: one of VITE_SUPABASE_URL, NEXT_PUBLIC_SUPABASE_URL[39m
[36m [2m❯[22m requiredAny src/config/env.ts:[2m9:9[22m[39m
[90m [2m❯[22m src/config/env.ts:[2m13:16[22m[39m

[31m[2m⎯⎯⎯⎯⎯⎯⎯⎯⎯⎯⎯⎯⎯⎯⎯⎯⎯⎯⎯⎯⎯[52/151]⎯[22m[39m

[41m[1m FAIL [22m[49m src/hooks/domain/forms/queries/__tests__/useFormFieldsQuery.test.ts[2m [ src/hooks/domain/forms/queries/__tests__/useFormFieldsQuery.test.ts ][22m
[31m[1mError[22m: [vitest] There was an error when mocking a module. If you are using "vi.mock" factory, make sure there are no top level variables inside, since this call is hoisted to top of the file. Read more: https://vitest.dev/api/vi.html#vi-mock[39m
[36m [2m❯[22m src/hooks/domain/forms/queries/useFormFieldsQuery.ts:[2m5:1[22m[39m
    [90m  3|[39m [35mimport[39m { [33mQUERY_STALE_TIME_MS[39m } [35mfrom[39m [32m'@/config/constants'[39m[33m;[39m
    [90m  4|[39m [35mimport[39m type { [33mFormField[39m } [35mfrom[39m [32m'@/lib/domain/forms'[39m[33m;[39m
    [90m  5|[39m [35mimport[39m { supabase } [35mfrom[39m [32m'@/lib/infrastructure'[39m[33m;[39m
    [90m   |[39m [31m^[39m
    [90m  6|[39m
    [90m  7|[39m export function formFieldsQueryKey(formId: string, includeInactive = f…

[31m[1mCaused by: Caused by: Error[22m: Missing environment variable: one of VITE_SUPABASE_URL, NEXT_PUBLIC_SUPABASE_URL[39m
[36m [2m❯[22m requiredAny src/config/env.ts:[2m9:9[22m[39m
[90m [2m❯[22m src/config/env.ts:[2m13:16[22m[39m

[31m[2m⎯⎯⎯⎯⎯⎯⎯⎯⎯⎯⎯⎯⎯⎯⎯⎯⎯⎯⎯⎯⎯[53/151]⎯[22m[39m

[41m[1m FAIL [22m[49m src/hooks/domain/forms/queries/__tests__/useFormSubmissionsQuery.test.ts[2m [ src/hooks/domain/forms/queries/__tests__/useFormSubmissionsQuery.test.ts ][22m
[31m[1mError[22m: [vitest] There was an error when mocking a module. If you are using "vi.mock" factory, make sure there are no top level variables inside, since this call is hoisted to top of the file. Read more: https://vitest.dev/api/vi.html#vi-mock[39m
[36m [2m❯[22m src/hooks/domain/forms/queries/useFormSubmissionsQuery.ts:[2m5:1[22m[39m
    [90m  3|[39m [35mimport[39m { [33mQUERY_STALE_TIME_MS[39m } [35mfrom[39m [32m'@/config/constants'[39m[33m;[39m
    [90m  4|[39m [35mimport[39m type { [33mFormSubmission[39m } [35mfrom[39m [32m'@/lib/domain/forms'[39m[33m;[39m
    [90m  5|[39m [35mimport[39m { supabase } [35mfrom[39m [32m'@/lib/infrastructure'[39m[33m;[39m
    [90m   |[39m [31m^[39m
    [90m  6|[39m
    [90m  7|[39m [35mexport[39m [35mfunction[39m [34mformSubmissionsQueryKey[39m(formId[33m:[39m string) {

[31m[1mCaused by: Caused by: Error[22m: Missing environment variable: one of VITE_SUPABASE_URL, NEXT_PUBLIC_SUPABASE_URL[39m
[36m [2m❯[22m requiredAny src/config/env.ts:[2m9:9[22m[39m
[90m [2m❯[22m src/config/env.ts:[2m13:16[22m[39m

[31m[2m⎯⎯⎯⎯⎯⎯⎯⎯⎯⎯⎯⎯⎯⎯⎯⎯⎯⎯⎯⎯⎯[54/151]⎯[22m[39m

[41m[1m FAIL [22m[49m src/hooks/domain/forms/queries/__tests__/usePublicFormFieldsQuery.test.ts[2m [ src/hooks/domain/forms/queries/__tests__/usePublicFormFieldsQuery.test.ts ][22m
[31m[1mError[22m: [vitest] There was an error when mocking a module. If you are using "vi.mock" factory, make sure there are no top level variables inside, since this call is hoisted to top of the file. Read more: https://vitest.dev/api/vi.html#vi-mock[39m
[36m [2m❯[22m src/hooks/domain/forms/queries/usePublicFormFieldsQuery.ts:[2m5:1[22m[39m
    [90m  3|[39m [35mimport[39m { [33mQUERY_STALE_TIME_MS[39m } [35mfrom[39m [32m'@/config/constants'[39m[33m;[39m
    [90m  4|[39m [35mimport[39m type { [33mFormField[39m } [35mfrom[39m [32m'@/lib/domain/forms'[39m[33m;[39m
    [90m  5|[39m [35mimport[39m { createEdgeFunctionCaller } [35mfrom[39m [32m'@/lib/infrastructure'[39m[33m;[39m
    [90m   |[39m [31m^[39m
    [90m  6|[39m
    [90m  7|[39m [35minterface[39m [33mGetPublicFormFieldsRequest[39m {

[31m[1mCaused by: Caused by: Error[22m: Missing environment variable: one of VITE_SUPABASE_URL, NEXT_PUBLIC_SUPABASE_URL[39m
[36m [2m❯[22m requiredAny src/config/env.ts:[2m9:9[22m[39m
[90m [2m❯[22m src/config/env.ts:[2m13:16[22m[39m

[31m[2m⎯⎯⎯⎯⎯⎯⎯⎯⎯⎯⎯⎯⎯⎯⎯⎯⎯⎯⎯⎯⎯[55/151]⎯[22m[39m

[41m[1m FAIL [22m[49m src/hooks/domain/forms/queries/__tests__/usePublicFormsQuery.test.ts[2m [ src/hooks/domain/forms/queries/__tests__/usePublicFormsQuery.test.ts ][22m
[31m[1mError[22m: [vitest] There was an error when mocking a module. If you are using "vi.mock" factory, make sure there are no top level variables inside, since this call is hoisted to top of the file. Read more: https://vitest.dev/api/vi.html#vi-mock[39m
[36m [2m❯[22m src/hooks/domain/forms/queries/usePublicFormsQuery.ts:[2m5:1[22m[39m
    [90m  3|[39m [35mimport[39m { [33mQUERY_STALE_TIME_MS[39m } [35mfrom[39m [32m'@/config/constants'[39m[33m;[39m
    [90m  4|[39m [35mimport[39m type { [33mAdminForm[39m } [35mfrom[39m [32m'@/lib/domain/forms'[39m[33m;[39m
    [90m  5|[39m [35mimport[39m { createEdgeFunctionCaller } [35mfrom[39m [32m'@/lib/infrastructure'[39m[33m;[39m
    [90m   |[39m [31m^[39m
    [90m  6|[39m
    [90m  7|[39m [35mexport[39m [35mconst[39m [33mPUBLIC_FORMS_QUERY_KEY[39m [33m=[39m [[32m'public-forms'[39m] [35mas[39m [35mconst[39m[33m;[39m

[31m[1mCaused by: Caused by: Error[22m: Missing environment variable: one of VITE_SUPABASE_URL, NEXT_PUBLIC_SUPABASE_URL[39m
[36m [2m❯[22m requiredAny src/config/env.ts:[2m9:9[22m[39m
[90m [2m❯[22m src/config/env.ts:[2m13:16[22m[39m

[31m[2m⎯⎯⎯⎯⎯⎯⎯⎯⎯⎯⎯⎯⎯⎯⎯⎯⎯⎯⎯⎯⎯[56/151]⎯[22m[39m

[41m[1m FAIL [22m[49m src/hooks/domain/members/mutations/__tests__/useBulkUpsertMembersMutation.test.ts[2m [ src/hooks/domain/members/mutations/__tests__/useBulkUpsertMembersMutation.test.ts ][22m
[31m[1mError[22m: [vitest] There was an error when mocking a module. If you are using "vi.mock" factory, make sure there are no top level variables inside, since this call is hoisted to top of the file. Read more: https://vitest.dev/api/vi.html#vi-mock[39m
[36m [2m❯[22m src/hooks/domain/members/mutations/useBulkUpsertMembersMutation.ts:[2m4:1[22m[39m
    [90m  2|[39m
    [90m  3|[39m [35mimport[39m { type [33mMemberCsvPreparedRowInput[39m } [35mfrom[39m [32m'@/lib/domain/members'[39m[33m;[39m
    [90m  4|[39m [35mimport[39m { createEdgeFunctionCaller } [35mfrom[39m [32m'@/lib/infrastructure'[39m[33m;[39m
    [90m   |[39m [31m^[39m
    [90m  5|[39m
    [90m  6|[39m import { ADMIN_MEMBERS_IMPORT_SNAPSHOT_QUERY_KEY } from '../queries/us…

[31m[1mCaused by: Caused by: Error[22m: Missing environment variable: one of VITE_SUPABASE_URL, NEXT_PUBLIC_SUPABASE_URL[39m
[36m [2m❯[22m requiredAny src/config/env.ts:[2m9:9[22m[39m
[90m [2m❯[22m src/config/env.ts:[2m13:16[22m[39m

[31m[2m⎯⎯⎯⎯⎯⎯⎯⎯⎯⎯⎯⎯⎯⎯⎯⎯⎯⎯⎯⎯⎯[57/151]⎯[22m[39m

[41m[1m FAIL [22m[49m src/hooks/domain/members/mutations/__tests__/useCreateMemberMutation.test.ts[2m [ src/hooks/domain/members/mutations/__tests__/useCreateMemberMutation.test.ts ][22m
[31m[1mError[22m: [vitest] There was an error when mocking a module. If you are using "vi.mock" factory, make sure there are no top level variables inside, since this call is hoisted to top of the file. Read more: https://vitest.dev/api/vi.html#vi-mock[39m
[36m [2m❯[22m src/hooks/domain/members/mutations/useCreateMemberMutation.ts:[2m4:1[22m[39m
    [90m  2|[39m
    [90m  3|[39m [35mimport[39m type { [33mCreateMemberInput[39m } [35mfrom[39m [32m'@/lib/domain/members'[39m[33m;[39m
    [90m  4|[39m [35mimport[39m { createEdgeFunctionCaller } [35mfrom[39m [32m'@/lib/infrastructure'[39m[33m;[39m
    [90m   |[39m [31m^[39m
    [90m  5|[39m
    [90m  6|[39m import { ADMIN_MEMBERS_QUERY_KEY } from '../queries/useAdminMembersQue…

[31m[1mCaused by: Caused by: Error[22m: Missing environment variable: one of VITE_SUPABASE_URL, NEXT_PUBLIC_SUPABASE_URL[39m
[36m [2m❯[22m requiredAny src/config/env.ts:[2m9:9[22m[39m
[90m [2m❯[22m src/config/env.ts:[2m13:16[22m[39m

[31m[2m⎯⎯⎯⎯⎯⎯⎯⎯⎯⎯⎯⎯⎯⎯⎯⎯⎯⎯⎯⎯⎯[58/151]⎯[22m[39m

[41m[1m FAIL [22m[49m src/hooks/domain/members/mutations/__tests__/useRestoreMemberMutation.test.ts[2m [ src/hooks/domain/members/mutations/__tests__/useRestoreMemberMutation.test.ts ][22m
[31m[1mError[22m: [vitest] There was an error when mocking a module. If you are using "vi.mock" factory, make sure there are no top level variables inside, since this call is hoisted to top of the file. Read more: https://vitest.dev/api/vi.html#vi-mock[39m
[36m [2m❯[22m src/hooks/domain/members/mutations/useRestoreMemberMutation.ts:[2m3:1[22m[39m
    [90m  1|[39m [35mimport[39m { useMutation[33m,[39m useQueryClient } [35mfrom[39m [32m'@tanstack/react-query'[39m[33m;[39m
    [90m  2|[39m
    [90m  3|[39m [35mimport[39m { supabase } [35mfrom[39m [32m'@/lib/infrastructure'[39m[33m;[39m
    [90m   |[39m [31m^[39m
    [90m  4|[39m
    [90m  5|[39m import { ADMIN_MEMBER_QUERY_KEY } from '../queries/useAdminMemberQuery…

[31m[1mCaused by: Caused by: Error[22m: Missing environment variable: one of VITE_SUPABASE_URL, NEXT_PUBLIC_SUPABASE_URL[39m
[36m [2m❯[22m requiredAny src/config/env.ts:[2m9:9[22m[39m
[90m [2m❯[22m src/config/env.ts:[2m13:16[22m[39m

[31m[2m⎯⎯⎯⎯⎯⎯⎯⎯⎯⎯⎯⎯⎯⎯⎯⎯⎯⎯⎯⎯⎯[59/151]⎯[22m[39m

[41m[1m FAIL [22m[49m src/hooks/domain/members/mutations/__tests__/useSoftDeleteMemberMutation.test.ts[2m [ src/hooks/domain/members/mutations/__tests__/useSoftDeleteMemberMutation.test.ts ][22m
[31m[1mError[22m: [vitest] There was an error when mocking a module. If you are using "vi.mock" factory, make sure there are no top level variables inside, since this call is hoisted to top of the file. Read more: https://vitest.dev/api/vi.html#vi-mock[39m
[36m [2m❯[22m src/hooks/domain/members/mutations/useSoftDeleteMemberMutation.ts:[2m3:1[22m[39m
    [90m  1|[39m [35mimport[39m { useMutation[33m,[39m useQueryClient } [35mfrom[39m [32m'@tanstack/react-query'[39m[33m;[39m
    [90m  2|[39m
    [90m  3|[39m [35mimport[39m { supabase } [35mfrom[39m [32m'@/lib/infrastructure'[39m[33m;[39m
    [90m   |[39m [31m^[39m
    [90m  4|[39m
    [90m  5|[39m import { ADMIN_MEMBER_QUERY_KEY } from '../queries/useAdminMemberQuery…

[31m[1mCaused by: Caused by: Error[22m: Missing environment variable: one of VITE_SUPABASE_URL, NEXT_PUBLIC_SUPABASE_URL[39m
[36m [2m❯[22m requiredAny src/config/env.ts:[2m9:9[22m[39m
[90m [2m❯[22m src/config/env.ts:[2m13:16[22m[39m

[31m[2m⎯⎯⎯⎯⎯⎯⎯⎯⎯⎯⎯⎯⎯⎯⎯⎯⎯⎯⎯⎯⎯[60/151]⎯[22m[39m

[41m[1m FAIL [22m[49m src/hooks/domain/members/mutations/__tests__/useUpdateMemberIdMutation.test.ts[2m [ src/hooks/domain/members/mutations/__tests__/useUpdateMemberIdMutation.test.ts ][22m
[31m[1mError[22m: [vitest] There was an error when mocking a module. If you are using "vi.mock" factory, make sure there are no top level variables inside, since this call is hoisted to top of the file. Read more: https://vitest.dev/api/vi.html#vi-mock[39m
[36m [2m❯[22m src/hooks/domain/members/mutations/useUpdateMemberIdMutation.ts:[2m3:1[22m[39m
    [90m  1|[39m [35mimport[39m { useMutation[33m,[39m useQueryClient } [35mfrom[39m [32m'@tanstack/react-query'[39m[33m;[39m
    [90m  2|[39m
    [90m  3|[39m [35mimport[39m { createEdgeFunctionCaller } [35mfrom[39m [32m'@/lib/infrastructure'[39m[33m;[39m
    [90m   |[39m [31m^[39m
    [90m  4|[39m
    [90m  5|[39m import { ADMIN_MEMBER_QUERY_KEY } from '../queries/useAdminMemberQuery…

[31m[1mCaused by: Caused by: Error[22m: Missing environment variable: one of VITE_SUPABASE_URL, NEXT_PUBLIC_SUPABASE_URL[39m
[36m [2m❯[22m requiredAny src/config/env.ts:[2m9:9[22m[39m
[90m [2m❯[22m src/config/env.ts:[2m13:16[22m[39m

[31m[2m⎯⎯⎯⎯⎯⎯⎯⎯⎯⎯⎯⎯⎯⎯⎯⎯⎯⎯⎯⎯⎯[61/151]⎯[22m[39m

[41m[1m FAIL [22m[49m src/hooks/domain/members/mutations/__tests__/useUpdateMemberMutation.test.ts[2m [ src/hooks/domain/members/mutations/__tests__/useUpdateMemberMutation.test.ts ][22m
[31m[1mError[22m: [vitest] There was an error when mocking a module. If you are using "vi.mock" factory, make sure there are no top level variables inside, since this call is hoisted to top of the file. Read more: https://vitest.dev/api/vi.html#vi-mock[39m
[36m [2m❯[22m src/hooks/domain/members/mutations/useUpdateMemberMutation.ts:[2m4:1[22m[39m
    [90m  2|[39m
    [90m  3|[39m [35mimport[39m type { [33mUpdateMemberInput[39m } [35mfrom[39m [32m'@/lib/domain/members'[39m[33m;[39m
    [90m  4|[39m [35mimport[39m { supabase } [35mfrom[39m [32m'@/lib/infrastructure'[39m[33m;[39m
    [90m   |[39m [31m^[39m
    [90m  5|[39m
    [90m  6|[39m import { ADMIN_MEMBER_QUERY_KEY } from '../queries/useAdminMemberQuery…

[31m[1mCaused by: Caused by: Error[22m: Missing environment variable: one of VITE_SUPABASE_URL, NEXT_PUBLIC_SUPABASE_URL[39m
[36m [2m❯[22m requiredAny src/config/env.ts:[2m9:9[22m[39m
[90m [2m❯[22m src/config/env.ts:[2m13:16[22m[39m

[31m[2m⎯⎯⎯⎯⎯⎯⎯⎯⎯⎯⎯⎯⎯⎯⎯⎯⎯⎯⎯⎯⎯[62/151]⎯[22m[39m

[41m[1m FAIL [22m[49m src/hooks/domain/members/queries/__tests__/useAdminMemberQuery.test.ts[2m [ src/hooks/domain/members/queries/__tests__/useAdminMemberQuery.test.ts ][22m
[31m[1mError[22m: [vitest] There was an error when mocking a module. If you are using "vi.mock" factory, make sure there are no top level variables inside, since this call is hoisted to top of the file. Read more: https://vitest.dev/api/vi.html#vi-mock[39m
[36m [2m❯[22m src/hooks/domain/members/queries/useAdminMemberQuery.ts:[2m4:1[22m[39m
    [90m  2|[39m
    [90m  3|[39m [35mimport[39m type { [33mAdminMember[39m } [35mfrom[39m [32m'@/lib/domain/members'[39m[33m;[39m
    [90m  4|[39m [35mimport[39m { supabase } [35mfrom[39m [32m'@/lib/infrastructure'[39m[33m;[39m
    [90m   |[39m [31m^[39m
    [90m  5|[39m
    [90m  6|[39m [35mfunction[39m [34mreadMetadataString[39m(value[33m:[39m unknown)[33m:[39m string {

[31m[1mCaused by: Caused by: Error[22m: Missing environment variable: one of VITE_SUPABASE_URL, NEXT_PUBLIC_SUPABASE_URL[39m
[36m [2m❯[22m requiredAny src/config/env.ts:[2m9:9[22m[39m
[90m [2m❯[22m src/config/env.ts:[2m13:16[22m[39m

[31m[2m⎯⎯⎯⎯⎯⎯⎯⎯⎯⎯⎯⎯⎯⎯⎯⎯⎯⎯⎯⎯⎯[63/151]⎯[22m[39m

[41m[1m FAIL [22m[49m src/hooks/domain/members/queries/__tests__/useAdminMembersImportSnapshotQuery.test.ts[2m [ src/hooks/domain/members/queries/__tests__/useAdminMembersImportSnapshotQuery.test.ts ][22m
[31m[1mError[22m: [vitest] There was an error when mocking a module. If you are using "vi.mock" factory, make sure there are no top level variables inside, since this call is hoisted to top of the file. Read more: https://vitest.dev/api/vi.html#vi-mock[39m
[36m [2m❯[22m src/hooks/domain/members/queries/useAdminMembersImportSnapshotQuery.ts:[2m4:1[22m[39m
    [90m  2|[39m
    [90m  3|[39m [35mimport[39m { [33mQUERY_STALE_TIME_MS[39m } [35mfrom[39m [32m'@/config/constants'[39m[33m;[39m
    [90m  4|[39m [35mimport[39m { supabase } [35mfrom[39m [32m'@/lib/infrastructure'[39m[33m;[39m
    [90m   |[39m [31m^[39m
    [90m  5|[39m
    [90m  6|[39m [35mexport[39m [35minterface[39m [33mAdminMembersImportSnapshotMember[39m {

[31m[1mCaused by: Caused by: Error[22m: Missing environment variable: one of VITE_SUPABASE_URL, NEXT_PUBLIC_SUPABASE_URL[39m
[36m [2m❯[22m requiredAny src/config/env.ts:[2m9:9[22m[39m
[90m [2m❯[22m src/config/env.ts:[2m13:16[22m[39m

[31m[2m⎯⎯⎯⎯⎯⎯⎯⎯⎯⎯⎯⎯⎯⎯⎯⎯⎯⎯⎯⎯⎯[64/151]⎯[22m[39m

[41m[1m FAIL [22m[49m src/hooks/domain/members/queries/__tests__/useAdminMembersMilestonesQuery.test.ts[2m [ src/hooks/domain/members/queries/__tests__/useAdminMembersMilestonesQuery.test.ts ][22m
[31m[1mError[22m: [vitest] There was an error when mocking a module. If you are using "vi.mock" factory, make sure there are no top level variables inside, since this call is hoisted to top of the file. Read more: https://vitest.dev/api/vi.html#vi-mock[39m
[36m [2m❯[22m src/hooks/domain/members/queries/useAdminMembersMilestonesQuery.ts:[2m5:1[22m[39m
    [90m  3|[39m [35mimport[39m { [33mQUERY_STALE_TIME_MS[39m } [35mfrom[39m [32m'@/config/constants'[39m[33m;[39m
    [90m  4|[39m [35mimport[39m type { [33mAdminMember[39m } [35mfrom[39m [32m'@/lib/domain/members'[39m[33m;[39m
    [90m  5|[39m [35mimport[39m { supabase } [35mfrom[39m [32m'@/lib/infrastructure'[39m[33m;[39m
    [90m   |[39m [31m^[39m
    [90m  6|[39m
    [90m  7|[39m [35mfunction[39m [34mreadMetadataString[39m(value[33m:[39m unknown)[33m:[39m string {

[31m[1mCaused by: Caused by: Error[22m: Missing environment variable: one of VITE_SUPABASE_URL, NEXT_PUBLIC_SUPABASE_URL[39m
[36m [2m❯[22m requiredAny src/config/env.ts:[2m9:9[22m[39m
[90m [2m❯[22m src/config/env.ts:[2m13:16[22m[39m

[31m[2m⎯⎯⎯⎯⎯⎯⎯⎯⎯⎯⎯⎯⎯⎯⎯⎯⎯⎯⎯⎯⎯[65/151]⎯[22m[39m

[41m[1m FAIL [22m[49m src/hooks/domain/members/queries/__tests__/useAdminMembersQuery.test.ts[2m [ src/hooks/domain/members/queries/__tests__/useAdminMembersQuery.test.ts ][22m
[31m[1mError[22m: [vitest] There was an error when mocking a module. If you are using "vi.mock" factory, make sure there are no top level variables inside, since this call is hoisted to top of the file. Read more: https://vitest.dev/api/vi.html#vi-mock[39m
[36m [2m❯[22m src/hooks/domain/members/queries/useAdminMembersQuery.ts:[2m5:1[22m[39m
    [90m  3|[39m import { PAGINATION_DEFAULTS, QUERY_STALE_TIME_MS } from '@/config/con…
    [90m  4|[39m [35mimport[39m type { [33mAdminMember[39m } [35mfrom[39m [32m'@/lib/domain/members'[39m[33m;[39m
    [90m  5|[39m import { decodeOffsetCursor, getTotalPages, supabase } from '@/lib/inf…
    [90m   |[39m [31m^[39m
    [90m  6|[39m
    [90m  7|[39m [35mfunction[39m [34mreadMetadataString[39m(value[33m:[39m unknown)[33m:[39m string {

[31m[1mCaused by: Caused by: Error[22m: Missing environment variable: one of VITE_SUPABASE_URL, NEXT_PUBLIC_SUPABASE_URL[39m
[36m [2m❯[22m requiredAny src/config/env.ts:[2m9:9[22m[39m
[90m [2m❯[22m src/config/env.ts:[2m13:16[22m[39m

[31m[2m⎯⎯⎯⎯⎯⎯⎯⎯⎯⎯⎯⎯⎯⎯⎯⎯⎯⎯⎯⎯⎯[66/151]⎯[22m[39m

[41m[1m FAIL [22m[49m src/hooks/domain/members/queries/__tests__/useMemberAvatarQuery.test.ts[2m [ src/hooks/domain/members/queries/__tests__/useMemberAvatarQuery.test.ts ][22m
[31m[1mError[22m: [vitest] There was an error when mocking a module. If you are using "vi.mock" factory, make sure there are no top level variables inside, since this call is hoisted to top of the file. Read more: https://vitest.dev/api/vi.html#vi-mock[39m
[36m [2m❯[22m src/hooks/domain/members/queries/useMemberAvatarQuery.ts:[2m3:1[22m[39m
    [90m  1|[39m [35mimport[39m { useQuery } [35mfrom[39m [32m'@tanstack/react-query'[39m[33m;[39m
    [90m  2|[39m
    [90m  3|[39m [35mimport[39m { supabase } [35mfrom[39m [32m'@/lib/infrastructure'[39m[33m;[39m
    [90m   |[39m [31m^[39m
    [90m  4|[39m
    [90m  5|[39m [35mconst[39m [33mBUCKET[39m [33m=[39m [32m'member_avatars'[39m[33m;[39m

[31m[1mCaused by: Caused by: Error[22m: Missing environment variable: one of VITE_SUPABASE_URL, NEXT_PUBLIC_SUPABASE_URL[39m
[36m [2m❯[22m requiredAny src/config/env.ts:[2m9:9[22m[39m
[90m [2m❯[22m src/config/env.ts:[2m13:16[22m[39m

[31m[2m⎯⎯⎯⎯⎯⎯⎯⎯⎯⎯⎯⎯⎯⎯⎯⎯⎯⎯⎯⎯⎯[67/151]⎯[22m[39m

[41m[1m FAIL [22m[49m src/hooks/domain/members/queries/__tests__/useMemberEventHistoryQuery.test.ts[2m [ src/hooks/domain/members/queries/__tests__/useMemberEventHistoryQuery.test.ts ][22m
[31m[1mError[22m: [vitest] There was an error when mocking a module. If you are using "vi.mock" factory, make sure there are no top level variables inside, since this call is hoisted to top of the file. Read more: https://vitest.dev/api/vi.html#vi-mock[39m
[36m [2m❯[22m src/hooks/domain/members/queries/useMemberEventHistoryQuery.ts:[2m5:1[22m[39m
    [90m  3|[39m
    [90m  4|[39m [35mimport[39m type { [33mMemberEventHistoryItem[39m } [35mfrom[39m [32m'@/lib/domain/members'[39m[33m;[39m
    [90m  5|[39m [35mimport[39m { supabase } [35mfrom[39m [32m'@/lib/infrastructure'[39m[33m;[39m
    [90m   |[39m [31m^[39m
    [90m  6|[39m
    [90m  7|[39m [35mexport[39m [35mconst[39m [33mMEMBER_EVENT_HISTORY_QUERY_KEY[39m [33m=[39m (userId[33m:[39m string) [33m=>[39m

[31m[1mCaused by: Caused by: Error[22m: Missing environment variable: one of VITE_SUPABASE_URL, NEXT_PUBLIC_SUPABASE_URL[39m
[36m [2m❯[22m requiredAny src/config/env.ts:[2m9:9[22m[39m
[90m [2m❯[22m src/config/env.ts:[2m13:16[22m[39m

[31m[2m⎯⎯⎯⎯⎯⎯⎯⎯⎯⎯⎯⎯⎯⎯⎯⎯⎯⎯⎯⎯⎯[68/151]⎯[22m[39m

[41m[1m FAIL [22m[49m src/hooks/domain/members/queries/__tests__/useMemberLookupQuery.test.ts[2m [ src/hooks/domain/members/queries/__tests__/useMemberLookupQuery.test.ts ][22m
[31m[1mError[22m: [vitest] There was an error when mocking a module. If you are using "vi.mock" factory, make sure there are no top level variables inside, since this call is hoisted to top of the file. Read more: https://vitest.dev/api/vi.html#vi-mock[39m
[36m [2m❯[22m src/hooks/domain/members/queries/useMemberLookupQuery.ts:[2m9:1[22m[39m
    [90m  7|[39m   [33mMemberLookupResult[39m[33m,[39m
    [90m  8|[39m } [35mfrom[39m [32m'@/lib/domain/members'[39m[33m;[39m
    [90m  9|[39m import { createEdgeFunctionCaller, logger } from '@/lib/infrastructure…
    [90m   |[39m [31m^[39m
    [90m 10|[39m
    [90m 11|[39m [35mexport[39m type {

[31m[1mCaused by: Caused by: Error[22m: Missing environment variable: one of VITE_SUPABASE_URL, NEXT_PUBLIC_SUPABASE_URL[39m
[36m [2m❯[22m requiredAny src/config/env.ts:[2m9:9[22m[39m
[90m [2m❯[22m src/config/env.ts:[2m13:16[22m[39m

[31m[2m⎯⎯⎯⎯⎯⎯⎯⎯⎯⎯⎯⎯⎯⎯⎯⎯⎯⎯⎯⎯⎯[69/151]⎯[22m[39m

[41m[1m FAIL [22m[49m src/hooks/domain/public-registrations/mutations/__tests__/useCancelPublicRegistrationMutation.test.ts[2m [ src/hooks/domain/public-registrations/mutations/__tests__/useCancelPublicRegistrationMutation.test.ts ][22m
[31m[1mError[22m: [vitest] There was an error when mocking a module. If you are using "vi.mock" factory, make sure there are no top level variables inside, since this call is hoisted to top of the file. Read more: https://vitest.dev/api/vi.html#vi-mock[39m
[36m [2m❯[22m src/hooks/domain/public-registrations/mutations/useCancelPublicRegistrationMutation.ts:[2m3:1[22m[39m
    [90m  1|[39m [35mimport[39m { useMutation[33m,[39m useQueryClient } [35mfrom[39m [32m'@tanstack/react-query'[39m[33m;[39m
    [90m  2|[39m
    [90m  3|[39m [35mimport[39m { createEdgeFunctionCaller } [35mfrom[39m [32m'@/lib/infrastructure'[39m[33m;[39m
    [90m   |[39m [31m^[39m
    [90m  4|[39m
    [90m  5|[39m [35minterface[39m [33mCancelPublicRegistrationRequest[39m {

[31m[1mCaused by: Caused by: Error[22m: Missing environment variable: one of VITE_SUPABASE_URL, NEXT_PUBLIC_SUPABASE_URL[39m
[36m [2m❯[22m requiredAny src/config/env.ts:[2m9:9[22m[39m
[90m [2m❯[22m src/config/env.ts:[2m13:16[22m[39m

[31m[2m⎯⎯⎯⎯⎯⎯⎯⎯⎯⎯⎯⎯⎯⎯⎯⎯⎯⎯⎯⎯⎯[70/151]⎯[22m[39m

[41m[1m FAIL [22m[49m src/hooks/domain/public-registrations/mutations/__tests__/useDownloadPublicRegistrationsTemplateMutation.test.ts[2m [ src/hooks/domain/public-registrations/mutations/__tests__/useDownloadPublicRegistrationsTemplateMutation.test.ts ][22m
[31m[1mError[22m: [vitest] There was an error when mocking a module. If you are using "vi.mock" factory, make sure there are no top level variables inside, since this call is hoisted to top of the file. Read more: https://vitest.dev/api/vi.html#vi-mock[39m
[36m [2m❯[22m src/hooks/domain/public-registrations/mutations/useDownloadPublicRegistrationsTemplateMutation.ts:[2m3:1[22m[39m
    [90m  1|[39m [35mimport[39m { useMutation } [35mfrom[39m [32m'@tanstack/react-query'[39m[33m;[39m
    [90m  2|[39m
    [90m  3|[39m [35mimport[39m { createEdgeFunctionTextCaller } [35mfrom[39m [32m'@/lib/infrastructure'[39m[33m;[39m
    [90m   |[39m [31m^[39m
    [90m  4|[39m
    [90m  5|[39m type [33mDownloadPublicRegistrationsTemplateRequest[39m [33m=[39m {

[31m[1mCaused by: Caused by: Error[22m: Missing environment variable: one of VITE_SUPABASE_URL, NEXT_PUBLIC_SUPABASE_URL[39m
[36m [2m❯[22m requiredAny src/config/env.ts:[2m9:9[22m[39m
[90m [2m❯[22m src/config/env.ts:[2m13:16[22m[39m

[31m[2m⎯⎯⎯⎯⎯⎯⎯⎯⎯⎯⎯⎯⎯⎯⎯⎯⎯⎯⎯⎯⎯[71/151]⎯[22m[39m

[41m[1m FAIL [22m[49m src/hooks/domain/public-registrations/mutations/__tests__/useReactivatePublicRegistrationMutation.test.ts[2m [ src/hooks/domain/public-registrations/mutations/__tests__/useReactivatePublicRegistrationMutation.test.ts ][22m
[31m[1mError[22m: [vitest] There was an error when mocking a module. If you are using "vi.mock" factory, make sure there are no top level variables inside, since this call is hoisted to top of the file. Read more: https://vitest.dev/api/vi.html#vi-mock[39m
[36m [2m❯[22m src/hooks/domain/public-registrations/mutations/useReactivatePublicRegistrationMutation.ts:[2m3:1[22m[39m
    [90m  1|[39m [35mimport[39m { useMutation[33m,[39m useQueryClient } [35mfrom[39m [32m'@tanstack/react-query'[39m[33m;[39m
    [90m  2|[39m
    [90m  3|[39m [35mimport[39m { createEdgeFunctionCaller } [35mfrom[39m [32m'@/lib/infrastructure'[39m[33m;[39m
    [90m   |[39m [31m^[39m
    [90m  4|[39m
    [90m  5|[39m [35minterface[39m [33mReactivatePublicRegistrationRequest[39m {

[31m[1mCaused by: Caused by: Error[22m: Missing environment variable: one of VITE_SUPABASE_URL, NEXT_PUBLIC_SUPABASE_URL[39m
[36m [2m❯[22m requiredAny src/config/env.ts:[2m9:9[22m[39m
[90m [2m❯[22m src/config/env.ts:[2m13:16[22m[39m

[31m[2m⎯⎯⎯⎯⎯⎯⎯⎯⎯⎯⎯⎯⎯⎯⎯⎯⎯⎯⎯⎯⎯[72/151]⎯[22m[39m

[41m[1m FAIL [22m[49m src/hooks/domain/members/state/__tests__/useMemberLookupState.test.tsx[2m [ src/hooks/domain/members/state/__tests__/useMemberLookupState.test.tsx ][22m
[31m[1mError[22m: [vitest] There was an error when mocking a module. If you are using "vi.mock" factory, make sure there are no top level variables inside, since this call is hoisted to top of the file. Read more: https://vitest.dev/api/vi.html#vi-mock[39m
[36m [2m❯[22m src/hooks/domain/members/state/useMemberLookupState.ts:[2m8:1[22m[39m
    [90m  6|[39m
    [90m  7|[39m [35mimport[39m type { [33mMemberLookupProfile[39m } [35mfrom[39m [32m'@/lib/domain/members'[39m[33m;[39m
    [90m  8|[39m [35mimport[39m { logger } [35mfrom[39m [32m'@/lib/infrastructure'[39m[33m;[39m
    [90m   |[39m [31m^[39m
    [90m  9|[39m
    [90m 10|[39m [35mimport[39m { useMemberLookupQuery } [35mfrom[39m [32m'../queries/useMemberLookupQuery'[39m[33m;[39m

[31m[1mCaused by: Caused by: Error[22m: Missing environment variable: one of VITE_SUPABASE_URL, NEXT_PUBLIC_SUPABASE_URL[39m
[36m [2m❯[22m requiredAny src/config/env.ts:[2m9:9[22m[39m
[90m [2m❯[22m src/config/env.ts:[2m13:16[22m[39m

[31m[2m⎯⎯⎯⎯⎯⎯⎯⎯⎯⎯⎯⎯⎯⎯⎯⎯⎯⎯⎯⎯⎯[73/151]⎯[22m[39m

[41m[1m FAIL [22m[49m src/hooks/domain/public-registrations/queries/__tests__/useAdminPublicRegistrationsQuery.test.ts[2m [ src/hooks/domain/public-registrations/queries/__tests__/useAdminPublicRegistrationsQuery.test.ts ][22m
[31m[1mError[22m: [vitest] There was an error when mocking a module. If you are using "vi.mock" factory, make sure there are no top level variables inside, since this call is hoisted to top of the file. Read more: https://vitest.dev/api/vi.html#vi-mock[39m
[36m [2m❯[22m src/hooks/domain/public-registrations/queries/useAdminPublicRegistrationsQuery.ts:[2m5:1[22m[39m
    [90m  3|[39m import { PAGINATION_DEFAULTS, QUERY_STALE_TIME_MS } from '@/config/con…
    [90m  4|[39m import type { PublicRegistrationSummary } from '@/lib/domain/public-re…
    [90m  5|[39m import { decodeOffsetCursor, getTotalPages, supabase } from '@/lib/inf…
    [90m   |[39m [31m^[39m
    [90m  6|[39m
    [90m  7|[39m [35mfunction[39m [34mescapeOrFilterValue[39m(value[33m:[39m string)[33m:[39m string {

[31m[1mCaused by: Caused by: Error[22m: Missing environment variable: one of VITE_SUPABASE_URL, NEXT_PUBLIC_SUPABASE_URL[39m
[36m [2m❯[22m requiredAny src/config/env.ts:[2m9:9[22m[39m
[90m [2m❯[22m src/config/env.ts:[2m13:16[22m[39m

[31m[2m⎯⎯⎯⎯⎯⎯⎯⎯⎯⎯⎯⎯⎯⎯⎯⎯⎯⎯⎯⎯⎯[74/151]⎯[22m[39m

[41m[1m FAIL [22m[49m src/hooks/domain/public-registrations/queries/__tests__/usePublicAttendeeCheckQuery.test.ts[2m [ src/hooks/domain/public-registrations/queries/__tests__/usePublicAttendeeCheckQuery.test.ts ][22m
[31m[1mError[22m: [vitest] There was an error when mocking a module. If you are using "vi.mock" factory, make sure there are no top level variables inside, since this call is hoisted to top of the file. Read more: https://vitest.dev/api/vi.html#vi-mock[39m
[36m [2m❯[22m src/hooks/domain/public-registrations/queries/usePublicAttendeeCheckQuery.ts:[2m4:1[22m[39m
    [90m  2|[39m
    [90m  3|[39m import type { PublicRegistrationCheckResult } from '@/lib/domain/publi…
    [90m  4|[39m [35mimport[39m { createEdgeFunctionCaller } [35mfrom[39m [32m'@/lib/infrastructure'[39m[33m;[39m
    [90m   |[39m [31m^[39m
    [90m  5|[39m
    [90m  6|[39m [35minterface[39m [33mPublicAttendeeCheckRequest[39m {

[31m[1mCaused by: Caused by: Error[22m: Missing environment variable: one of VITE_SUPABASE_URL, NEXT_PUBLIC_SUPABASE_URL[39m
[36m [2m❯[22m requiredAny src/config/env.ts:[2m9:9[22m[39m
[90m [2m❯[22m src/config/env.ts:[2m13:16[22m[39m

[31m[2m⎯⎯⎯⎯⎯⎯⎯⎯⎯⎯⎯⎯⎯⎯⎯⎯⎯⎯⎯⎯⎯[75/151]⎯[22m[39m

[41m[1m FAIL [22m[49m src/hooks/domain/public-registrations/queries/__tests__/usePublicRegistrationDetailQuery.test.ts[2m [ src/hooks/domain/public-registrations/queries/__tests__/usePublicRegistrationDetailQuery.test.ts ][22m
[31m[1mError[22m: [vitest] There was an error when mocking a module. If you are using "vi.mock" factory, make sure there are no top level variables inside, since this call is hoisted to top of the file. Read more: https://vitest.dev/api/vi.html#vi-mock[39m
[36m [2m❯[22m src/hooks/domain/public-registrations/queries/usePublicRegistrationDetailQuery.ts:[2m4:1[22m[39m
    [90m  2|[39m
    [90m  3|[39m [35mimport[39m type { [33mEventFieldType[39m } [35mfrom[39m [32m'@/lib/domain/event-fields'[39m[33m;[39m
    [90m  4|[39m [35mimport[39m { supabase } [35mfrom[39m [32m'@/lib/infrastructure'[39m[33m;[39m
    [90m   |[39m [31m^[39m
    [90m  5|[39m
    [90m  6|[39m [35mexport[39m type [33mPublicRegistrationFieldResponse[39m [33m=[39m {

[31m[1mCaused by: Caused by: Error[22m: Missing environment variable: one of VITE_SUPABASE_URL, NEXT_PUBLIC_SUPABASE_URL[39m
[36m [2m❯[22m requiredAny src/config/env.ts:[2m9:9[22m[39m
[90m [2m❯[22m src/config/env.ts:[2m13:16[22m[39m

[31m[2m⎯⎯⎯⎯⎯⎯⎯⎯⎯⎯⎯⎯⎯⎯⎯⎯⎯⎯⎯⎯⎯[76/151]⎯[22m[39m

[41m[1m FAIL [22m[49m src/hooks/domain/public-registrations/queries/__tests__/useSubmitPublicRegistrationMutation.test.ts[2m [ src/hooks/domain/public-registrations/queries/__tests__/useSubmitPublicRegistrationMutation.test.ts ][22m
[31m[1mError[22m: [vitest] There was an error when mocking a module. If you are using "vi.mock" factory, make sure there are no top level variables inside, since this call is hoisted to top of the file. Read more: https://vitest.dev/api/vi.html#vi-mock[39m
[36m [2m❯[22m src/hooks/domain/public-registrations/queries/useSubmitPublicRegistrationMutation.ts:[2m8:1[22m[39m
    [90m  6|[39m   [33mSubmitPublicRegistrationResult[39m[33m,[39m
    [90m  7|[39m } [35mfrom[39m [32m'@/lib/domain/public-registrations'[39m[33m;[39m
    [90m  8|[39m [35mimport[39m { createEdgeFunctionCaller } [35mfrom[39m [32m'@/lib/infrastructure'[39m[33m;[39m
    [90m   |[39m [31m^[39m
    [90m  9|[39m
    [90m 10|[39m [90m/**

[31m[1mCaused by: Caused by: Error[22m: Missing environment variable: one of VITE_SUPABASE_URL, NEXT_PUBLIC_SUPABASE_URL[39m
[36m [2m❯[22m requiredAny src/config/env.ts:[2m9:9[22m[39m
[90m [2m❯[22m src/config/env.ts:[2m13:16[22m[39m

[31m[2m⎯⎯⎯⎯⎯⎯⎯⎯⎯⎯⎯⎯⎯⎯⎯⎯⎯⎯⎯⎯⎯[77/151]⎯[22m[39m

[41m[1m FAIL [22m[49m src/hooks/domain/registrations/mutations/__tests__/useDownloadRegistrationsTemplateMutation.test.ts[2m [ src/hooks/domain/registrations/mutations/__tests__/useDownloadRegistrationsTemplateMutation.test.ts ][22m
[31m[1mError[22m: [vitest] There was an error when mocking a module. If you are using "vi.mock" factory, make sure there are no top level variables inside, since this call is hoisted to top of the file. Read more: https://vitest.dev/api/vi.html#vi-mock[39m
[36m [2m❯[22m src/hooks/domain/registrations/mutations/useDownloadRegistrationsTemplateMutation.ts:[2m3:1[22m[39m
    [90m  1|[39m [35mimport[39m { useMutation } [35mfrom[39m [32m'@tanstack/react-query'[39m[33m;[39m
    [90m  2|[39m
    [90m  3|[39m [35mimport[39m { createEdgeFunctionTextCaller } [35mfrom[39m [32m'@/lib/infrastructure'[39m[33m;[39m
    [90m   |[39m [31m^[39m
    [90m  4|[39m
    [90m  5|[39m type [33mDownloadRegistrationsTemplateRequest[39m [33m=[39m {

[31m[1mCaused by: Caused by: Error[22m: Missing environment variable: one of VITE_SUPABASE_URL, NEXT_PUBLIC_SUPABASE_URL[39m
[36m [2m❯[22m requiredAny src/config/env.ts:[2m9:9[22m[39m
[90m [2m❯[22m src/config/env.ts:[2m13:16[22m[39m

[31m[2m⎯⎯⎯⎯⎯⎯⎯⎯⎯⎯⎯⎯⎯⎯⎯⎯⎯⎯⎯⎯⎯[78/151]⎯[22m[39m

[41m[1m FAIL [22m[49m src/hooks/domain/registrations/mutations/__tests__/useExportRegistrationsCSVMutation.test.ts[2m [ src/hooks/domain/registrations/mutations/__tests__/useExportRegistrationsCSVMutation.test.ts ][22m
[31m[1mError[22m: [vitest] There was an error when mocking a module. If you are using "vi.mock" factory, make sure there are no top level variables inside, since this call is hoisted to top of the file. Read more: https://vitest.dev/api/vi.html#vi-mock[39m
[36m [2m❯[22m src/hooks/domain/registrations/mutations/useExportRegistrationsCSVMutation.ts:[2m3:1[22m[39m
    [90m  1|[39m [35mimport[39m { useMutation } [35mfrom[39m [32m'@tanstack/react-query'[39m[33m;[39m
    [90m  2|[39m
    [90m  3|[39m [35mimport[39m { createEdgeFunctionTextCaller } [35mfrom[39m [32m'@/lib/infrastructure'[39m[33m;[39m
    [90m   |[39m [31m^[39m
    [90m  4|[39m
    [90m  5|[39m [35minterface[39m [33mExportRegistrationsCSVRequest[39m {

[31m[1mCaused by: Caused by: Error[22m: Missing environment variable: one of VITE_SUPABASE_URL, NEXT_PUBLIC_SUPABASE_URL[39m
[36m [2m❯[22m requiredAny src/config/env.ts:[2m9:9[22m[39m
[90m [2m❯[22m src/config/env.ts:[2m13:16[22m[39m

[31m[2m⎯⎯⎯⎯⎯⎯⎯⎯⎯⎯⎯⎯⎯⎯⎯⎯⎯⎯⎯⎯⎯[79/151]⎯[22m[39m

[41m[1m FAIL [22m[49m src/hooks/domain/registrations/queries/__tests__/useAdminRegistrationsQuery.test.ts[2m [ src/hooks/domain/registrations/queries/__tests__/useAdminRegistrationsQuery.test.ts ][22m
[31m[1mError[22m: [vitest] There was an error when mocking a module. If you are using "vi.mock" factory, make sure there are no top level variables inside, since this call is hoisted to top of the file. Read more: https://vitest.dev/api/vi.html#vi-mock[39m
[36m [2m❯[22m src/hooks/domain/registrations/queries/useAdminRegistrationsQuery.ts:[2m5:1[22m[39m
    [90m  3|[39m import { PAGINATION_DEFAULTS, QUERY_STALE_TIME_MS } from '@/config/con…
    [90m  4|[39m import type { AdminRegistrationWithMember, RegistrationStatus } from '…
    [90m  5|[39m import { decodeOffsetCursor, getTotalPages, supabase } from '@/lib/inf…
    [90m   |[39m [31m^[39m
    [90m  6|[39m
    [90m  7|[39m [35mfunction[39m [34mescapeOrFilterValue[39m(value[33m:[39m string)[33m:[39m string {

[31m[1mCaused by: Caused by: Error[22m: Missing environment variable: one of VITE_SUPABASE_URL, NEXT_PUBLIC_SUPABASE_URL[39m
[36m [2m❯[22m requiredAny src/config/env.ts:[2m9:9[22m[39m
[90m [2m❯[22m src/config/env.ts:[2m13:16[22m[39m

[31m[2m⎯⎯⎯⎯⎯⎯⎯⎯⎯⎯⎯⎯⎯⎯⎯⎯⎯⎯⎯⎯⎯[80/151]⎯[22m[39m

[41m[1m FAIL [22m[49m src/hooks/domain/registrations/queries/__tests__/useRegistrationDetailQuery.test.ts[2m [ src/hooks/domain/registrations/queries/__tests__/useRegistrationDetailQuery.test.ts ][22m
[31m[1mError[22m: [vitest] There was an error when mocking a module. If you are using "vi.mock" factory, make sure there are no top level variables inside, since this call is hoisted to top of the file. Read more: https://vitest.dev/api/vi.html#vi-mock[39m
[36m [2m❯[22m src/hooks/domain/registrations/queries/useRegistrationDetailQuery.ts:[2m8:1[22m[39m
    [90m  6|[39m   [33mRegistrationFieldResponse[39m[33m,[39m
    [90m  7|[39m } [35mfrom[39m [32m'@/lib/domain/registrations'[39m[33m;[39m
    [90m  8|[39m [35mimport[39m { supabase } [35mfrom[39m [32m'@/lib/infrastructure'[39m[33m;[39m
    [90m   |[39m [31m^[39m
    [90m  9|[39m
    [90m 10|[39m [35mfunction[39m [34mreadMetadataString[39m(value[33m:[39m unknown)[33m:[39m string {

[31m[1mCaused by: Caused by: Error[22m: Missing environment variable: one of VITE_SUPABASE_URL, NEXT_PUBLIC_SUPABASE_URL[39m
[36m [2m❯[22m requiredAny src/config/env.ts:[2m9:9[22m[39m
[90m [2m❯[22m src/config/env.ts:[2m13:16[22m[39m

[31m[2m⎯⎯⎯⎯⎯⎯⎯⎯⎯⎯⎯⎯⎯⎯⎯⎯⎯⎯⎯⎯⎯[81/151]⎯[22m[39m

[41m[1m FAIL [22m[49m src/hooks/domain/registrations/queries/__tests__/useRegistrationNamesQuery.test.ts[2m [ src/hooks/domain/registrations/queries/__tests__/useRegistrationNamesQuery.test.ts ][22m
[31m[1mError[22m: [vitest] There was an error when mocking a module. If you are using "vi.mock" factory, make sure there are no top level variables inside, since this call is hoisted to top of the file. Read more: https://vitest.dev/api/vi.html#vi-mock[39m
[36m [2m❯[22m src/hooks/domain/registrations/queries/useRegistrationNamesQuery.ts:[2m4:1[22m[39m
    [90m  2|[39m
    [90m  3|[39m import { exportRegistrationNamesResponseSchema } from '@/lib/domain/re…
    [90m  4|[39m [35mimport[39m { createEdgeFunctionCaller } [35mfrom[39m [32m'@/lib/infrastructure'[39m[33m;[39m
    [90m   |[39m [31m^[39m
    [90m  5|[39m
    [90m  6|[39m [35minterface[39m [33mRegistrationNamesRequest[39m {

[31m[1mCaused by: Caused by: Error[22m: Missing environment variable: one of VITE_SUPABASE_URL, NEXT_PUBLIC_SUPABASE_URL[39m
[36m [2m❯[22m requiredAny src/config/env.ts:[2m9:9[22m[39m
[90m [2m❯[22m src/config/env.ts:[2m13:16[22m[39m

[31m[2m⎯⎯⎯⎯⎯⎯⎯⎯⎯⎯⎯⎯⎯⎯⎯⎯⎯⎯⎯⎯⎯[82/151]⎯[22m[39m

[41m[1m FAIL [22m[49m src/pages/admin/events/[id]/registrations/components/__tests__/ViewNamesButton.test.tsx[2m [ src/pages/admin/events/[id]/registrations/components/__tests__/ViewNamesButton.test.tsx ][22m
[31m[1mError[22m: [vitest] There was an error when mocking a module. If you are using "vi.mock" factory, make sure there are no top level variables inside, since this call is hoisted to top of the file. Read more: https://vitest.dev/api/vi.html#vi-mock[39m
[36m [2m❯[22m src/pages/admin/events/[id]/registrations/components/ViewNamesButton.tsx:[2m6:1[22m[39m
    [90m  4|[39m [35mimport[39m { [33mConfirmDialog[39m } [35mfrom[39m [32m'@/components/ui/ConfirmDialog'[39m[33m;[39m
    [90m  5|[39m [35mimport[39m { [33mTOAST_MESSAGES[39m[33m,[39m toRouteWithQuery } [35mfrom[39m [32m'@/config/constants'[39m[33m;[39m
    [90m  6|[39m import { useRegistrationNamesQuery } from '@/hooks/domain/registration…
    [90m   |[39m [31m^[39m
    [90m  7|[39m [35mimport[39m { useErrorWithFadeout } [35mfrom[39m [32m'@/hooks/utils'[39m[33m;[39m
    [90m  8|[39m import { type RegistrationShareField } from '@/lib/domain/registration…

[31m[1mCaused by: Caused by: Error[22m: Missing environment variable: one of VITE_SUPABASE_URL, NEXT_PUBLIC_SUPABASE_URL[39m
[36m [2m❯[22m requiredAny src/config/env.ts:[2m9:9[22m[39m
[90m [2m❯[22m src/config/env.ts:[2m13:16[22m[39m

[31m[2m⎯⎯⎯⎯⎯⎯⎯⎯⎯⎯⎯⎯⎯⎯⎯⎯⎯⎯⎯⎯⎯[83/151]⎯[22m[39m

[41m[1m FAIL [22m[49m src/pages/admin/events/[id]/registrations/names/__tests__/AdminRegistrationNamesPage.test.tsx[2m [ src/pages/admin/events/[id]/registrations/names/__tests__/AdminRegistrationNamesPage.test.tsx ][22m
[31m[1mError[22m: [vitest] There was an error when mocking a module. If you are using "vi.mock" factory, make sure there are no top level variables inside, since this call is hoisted to top of the file. Read more: https://vitest.dev/api/vi.html#vi-mock[39m
[36m [2m❯[22m src/pages/admin/events/[id]/registrations/names/index.tsx:[2m4:1[22m[39m
    [90m  2|[39m
    [90m  3|[39m [35mimport[39m { [33mROUTE_PATHS[39m[33m,[39m toRoute } [35mfrom[39m [32m'@/config/constants'[39m[33m;[39m
    [90m  4|[39m import { useRegistrationNamesQuery } from '@/hooks/domain/registration…
    [90m   |[39m [31m^[39m
    [90m  5|[39m [35mimport[39m {
    [90m  6|[39m   [33mREGISTRATION_SHARE_FIELDS[39m[33m,[39m

[31m[1mCaused by: Caused by: Error[22m: Missing environment variable: one of VITE_SUPABASE_URL, NEXT_PUBLIC_SUPABASE_URL[39m
[36m [2m❯[22m requiredAny src/config/env.ts:[2m9:9[22m[39m
[90m [2m❯[22m src/config/env.ts:[2m13:16[22m[39m

[31m[2m⎯⎯⎯⎯⎯⎯⎯⎯⎯⎯⎯⎯⎯⎯⎯⎯⎯⎯⎯⎯⎯[84/151]⎯[22m[39m

[41m[1m FAIL [22m[49m src/pages/admin/events/[id]/attendance/check-in/components/__tests__/AttendeeConfirmStep.test.tsx[2m [ src/pages/admin/events/[id]/attendance/check-in/components/__tests__/AttendeeConfirmStep.test.tsx ][22m
[31m[1mError[22m: [vitest] There was an error when mocking a module. If you are using "vi.mock" factory, make sure there are no top level variables inside, since this call is hoisted to top of the file. Read more: https://vitest.dev/api/vi.html#vi-mock[39m
[36m [2m❯[22m src/components/ui/FormSelectField.tsx:[2m7:1[22m[39m
    [90m  5|[39m [35mimport[39m type { [33mUseFormRegisterReturn[39m } [35mfrom[39m [32m'react-hook-form'[39m[33m;[39m
    [90m  6|[39m
    [90m  7|[39m [35mimport[39m { useDropdownPlacement } [35mfrom[39m [32m'@/hooks/utils'[39m[33m;[39m
    [90m   |[39m [31m^[39m
    [90m  8|[39m
    [90m  9|[39m [35mexport[39m type [33mSelectOption[39m [33m=[39m {

[31m[1mCaused by: Caused by: Error[22m: [vitest] There was an error when mocking a module. If you are using "vi.mock" factory, make sure there are no top level variables inside, since this call is hoisted to top of the file. Read more: https://vitest.dev/api/vi.html#vi-mock[39m
[36m [2m❯[22m src/hooks/utils/useEdgeFunctionStream.ts:[2m4:1[22m[39m

[31m[1mCaused by: Caused by: Error[22m: Missing environment variable: one of VITE_SUPABASE_URL, NEXT_PUBLIC_SUPABASE_URL[39m
[36m [2m❯[22m requiredAny src/config/env.ts:[2m9:9[22m[39m
[90m [2m❯[22m src/config/env.ts:[2m13:16[22m[39m

[31m[2m⎯⎯⎯⎯⎯⎯⎯⎯⎯⎯⎯⎯⎯⎯⎯⎯⎯⎯⎯⎯⎯[85/151]⎯[22m[39m


[2m Test Files [22m [1m[31m151 failed[39m[22m[2m | [22m[1m[32m103 passed[39m[22m[90m (254)[39m
[2m      Tests [22m [1m[32m800 passed[39m[22m[90m (800)[39m
[2m   Start at [22m 09:35:15
[2m   Duration [22m 111.80s[2m (transform 9.41s, setup 36.54s, import 21.76s, tests 8.55s, environment 113.47s)[22m
